###############################################################################
#
# IAR ELF Linker V9.32.2.340/W64 for ARM                  18/Jul/2024  11:55:44
# Copyright 2007-2023 IAR Systems AB.
#
#    Output file  =
#        D:\MicroController\Ethernet\TCPClientCUBEIDE\EWARM\TCPClientCUBEIDE\Exe\TCPClientCUBEIDE.out
#    Map file     =
#        D:\MicroController\Ethernet\TCPClientCUBEIDE\EWARM\TCPClientCUBEIDE\List\TCPClientCUBEIDE.map
#    Command line =
#        -f
#        D:\MicroController\Ethernet\TCPClientCUBEIDE\EWARM\TCPClientCUBEIDE\Exe\TCPClientCUBEIDE.out.rsp
#        (D:\MicroController\Ethernet\TCPClientCUBEIDE\EWARM\TCPClientCUBEIDE\Obj\Middlewares\LwIP\altcp.o
#        D:\MicroController\Ethernet\TCPClientCUBEIDE\EWARM\TCPClientCUBEIDE\Obj\Middlewares\LwIP\altcp_alloc.o
#        D:\MicroController\Ethernet\TCPClientCUBEIDE\EWARM\TCPClientCUBEIDE\Obj\Middlewares\LwIP\altcp_tcp.o
#        D:\MicroController\Ethernet\TCPClientCUBEIDE\EWARM\TCPClientCUBEIDE\Obj\Middlewares\LwIP\api_lib.o
#        D:\MicroController\Ethernet\TCPClientCUBEIDE\EWARM\TCPClientCUBEIDE\Obj\Middlewares\LwIP\api_msg.o
#        D:\MicroController\Ethernet\TCPClientCUBEIDE\EWARM\TCPClientCUBEIDE\Obj\Middlewares\LwIP\auth.o
#        D:\MicroController\Ethernet\TCPClientCUBEIDE\EWARM\TCPClientCUBEIDE\Obj\Middlewares\LwIP\autoip.o
#        D:\MicroController\Ethernet\TCPClientCUBEIDE\EWARM\TCPClientCUBEIDE\Obj\Middlewares\LwIP\bridgeif.o
#        D:\MicroController\Ethernet\TCPClientCUBEIDE\EWARM\TCPClientCUBEIDE\Obj\Middlewares\LwIP\bridgeif_fdb.o
#        D:\MicroController\Ethernet\TCPClientCUBEIDE\EWARM\TCPClientCUBEIDE\Obj\Middlewares\LwIP\ccp.o
#        D:\MicroController\Ethernet\TCPClientCUBEIDE\EWARM\TCPClientCUBEIDE\Obj\Middlewares\LwIP\chap-md5.o
#        D:\MicroController\Ethernet\TCPClientCUBEIDE\EWARM\TCPClientCUBEIDE\Obj\Middlewares\LwIP\chap-new.o
#        D:\MicroController\Ethernet\TCPClientCUBEIDE\EWARM\TCPClientCUBEIDE\Obj\Middlewares\LwIP\chap_ms.o
#        D:\MicroController\Ethernet\TCPClientCUBEIDE\EWARM\TCPClientCUBEIDE\Obj\Middlewares\LwIP\def.o
#        D:\MicroController\Ethernet\TCPClientCUBEIDE\EWARM\TCPClientCUBEIDE\Obj\Middlewares\LwIP\demand.o
#        D:\MicroController\Ethernet\TCPClientCUBEIDE\EWARM\TCPClientCUBEIDE\Obj\Middlewares\LwIP\dhcp.o
#        D:\MicroController\Ethernet\TCPClientCUBEIDE\EWARM\TCPClientCUBEIDE\Obj\Middlewares\LwIP\dhcp6.o
#        D:\MicroController\Ethernet\TCPClientCUBEIDE\EWARM\TCPClientCUBEIDE\Obj\Middlewares\LwIP\dns.o
#        D:\MicroController\Ethernet\TCPClientCUBEIDE\EWARM\TCPClientCUBEIDE\Obj\Drivers\BSP\Components\dp83848.o
#        D:\MicroController\Ethernet\TCPClientCUBEIDE\EWARM\TCPClientCUBEIDE\Obj\Middlewares\LwIP\eap.o
#        D:\MicroController\Ethernet\TCPClientCUBEIDE\EWARM\TCPClientCUBEIDE\Obj\Middlewares\LwIP\ecp.o
#        D:\MicroController\Ethernet\TCPClientCUBEIDE\EWARM\TCPClientCUBEIDE\Obj\Middlewares\LwIP\err.o
#        D:\MicroController\Ethernet\TCPClientCUBEIDE\EWARM\TCPClientCUBEIDE\Obj\Middlewares\LwIP\etharp.o
#        D:\MicroController\Ethernet\TCPClientCUBEIDE\EWARM\TCPClientCUBEIDE\Obj\Middlewares\LwIP\ethernet.o
#        D:\MicroController\Ethernet\TCPClientCUBEIDE\EWARM\TCPClientCUBEIDE\Obj\Application\User\LWIP\Target\ethernetif.o
#        D:\MicroController\Ethernet\TCPClientCUBEIDE\EWARM\TCPClientCUBEIDE\Obj\Middlewares\LwIP\ethip6.o
#        D:\MicroController\Ethernet\TCPClientCUBEIDE\EWARM\TCPClientCUBEIDE\Obj\Middlewares\LwIP\eui64.o
#        D:\MicroController\Ethernet\TCPClientCUBEIDE\EWARM\TCPClientCUBEIDE\Obj\Middlewares\LwIP\fsm.o
#        D:\MicroController\Ethernet\TCPClientCUBEIDE\EWARM\TCPClientCUBEIDE\Obj\Middlewares\LwIP\icmp.o
#        D:\MicroController\Ethernet\TCPClientCUBEIDE\EWARM\TCPClientCUBEIDE\Obj\Middlewares\LwIP\icmp6.o
#        D:\MicroController\Ethernet\TCPClientCUBEIDE\EWARM\TCPClientCUBEIDE\Obj\Middlewares\LwIP\if_api.o
#        D:\MicroController\Ethernet\TCPClientCUBEIDE\EWARM\TCPClientCUBEIDE\Obj\Middlewares\LwIP\igmp.o
#        D:\MicroController\Ethernet\TCPClientCUBEIDE\EWARM\TCPClientCUBEIDE\Obj\Middlewares\LwIP\inet6.o
#        D:\MicroController\Ethernet\TCPClientCUBEIDE\EWARM\TCPClientCUBEIDE\Obj\Middlewares\LwIP\inet_chksum.o
#        D:\MicroController\Ethernet\TCPClientCUBEIDE\EWARM\TCPClientCUBEIDE\Obj\Middlewares\LwIP\init.o
#        D:\MicroController\Ethernet\TCPClientCUBEIDE\EWARM\TCPClientCUBEIDE\Obj\Middlewares\LwIP\ip.o
#        D:\MicroController\Ethernet\TCPClientCUBEIDE\EWARM\TCPClientCUBEIDE\Obj\Middlewares\LwIP\ip4.o
#        D:\MicroController\Ethernet\TCPClientCUBEIDE\EWARM\TCPClientCUBEIDE\Obj\Middlewares\LwIP\ip4_addr.o
#        D:\MicroController\Ethernet\TCPClientCUBEIDE\EWARM\TCPClientCUBEIDE\Obj\Middlewares\LwIP\ip4_frag.o
#        D:\MicroController\Ethernet\TCPClientCUBEIDE\EWARM\TCPClientCUBEIDE\Obj\Middlewares\LwIP\ip6.o
#        D:\MicroController\Ethernet\TCPClientCUBEIDE\EWARM\TCPClientCUBEIDE\Obj\Middlewares\LwIP\ip6_addr.o
#        D:\MicroController\Ethernet\TCPClientCUBEIDE\EWARM\TCPClientCUBEIDE\Obj\Middlewares\LwIP\ip6_frag.o
#        D:\MicroController\Ethernet\TCPClientCUBEIDE\EWARM\TCPClientCUBEIDE\Obj\Middlewares\LwIP\ipcp.o
#        D:\MicroController\Ethernet\TCPClientCUBEIDE\EWARM\TCPClientCUBEIDE\Obj\Middlewares\LwIP\ipv6cp.o
#        D:\MicroController\Ethernet\TCPClientCUBEIDE\EWARM\TCPClientCUBEIDE\Obj\Middlewares\LwIP\lcp.o
#        D:\MicroController\Ethernet\TCPClientCUBEIDE\EWARM\TCPClientCUBEIDE\Obj\Middlewares\LwIP\lowpan6.o
#        D:\MicroController\Ethernet\TCPClientCUBEIDE\EWARM\TCPClientCUBEIDE\Obj\Middlewares\LwIP\lowpan6_ble.o
#        D:\MicroController\Ethernet\TCPClientCUBEIDE\EWARM\TCPClientCUBEIDE\Obj\Middlewares\LwIP\lowpan6_common.o
#        D:\MicroController\Ethernet\TCPClientCUBEIDE\EWARM\TCPClientCUBEIDE\Obj\Application\User\LWIP\App\lwip.o
#        D:\MicroController\Ethernet\TCPClientCUBEIDE\EWARM\TCPClientCUBEIDE\Obj\Middlewares\LwIP\magic.o
#        D:\MicroController\Ethernet\TCPClientCUBEIDE\EWARM\TCPClientCUBEIDE\Obj\Application\User\Core\main.o
#        D:\MicroController\Ethernet\TCPClientCUBEIDE\EWARM\TCPClientCUBEIDE\Obj\Middlewares\LwIP\mem.o
#        D:\MicroController\Ethernet\TCPClientCUBEIDE\EWARM\TCPClientCUBEIDE\Obj\Middlewares\LwIP\memp.o
#        D:\MicroController\Ethernet\TCPClientCUBEIDE\EWARM\TCPClientCUBEIDE\Obj\Middlewares\LwIP\mld6.o
#        D:\MicroController\Ethernet\TCPClientCUBEIDE\EWARM\TCPClientCUBEIDE\Obj\Middlewares\LwIP\mppe.o
#        D:\MicroController\Ethernet\TCPClientCUBEIDE\EWARM\TCPClientCUBEIDE\Obj\Middlewares\LwIP\mqtt.o
#        D:\MicroController\Ethernet\TCPClientCUBEIDE\EWARM\TCPClientCUBEIDE\Obj\Middlewares\LwIP\multilink.o
#        D:\MicroController\Ethernet\TCPClientCUBEIDE\EWARM\TCPClientCUBEIDE\Obj\Middlewares\LwIP\nd6.o
#        D:\MicroController\Ethernet\TCPClientCUBEIDE\EWARM\TCPClientCUBEIDE\Obj\Middlewares\LwIP\netbuf.o
#        D:\MicroController\Ethernet\TCPClientCUBEIDE\EWARM\TCPClientCUBEIDE\Obj\Middlewares\LwIP\netdb.o
#        D:\MicroController\Ethernet\TCPClientCUBEIDE\EWARM\TCPClientCUBEIDE\Obj\Middlewares\LwIP\netif.o
#        D:\MicroController\Ethernet\TCPClientCUBEIDE\EWARM\TCPClientCUBEIDE\Obj\Middlewares\LwIP\netifapi.o
#        D:\MicroController\Ethernet\TCPClientCUBEIDE\EWARM\TCPClientCUBEIDE\Obj\Middlewares\LwIP\pbuf.o
#        D:\MicroController\Ethernet\TCPClientCUBEIDE\EWARM\TCPClientCUBEIDE\Obj\Middlewares\LwIP\ppp.o
#        D:\MicroController\Ethernet\TCPClientCUBEIDE\EWARM\TCPClientCUBEIDE\Obj\Middlewares\LwIP\pppapi.o
#        D:\MicroController\Ethernet\TCPClientCUBEIDE\EWARM\TCPClientCUBEIDE\Obj\Middlewares\LwIP\pppcrypt.o
#        D:\MicroController\Ethernet\TCPClientCUBEIDE\EWARM\TCPClientCUBEIDE\Obj\Middlewares\LwIP\pppoe.o
#        D:\MicroController\Ethernet\TCPClientCUBEIDE\EWARM\TCPClientCUBEIDE\Obj\Middlewares\LwIP\pppol2tp.o
#        D:\MicroController\Ethernet\TCPClientCUBEIDE\EWARM\TCPClientCUBEIDE\Obj\Middlewares\LwIP\pppos.o
#        D:\MicroController\Ethernet\TCPClientCUBEIDE\EWARM\TCPClientCUBEIDE\Obj\Middlewares\LwIP\raw.o
#        D:\MicroController\Ethernet\TCPClientCUBEIDE\EWARM\TCPClientCUBEIDE\Obj\Middlewares\LwIP\slipif.o
#        D:\MicroController\Ethernet\TCPClientCUBEIDE\EWARM\TCPClientCUBEIDE\Obj\Middlewares\LwIP\sockets.o
#        D:\MicroController\Ethernet\TCPClientCUBEIDE\EWARM\TCPClientCUBEIDE\Obj\Application\EWARM\startup_stm32f407xx.o
#        D:\MicroController\Ethernet\TCPClientCUBEIDE\EWARM\TCPClientCUBEIDE\Obj\Middlewares\LwIP\stats.o
#        D:\MicroController\Ethernet\TCPClientCUBEIDE\EWARM\TCPClientCUBEIDE\Obj\Drivers\STM32F4xx_HAL_Driver\stm32f4xx_hal.o
#        D:\MicroController\Ethernet\TCPClientCUBEIDE\EWARM\TCPClientCUBEIDE\Obj\Drivers\STM32F4xx_HAL_Driver\stm32f4xx_hal_cortex.o
#        D:\MicroController\Ethernet\TCPClientCUBEIDE\EWARM\TCPClientCUBEIDE\Obj\Drivers\STM32F4xx_HAL_Driver\stm32f4xx_hal_dma.o
#        D:\MicroController\Ethernet\TCPClientCUBEIDE\EWARM\TCPClientCUBEIDE\Obj\Drivers\STM32F4xx_HAL_Driver\stm32f4xx_hal_dma_ex.o
#        D:\MicroController\Ethernet\TCPClientCUBEIDE\EWARM\TCPClientCUBEIDE\Obj\Drivers\STM32F4xx_HAL_Driver\stm32f4xx_hal_eth.o
#        D:\MicroController\Ethernet\TCPClientCUBEIDE\EWARM\TCPClientCUBEIDE\Obj\Drivers\STM32F4xx_HAL_Driver\stm32f4xx_hal_exti.o
#        D:\MicroController\Ethernet\TCPClientCUBEIDE\EWARM\TCPClientCUBEIDE\Obj\Drivers\STM32F4xx_HAL_Driver\stm32f4xx_hal_flash.o
#        D:\MicroController\Ethernet\TCPClientCUBEIDE\EWARM\TCPClientCUBEIDE\Obj\Drivers\STM32F4xx_HAL_Driver\stm32f4xx_hal_flash_ex.o
#        D:\MicroController\Ethernet\TCPClientCUBEIDE\EWARM\TCPClientCUBEIDE\Obj\Drivers\STM32F4xx_HAL_Driver\stm32f4xx_hal_flash_ramfunc.o
#        D:\MicroController\Ethernet\TCPClientCUBEIDE\EWARM\TCPClientCUBEIDE\Obj\Drivers\STM32F4xx_HAL_Driver\stm32f4xx_hal_gpio.o
#        D:\MicroController\Ethernet\TCPClientCUBEIDE\EWARM\TCPClientCUBEIDE\Obj\Application\User\Core\stm32f4xx_hal_msp.o
#        D:\MicroController\Ethernet\TCPClientCUBEIDE\EWARM\TCPClientCUBEIDE\Obj\Drivers\STM32F4xx_HAL_Driver\stm32f4xx_hal_pwr.o
#        D:\MicroController\Ethernet\TCPClientCUBEIDE\EWARM\TCPClientCUBEIDE\Obj\Drivers\STM32F4xx_HAL_Driver\stm32f4xx_hal_pwr_ex.o
#        D:\MicroController\Ethernet\TCPClientCUBEIDE\EWARM\TCPClientCUBEIDE\Obj\Drivers\STM32F4xx_HAL_Driver\stm32f4xx_hal_rcc.o
#        D:\MicroController\Ethernet\TCPClientCUBEIDE\EWARM\TCPClientCUBEIDE\Obj\Drivers\STM32F4xx_HAL_Driver\stm32f4xx_hal_rcc_ex.o
#        D:\MicroController\Ethernet\TCPClientCUBEIDE\EWARM\TCPClientCUBEIDE\Obj\Drivers\STM32F4xx_HAL_Driver\stm32f4xx_hal_tim.o
#        D:\MicroController\Ethernet\TCPClientCUBEIDE\EWARM\TCPClientCUBEIDE\Obj\Drivers\STM32F4xx_HAL_Driver\stm32f4xx_hal_tim_ex.o
#        D:\MicroController\Ethernet\TCPClientCUBEIDE\EWARM\TCPClientCUBEIDE\Obj\Application\User\Core\stm32f4xx_it.o
#        D:\MicroController\Ethernet\TCPClientCUBEIDE\EWARM\TCPClientCUBEIDE\Obj\Middlewares\LwIP\sys.o
#        D:\MicroController\Ethernet\TCPClientCUBEIDE\EWARM\TCPClientCUBEIDE\Obj\Drivers\CMSIS\system_stm32f4xx.o
#        D:\MicroController\Ethernet\TCPClientCUBEIDE\EWARM\TCPClientCUBEIDE\Obj\Middlewares\LwIP\tcp.o
#        D:\MicroController\Ethernet\TCPClientCUBEIDE\EWARM\TCPClientCUBEIDE\Obj\Middlewares\LwIP\tcp_in.o
#        D:\MicroController\Ethernet\TCPClientCUBEIDE\EWARM\TCPClientCUBEIDE\Obj\Middlewares\LwIP\tcp_out.o
#        D:\MicroController\Ethernet\TCPClientCUBEIDE\EWARM\TCPClientCUBEIDE\Obj\Application\User\Core\TCPClientMD.o
#        D:\MicroController\Ethernet\TCPClientCUBEIDE\EWARM\TCPClientCUBEIDE\Obj\Middlewares\LwIP\tcpip.o
#        D:\MicroController\Ethernet\TCPClientCUBEIDE\EWARM\TCPClientCUBEIDE\Obj\Middlewares\LwIP\timeouts.o
#        D:\MicroController\Ethernet\TCPClientCUBEIDE\EWARM\TCPClientCUBEIDE\Obj\Middlewares\LwIP\udp.o
#        D:\MicroController\Ethernet\TCPClientCUBEIDE\EWARM\TCPClientCUBEIDE\Obj\Middlewares\LwIP\upap.o
#        D:\MicroController\Ethernet\TCPClientCUBEIDE\EWARM\TCPClientCUBEIDE\Obj\Middlewares\LwIP\utils.o
#        D:\MicroController\Ethernet\TCPClientCUBEIDE\EWARM\TCPClientCUBEIDE\Obj\Middlewares\LwIP\vj.o
#        D:\MicroController\Ethernet\TCPClientCUBEIDE\EWARM\TCPClientCUBEIDE\Obj\Middlewares\LwIP\zepif.o
#        --no_out_extension -o
#        D:\MicroController\Ethernet\TCPClientCUBEIDE\EWARM\TCPClientCUBEIDE\Exe\TCPClientCUBEIDE.out
#        --redirect _Printf=_PrintfFullNoMb --redirect _Scanf=_ScanfFullNoMb
#        --map
#        D:\MicroController\Ethernet\TCPClientCUBEIDE\EWARM\TCPClientCUBEIDE\List\TCPClientCUBEIDE.map
#        --config
#        D:\MicroController\Ethernet\TCPClientCUBEIDE\EWARM/stm32f407xx_flash.icf
#        --semihosting --entry __iar_program_start --vfe --text_out locale
#        --cpu=Cortex-M4 --fpu=VFPv4_sp)
#
###############################################################################

*******************************************************************************
*** RUNTIME MODEL ATTRIBUTES
***

CppFlavor       = *
__CPP_Runtime   = 1
__SystemLibrary = DLib
__dlib_version  = 6


*******************************************************************************
*** HEAP SELECTION
***

The basic heap was selected because --advanced_heap
was not specified and the application did not appear to
be primarily optimized for speed.


*******************************************************************************
*** PLACEMENT SUMMARY
***

"A0":  place at address 0x800'0000 { ro section .intvec };
"P1":  place in [from 0x800'0000 to 0x80f'ffff] { ro };
define block CSTACK with size = 16K, alignment = 8 { };
define block HEAP with size = 8K, alignment = 8 { };
"P2":  place in [from 0x2000'0000 to 0x2001'ffff] {
          rw, block CSTACK, block HEAP };
initialize by copy { rw };

  Section            Kind         Address    Size  Object
  -------            ----         -------    ----  ------
"A0":                                       0x188
  .intvec            ro code   0x800'0000   0x188  startup_stm32f407xx.o [1]
                             - 0x800'0188   0x188

"P1":                                      0xc046
  .text              ro code   0x800'0188  0x1454  tcp_out.o [8]
  .text              ro code   0x800'15dc   0x3c0  netif.o [8]
  .text              ro code   0x800'199c   0x2f4  ip4.o [8]
  .text              ro code   0x800'1c90    0x28  printf.o [9]
  .text              ro code   0x800'1cb8   0x1a8  memp.o [8]
  .text              ro code   0x800'1e60   0x7f8  pbuf.o [8]
  .text              ro code   0x800'2658  0x11e8  tcp.o [8]
  .text              ro code   0x800'3840    0x26  def.o [8]
  .text              ro code   0x800'3866    0x3a  packbits_init_single.o [11]
  .text              ro code   0x800'38a0    0x18  ABImemcpy_small.o [11]
  .text              ro code   0x800'38b8   0x23c  udp.o [8]
  .text              ro code   0x800'3af4   0x7ac  etharp.o [8]
  .text              ro code   0x800'42a0    0xbc  ip4_addr.o [8]
  .text              ro code   0x800'435c   0x874  ip4_frag.o [8]
  .text              ro code   0x800'4bd0  0x13f8  tcp_in.o [8]
  .text              ro code   0x800'5fc8   0x1b0  icmp.o [8]
  .text              ro code   0x800'6178   0xeca  xprintffull_nomb.o [9]
  .text              ro code   0x800'7042     0xa  xsprout.o [9]
  .text              ro code   0x800'704c   0x484  mem.o [8]
  .text              ro code   0x800'74d0    0x9c  rand.o [9]
  .text              ro code   0x800'756c   0x1a4  timeouts.o [8]
  .text              ro code   0x800'7710     0x6  ABImemclr4.o [11]
  .rodata            const     0x800'7716     0x2  xlocale_c.o [9]
  .text              ro code   0x800'7718   0x110  ethernet.o [8]
  .text              ro code   0x800'7828    0x16  strchr.o [11]
  .rodata            const     0x800'783e     0x1  xlocale_c.o [9]
  .text              ro code   0x800'7840    0x40  xfail_s.o [9]
  .text              ro code   0x800'7880    0x14  strlen_small.o [11]
  .text              ro code   0x800'7894    0x58  memchr.o [11]
  .text              ro code   0x800'78ec    0x70  frexp.o [10]
  .text              ro code   0x800'795c    0x34  DblCmpLe.o [10]
  .text              ro code   0x800'7990    0x34  DblCmpGe.o [10]
  .text              ro code   0x800'79c4   0x13a  ldexp.o [10]
  .text              ro code   0x800'7b00    0x36  DblToS32.o [10]
  .text              ro code   0x800'7b38    0x22  S32ToDbl.o [10]
  .text              ro code   0x800'7b5c   0x24e  DblAddSub.o [10]
  .text              ro code   0x800'7dac   0x246  DblDiv.o [10]
  .text              ro code   0x800'7ff4    0x22  DblToU32.o [10]
  .text              ro code   0x800'8018    0x1c  U32ToDbl.o [10]
  .text              ro code   0x800'8034   0x1aa  DblMul.o [10]
  .text              ro code   0x800'81e0     0x8  xlocale_c.o [9]
  .text              ro code   0x800'81e8   0x106  I64DivMod_small.o [11]
  .text              ro code   0x800'82f0   0x41c  ethernetif.o [4]
  .text              ro code   0x800'870c    0x32  ABImemset48.o [11]
  .text              ro code   0x800'8740    0x1e  memcmp_small.o [11]
  .text              ro code   0x800'875e     0x6  abort.o [9]
  .text              ro code   0x800'8764     0x2  I64DivZer.o [11]
  .text              ro code   0x800'8768   0xada  stm32f4xx_hal_eth.o [7]
  .text              ro code   0x800'9244     0x6  ABImemclr.o [11]
  .text              ro code   0x800'924a   0x188  dp83848.o [5]
  .text              ro code   0x800'93d4   0x130  main.o [2]
  .text              ro code   0x800'9504     0xc  stm32f4xx_hal.o [7]
  .text              ro code   0x800'9510   0x204  stm32f4xx_hal_gpio.o [7]
  .text              ro code   0x800'9714    0xc4  stm32f4xx_hal_cortex.o [7]
  .text              ro code   0x800'97d8    0x14  exit.o [12]
  .text              ro code   0x800'97ec     0x2  stm32f4xx_hal_eth.o [7]
  .text              ro code   0x800'97ee     0x2  stm32f4xx_hal_eth.o [7]
  .text              ro code   0x800'97f0     0x2  stm32f4xx_hal_eth.o [7]
  .text              ro code   0x800'97f2     0x2  stm32f4xx_hal_eth.o [7]
  .text              ro code   0x800'97f4     0x2  stm32f4xx_hal_eth.o [7]
  .text              ro code   0x800'97f8   0x128  stm32f4xx_hal_rcc.o [7]
  .text              ro code   0x800'9920    0x28  stm32f4xx_hal.o [7]
  .text              ro code   0x800'9948    0x66  ABImemset.o [11]
  .text              ro code   0x800'99b0    0x34  stm32f4xx_hal.o [7]
  .text              ro code   0x800'99e4    0xc2  lwip.o [3]
  .text              ro code   0x800'9aa8   0x200  TCPClientMD.o [2]
  .text              ro code   0x800'9ca8    0x14  memset.o [11]
  .text              ro code   0x800'9cbc   0x320  stm32f4xx_hal_rcc.o [7]
  .text              ro code   0x800'9fdc    0x7c  iarttio.o [12]
  .text              ro code   0x800'a058    0x60  stm32f4xx_hal_rcc.o [7]
  .text              ro code   0x800'a0b8    0x40  stm32f4xx_hal.o [7]
  .text              ro code   0x800'a0f8    0x38  stm32f4xx_hal_msp.o [2]
  .text              ro code   0x800'a130    0x22  init.o [8]
  .text              ro code   0x800'a154    0x40  sprintf.o [9]
  .text              ro code   0x800'a194     0x8  XShttio.o [9]
  .rodata            const     0x800'a19c   0x53c  tcp_out.o [8]
  .rodata            const     0x800'a6d8   0x4b4  tcp.o [8]
  .rodata            const     0x800'ab8c   0x29c  tcp_in.o [8]
  .rodata            const     0x800'ae28   0x290  pbuf.o [8]
  .rodata            const     0x800'b0b8   0x210  etharp.o [8]
  .rodata            const     0x800'b2c8   0x1b4  mem.o [8]
  .rodata            const     0x800'b47c   0x16c  udp.o [8]
  .rodata            const     0x800'b5e8   0x168  netif.o [8]
  .rodata            const     0x800'b750   0x120  icmp.o [8]
  .rodata            const     0x800'b870   0x10c  ip4_frag.o [8]
  .rodata            const     0x800'b97c   0x100  timeouts.o [8]
  .rodata            const     0x800'ba7c    0xcc  memp.o [8]
  .rodata            const     0x800'bb48    0xbc  ethernet.o [8]
  .rodata            const     0x800'bc04    0xb8  ip4.o [8]
  .rodata            const     0x800'bcbc    0x70  ethernetif.o [4]
  .text              ro code   0x800'bd2c    0x44  putchar.o [9]
  .text              ro code   0x800'bd70    0x10  write.o [12]
  .text              ro code   0x800'bd80    0x1e  dwrite.o [12]
  .text              ro code   0x800'bd9e    0x20  iarwstd.o [12]
  .text              ro code   0x800'bdbe    0x22  iarwrite.o [12]
  .text              ro code   0x800'bde0    0x38  zero_init3.o [11]
  .rodata            const     0x800'be18    0x34  TCPClientMD.o [2]
  .text              ro code   0x800'be4c    0x28  data_init.o [11]
  .text              ro code   0x800'be74    0x22  fpinit_M.o [10]
  .iar.init_table    const     0x800'be98    0x20  - Linker created -
  .text              ro code   0x800'beb8    0x20  stm32f4xx_it.o [2]
  .text              ro code   0x800'bed8    0x10  stm32f4xx_hal.o [7]
  .text              ro code   0x800'bee8    0x20  system_stm32f4xx.o [6]
  .text              ro code   0x800'bf08    0x1e  cmain.o [11]
  .text              ro code   0x800'bf26     0x4  low_level_init.o [9]
  .text              ro code   0x800'bf2a     0x4  exit.o [9]
  .text              ro code   0x800'bf30     0xa  cexit.o [11]
  .text              ro code   0x800'bf3c    0x1c  cstartup_M.o [11]
  .text              ro code   0x800'bf58    0x16  xprout.o [9]
  .text              ro code   0x800'bf70    0x10  startup_stm32f407xx.o [1]
  .rodata            const     0x800'bf80     0xc  memp.o [8]
  .rodata            const     0x800'bf8c     0xc  memp.o [8]
  .rodata            const     0x800'bf98     0xc  memp.o [8]
  .rodata            const     0x800'bfa4     0xc  memp.o [8]
  .rodata            const     0x800'bfb0     0xc  memp.o [8]
  .rodata            const     0x800'bfbc     0xc  memp.o [8]
  .rodata            const     0x800'bfc8     0xc  memp.o [8]
  .rodata            const     0x800'bfd4     0xc  memp.o [8]
  .rodata            const     0x800'bfe0     0xc  memp.o [8]
  .rodata            const     0x800'bfec     0x8  ethernet.o [8]
  .rodata            const     0x800'bff4     0x4  ip4_addr.o [8]
  .text              ro code   0x800'bff8     0x4  startup_stm32f407xx.o [1]
  .text              ro code   0x800'bffc     0x4  startup_stm32f407xx.o [1]
  .text              ro code   0x800'c000     0x4  startup_stm32f407xx.o [1]
  .text              ro code   0x800'c004     0x4  startup_stm32f407xx.o [1]
  .text              ro code   0x800'c008     0x4  startup_stm32f407xx.o [1]
  .text              ro code   0x800'c00c     0x4  startup_stm32f407xx.o [1]
  .text              ro code   0x800'c010     0x4  startup_stm32f407xx.o [1]
  .text              ro code   0x800'c014     0x4  startup_stm32f407xx.o [1]
  .text              ro code   0x800'c018     0x4  startup_stm32f407xx.o [1]
  .text              ro code   0x800'c01c     0x4  startup_stm32f407xx.o [1]
  .text              ro code   0x800'c020     0x4  startup_stm32f407xx.o [1]
  .text              ro code   0x800'c024     0x4  startup_stm32f407xx.o [1]
  .text              ro code   0x800'c028     0x4  startup_stm32f407xx.o [1]
  .text              ro code   0x800'c02c     0x4  startup_stm32f407xx.o [1]
  .text              ro code   0x800'c030     0x4  startup_stm32f407xx.o [1]
  .text              ro code   0x800'c034     0x4  startup_stm32f407xx.o [1]
  .text              ro code   0x800'c038     0x4  startup_stm32f407xx.o [1]
  .text              ro code   0x800'c03c     0x4  startup_stm32f407xx.o [1]
  .text              ro code   0x800'c040     0x4  startup_stm32f407xx.o [1]
  .text              ro code   0x800'c044     0x4  startup_stm32f407xx.o [1]
  .text              ro code   0x800'c048     0x4  startup_stm32f407xx.o [1]
  .text              ro code   0x800'c04c     0x4  startup_stm32f407xx.o [1]
  .text              ro code   0x800'c050     0x4  startup_stm32f407xx.o [1]
  .text              ro code   0x800'c054     0x4  startup_stm32f407xx.o [1]
  .text              ro code   0x800'c058     0x4  startup_stm32f407xx.o [1]
  .text              ro code   0x800'c05c     0x4  startup_stm32f407xx.o [1]
  .text              ro code   0x800'c060     0x4  startup_stm32f407xx.o [1]
  .text              ro code   0x800'c064     0x4  startup_stm32f407xx.o [1]
  .text              ro code   0x800'c068     0x4  startup_stm32f407xx.o [1]
  .text              ro code   0x800'c06c     0x4  startup_stm32f407xx.o [1]
  .text              ro code   0x800'c070     0x4  startup_stm32f407xx.o [1]
  .text              ro code   0x800'c074     0x4  startup_stm32f407xx.o [1]
  .text              ro code   0x800'c078     0x4  startup_stm32f407xx.o [1]
  .text              ro code   0x800'c07c     0x4  startup_stm32f407xx.o [1]
  .text              ro code   0x800'c080     0x4  startup_stm32f407xx.o [1]
  .text              ro code   0x800'c084     0x4  startup_stm32f407xx.o [1]
  .text              ro code   0x800'c088     0x4  startup_stm32f407xx.o [1]
  .text              ro code   0x800'c08c     0x4  startup_stm32f407xx.o [1]
  .text              ro code   0x800'c090     0x4  startup_stm32f407xx.o [1]
  .text              ro code   0x800'c094     0x4  startup_stm32f407xx.o [1]
  .text              ro code   0x800'c098     0x4  startup_stm32f407xx.o [1]
  .text              ro code   0x800'c09c     0x4  startup_stm32f407xx.o [1]
  .text              ro code   0x800'c0a0     0x4  startup_stm32f407xx.o [1]
  .text              ro code   0x800'c0a4     0x4  startup_stm32f407xx.o [1]
  .text              ro code   0x800'c0a8     0x4  startup_stm32f407xx.o [1]
  .text              ro code   0x800'c0ac     0x4  startup_stm32f407xx.o [1]
  .text              ro code   0x800'c0b0     0x4  startup_stm32f407xx.o [1]
  .text              ro code   0x800'c0b4     0x4  startup_stm32f407xx.o [1]
  .text              ro code   0x800'c0b8     0x4  startup_stm32f407xx.o [1]
  .text              ro code   0x800'c0bc     0x4  startup_stm32f407xx.o [1]
  .text              ro code   0x800'c0c0     0x4  startup_stm32f407xx.o [1]
  .text              ro code   0x800'c0c4     0x4  startup_stm32f407xx.o [1]
  .text              ro code   0x800'c0c8     0x4  startup_stm32f407xx.o [1]
  .text              ro code   0x800'c0cc     0x4  startup_stm32f407xx.o [1]
  .text              ro code   0x800'c0d0     0x4  startup_stm32f407xx.o [1]
  .text              ro code   0x800'c0d4     0x4  startup_stm32f407xx.o [1]
  .text              ro code   0x800'c0d8     0x4  startup_stm32f407xx.o [1]
  .text              ro code   0x800'c0dc     0x4  startup_stm32f407xx.o [1]
  .text              ro code   0x800'c0e0     0x4  startup_stm32f407xx.o [1]
  .text              ro code   0x800'c0e4     0x4  startup_stm32f407xx.o [1]
  .text              ro code   0x800'c0e8     0x4  startup_stm32f407xx.o [1]
  .text              ro code   0x800'c0ec     0x4  startup_stm32f407xx.o [1]
  .text              ro code   0x800'c0f0     0x4  startup_stm32f407xx.o [1]
  .text              ro code   0x800'c0f4     0x4  startup_stm32f407xx.o [1]
  .text              ro code   0x800'c0f8     0x4  startup_stm32f407xx.o [1]
  .text              ro code   0x800'c0fc     0x4  startup_stm32f407xx.o [1]
  .text              ro code   0x800'c100     0x4  startup_stm32f407xx.o [1]
  .text              ro code   0x800'c104     0x4  startup_stm32f407xx.o [1]
  .text              ro code   0x800'c108     0x4  startup_stm32f407xx.o [1]
  .text              ro code   0x800'c10c     0x4  startup_stm32f407xx.o [1]
  .text              ro code   0x800'c110     0x4  startup_stm32f407xx.o [1]
  .text              ro code   0x800'c114     0x4  startup_stm32f407xx.o [1]
  .text              ro code   0x800'c118     0x4  startup_stm32f407xx.o [1]
  .text              ro code   0x800'c11c     0x4  startup_stm32f407xx.o [1]
  .text              ro code   0x800'c120     0x4  startup_stm32f407xx.o [1]
  .text              ro code   0x800'c124     0x4  startup_stm32f407xx.o [1]
  .text              ro code   0x800'c128     0x4  startup_stm32f407xx.o [1]
  .text              ro code   0x800'c12c     0x4  startup_stm32f407xx.o [1]
  .text              ro code   0x800'c130     0x4  startup_stm32f407xx.o [1]
  .text              ro code   0x800'c134     0x4  startup_stm32f407xx.o [1]
  .rodata            const     0x800'c138     0x0  zero_init3.o [11]
  .rodata            const     0x800'c138     0x0  packbits_init_single.o [11]
  Initializer bytes  const     0x800'c138    0x96  <for P2-1>
                             - 0x800'c1ce  0xc046

"P2", part 1 of 3:                          0x326
  P2-1                        0x2000'0000   0x326  <Init block>
    .data            inited   0x2000'0000   0x260  ethernetif.o [4]
    .data            inited   0x2000'0260     0xc  stm32f4xx_hal.o [7]
    .data            inited   0x2000'026c     0x4  system_stm32f4xx.o [6]
    .data            inited   0x2000'0270    0x1c  tcp.o [8]
    .data            inited   0x2000'028c     0x8  udp.o [8]
    .data            inited   0x2000'0294     0x8  rand.o [9]
    .data            inited   0x2000'029c    0x38  xlocale_c.o [9]
    .data            inited   0x2000'02d4    0x48  xfiles.o [9]
    .data            inited   0x2000'031c     0x8  XShttio.o [9]
    .data            inited   0x2000'0324     0x2  tcp.o [8]
                            - 0x2000'0326   0x326

"P2", part 2 of 3:                         0xa334
  .bss               zero     0x2000'0328  0x4984  ethernetif.o [4]
  .bss               zero     0x2000'4cac  0x2820  mem.o [8]
  .bss               zero     0x2000'74cc  0x2604  memp.o [8]
  .bss               zero     0x2000'9ad0   0x310  memp.o [8]
  .bss               zero     0x2000'9de0   0x16c  memp.o [8]
  .bss               zero     0x2000'9f4c   0x104  memp.o [8]
  .bss               zero     0x2000'a050   0x104  memp.o [8]
  .bss               zero     0x2000'a154    0xf0  etharp.o [8]
  .bss               zero     0x2000'a244    0xe4  memp.o [8]
  .bss               zero     0x2000'a328    0xa4  memp.o [8]
  .bss               zero     0x2000'a3cc    0x84  memp.o [8]
  .bss               zero     0x2000'a450    0x84  rand.o [9]
  .bss               zero     0x2000'a4d4    0x50  lwip.o [3]
  .bss               zero     0x2000'a524    0x50  xfiles.o [9]
  .bss               zero     0x2000'a574    0x38  tcp_in.o [8]
  .bss               zero     0x2000'a5ac    0x34  memp.o [8]
  .bss               zero     0x2000'a5e0    0x18  ip.o [8]
  .bss               zero     0x2000'a5f8    0x10  ip4_addr.o [8]
  .bss               zero     0x2000'a608     0xc  netif.o [8]
  .bss               zero     0x2000'a614     0x8  ip4_frag.o [8]
  .bss               zero     0x2000'a61c     0x8  timeouts.o [8]
  .bss               zero     0x2000'a624     0x4  ethernetif.o [4]
  .bss               zero     0x2000'a628     0x4  memp.o [8]
  .bss               zero     0x2000'a62c     0x4  memp.o [8]
  .bss               zero     0x2000'a630     0x4  memp.o [8]
  .bss               zero     0x2000'a634     0x4  memp.o [8]
  .bss               zero     0x2000'a638     0x4  memp.o [8]
  .bss               zero     0x2000'a63c     0x4  memp.o [8]
  .bss               zero     0x2000'a640     0x4  memp.o [8]
  .bss               zero     0x2000'a644     0x4  memp.o [8]
  .bss               zero     0x2000'a648     0x4  memp.o [8]
  .bss               zero     0x2000'a64c     0x4  timeouts.o [8]
  .bss               zero     0x2000'a650     0x4  xfail_s.o [9]
  .bss               zero     0x2000'a654     0x2  ip4.o [8]
  .bss               zero     0x2000'a656     0x1  etharp.o [8]
  .bss               zero     0x2000'a657     0x1  pbuf.o [8]
  .bss               zero     0x2000'a658     0x1  tcp.o [8]
                            - 0x2000'a659  0xa331

"P2", part 3 of 3:                         0x4000
  CSTACK                      0x2000'a660  0x4000  <Block>
    CSTACK           uninit   0x2000'a660  0x4000  <Block tail>
                            - 0x2000'e660  0x4000

Unused ranges:

         From           To      Size
         ----           --      ----
   0x800'c1ce   0x80f'ffff  0xf'3e32
  0x2000'0326  0x2000'0327       0x2
  0x2000'a65c  0x2000'a65f       0x4
  0x2000'e660  0x2001'ffff  0x1'19a0


*******************************************************************************
*** INIT TABLE
***

          Address      Size
          -------      ----
Zero (__iar_zero_init3)
    1 destination range, total size 0xa331:
          0x2000'0328  0xa331

Copy/packbits (__iar_packbits_init_single3)
    1 source range, total size 0x96 (18% of destination):
           0x800'c138    0x96
    1 destination range, total size 0x326:
          0x2000'0000   0x326



*******************************************************************************
*** MODULE SUMMARY
***

    Module                  ro code  ro data  rw data
    ------                  -------  -------  -------
command line/config:
    -------------------------------------------------
    Total:

D:\MicroController\Ethernet\TCPClientCUBEIDE\EWARM\TCPClientCUBEIDE\Obj\Application\EWARM: [1]
    startup_stm32f407xx.o       728
    -------------------------------------------------
    Total:                      728

D:\MicroController\Ethernet\TCPClientCUBEIDE\EWARM\TCPClientCUBEIDE\Obj\Application\User\Core: [2]
    TCPClientMD.o               512       52
    main.o                      304
    stm32f4xx_hal_msp.o          56
    stm32f4xx_it.o               32
    -------------------------------------------------
    Total:                      904       52

D:\MicroController\Ethernet\TCPClientCUBEIDE\EWARM\TCPClientCUBEIDE\Obj\Application\User\LWIP\App: [3]
    lwip.o                      194                80
    -------------------------------------------------
    Total:                      194                80

D:\MicroController\Ethernet\TCPClientCUBEIDE\EWARM\TCPClientCUBEIDE\Obj\Application\User\LWIP\Target: [4]
    ethernetif.o              1'052      225   19'432
    -------------------------------------------------
    Total:                    1'052      225   19'432

D:\MicroController\Ethernet\TCPClientCUBEIDE\EWARM\TCPClientCUBEIDE\Obj\Drivers\BSP\Components: [5]
    dp83848.o                   392
    -------------------------------------------------
    Total:                      392

D:\MicroController\Ethernet\TCPClientCUBEIDE\EWARM\TCPClientCUBEIDE\Obj\Drivers\CMSIS: [6]
    system_stm32f4xx.o           32        1        4
    -------------------------------------------------
    Total:                       32        1        4

D:\MicroController\Ethernet\TCPClientCUBEIDE\EWARM\TCPClientCUBEIDE\Obj\Drivers\STM32F4xx_HAL_Driver: [7]
    stm32f4xx_hal.o             184        2       12
    stm32f4xx_hal_cortex.o      196
    stm32f4xx_hal_eth.o       2'788
    stm32f4xx_hal_gpio.o        516
    stm32f4xx_hal_rcc.o       1'192
    -------------------------------------------------
    Total:                    4'876        2       12

D:\MicroController\Ethernet\TCPClientCUBEIDE\EWARM\TCPClientCUBEIDE\Obj\Middlewares\LwIP: [8]
    def.o                        38
    etharp.o                  1'964      528      241
    ethernet.o                  272      196
    icmp.o                      432      288
    init.o                       34
    ip.o                                           24
    ip4.o                       756      184        2
    ip4_addr.o                  188        4       16
    ip4_frag.o                2'164      268        8
    mem.o                     1'156      436   10'272
    memp.o                      424      312   12'012
    netif.o                     960      360       12
    pbuf.o                    2'040      656        1
    tcp.o                     4'584    1'210       31
    tcp_in.o                  5'112      668       56
    tcp_out.o                 5'204    1'340
    timeouts.o                  420      256       12
    udp.o                       572      365        8
    -------------------------------------------------
    Total:                   26'320    7'071   22'695

dl7M_tlf.a: [9]
    XShttio.o                     8        1        8
    abort.o                       6
    exit.o                        4
    low_level_init.o              4
    printf.o                     40
    putchar.o                    68
    rand.o                      156        2      140
    sprintf.o                    64
    xfail_s.o                    64                 4
    xfiles.o                              14      152
    xlocale_c.o                   8       13       56
    xprintffull_nomb.o        3'786
    xprout.o                     22
    xsprout.o                    10
    -------------------------------------------------
    Total:                    4'240       30      360

m7M_tls.a: [10]
    DblAddSub.o                 590
    DblCmpGe.o                   52
    DblCmpLe.o                   52
    DblDiv.o                    582
    DblMul.o                    426
    DblToS32.o                   54
    DblToU32.o                   34
    S32ToDbl.o                   34
    U32ToDbl.o                   28
    fpinit_M.o                   34
    frexp.o                     112
    ldexp.o                     314
    -------------------------------------------------
    Total:                    2'312

rt7M_tl.a: [11]
    ABImemclr.o                   6
    ABImemclr4.o                  6
    ABImemcpy_small.o            24
    ABImemset.o                 102
    ABImemset48.o                50
    I64DivMod_small.o           262
    I64DivZer.o                   2
    cexit.o                      10
    cmain.o                      30
    cstartup_M.o                 28
    data_init.o                  40
    memchr.o                     88
    memcmp_small.o               30
    memset.o                     20
    packbits_init_single.o       58
    strchr.o                     22
    strlen_small.o               20
    zero_init3.o                 56
    -------------------------------------------------
    Total:                      854

shb_l.a: [12]
    dwrite.o                     30
    exit.o                       20
    iarttio.o                   124
    iarwrite.o                   34
    iarwstd.o                    32
    write.o                      16
    -------------------------------------------------
    Total:                      256

    Gaps                         39        2
    Linker created                        32   16'384
-----------------------------------------------------
    Grand Total:             42'199    7'415   58'967


*******************************************************************************
*** ENTRY LIST
***

Entry                       Address    Size  Type      Object
-----                       -------    ----  ----      ------
.iar.init_table$$Base    0x800'be98           --   Gb  - Linker created -
.iar.init_table$$Limit   0x800'beb8           --   Gb  - Linker created -
?main                    0x800'bf09          Code  Gb  cmain.o [11]
ADC_IRQHandler           0x800'c041          Code  Wk  startup_stm32f407xx.o [1]
AHBPrescTable            0x800'bef8    0x10  Data  Gb  system_stm32f4xx.o [6]
BusFault_Handler         0x800'bebf     0x2  Code  Gb  stm32f4xx_it.o [2]
CAN1_RX0_IRQHandler      0x800'c049          Code  Wk  startup_stm32f407xx.o [1]
CAN1_RX1_IRQHandler      0x800'c04d          Code  Wk  startup_stm32f407xx.o [1]
CAN1_SCE_IRQHandler      0x800'c051          Code  Wk  startup_stm32f407xx.o [1]
CAN1_TX_IRQHandler       0x800'c045          Code  Wk  startup_stm32f407xx.o [1]
CAN2_RX0_IRQHandler      0x800'c0f5          Code  Wk  startup_stm32f407xx.o [1]
CAN2_RX1_IRQHandler      0x800'c0f9          Code  Wk  startup_stm32f407xx.o [1]
CAN2_SCE_IRQHandler      0x800'c0fd          Code  Wk  startup_stm32f407xx.o [1]
CAN2_TX_IRQHandler       0x800'c0f1          Code  Wk  startup_stm32f407xx.o [1]
CSTACK$$Base            0x2000'a660           --   Gb  - Linker created -
CSTACK$$Limit           0x2000'e660           --   Gb  - Linker created -
DCMI_IRQHandler          0x800'c12d          Code  Wk  startup_stm32f407xx.o [1]
DMA1_Stream0_IRQHandler
                         0x800'c025          Code  Wk  startup_stm32f407xx.o [1]
DMA1_Stream1_IRQHandler
                         0x800'c029          Code  Wk  startup_stm32f407xx.o [1]
DMA1_Stream2_IRQHandler
                         0x800'c02d          Code  Wk  startup_stm32f407xx.o [1]
DMA1_Stream3_IRQHandler
                         0x800'c031          Code  Wk  startup_stm32f407xx.o [1]
DMA1_Stream4_IRQHandler
                         0x800'c035          Code  Wk  startup_stm32f407xx.o [1]
DMA1_Stream5_IRQHandler
                         0x800'c039          Code  Wk  startup_stm32f407xx.o [1]
DMA1_Stream6_IRQHandler
                         0x800'c03d          Code  Wk  startup_stm32f407xx.o [1]
DMA1_Stream7_IRQHandler
                         0x800'c0b5          Code  Wk  startup_stm32f407xx.o [1]
DMA2_Stream0_IRQHandler
                         0x800'c0d9          Code  Wk  startup_stm32f407xx.o [1]
DMA2_Stream1_IRQHandler
                         0x800'c0dd          Code  Wk  startup_stm32f407xx.o [1]
DMA2_Stream2_IRQHandler
                         0x800'c0e1          Code  Wk  startup_stm32f407xx.o [1]
DMA2_Stream3_IRQHandler
                         0x800'c0e5          Code  Wk  startup_stm32f407xx.o [1]
DMA2_Stream4_IRQHandler
                         0x800'c0e9          Code  Wk  startup_stm32f407xx.o [1]
DMA2_Stream5_IRQHandler
                         0x800'c105          Code  Wk  startup_stm32f407xx.o [1]
DMA2_Stream6_IRQHandler
                         0x800'c109          Code  Wk  startup_stm32f407xx.o [1]
DMA2_Stream7_IRQHandler
                         0x800'c10d          Code  Wk  startup_stm32f407xx.o [1]
DMARxDscrTab            0x2000'00ec    0xa0  Data  Gb  ethernetif.o [4]
DMATxDscrTab            0x2000'018c    0xa0  Data  Gb  ethernetif.o [4]
DP83848                 0x2000'022c    0x20  Data  Gb  ethernetif.o [4]
DP83848_GetLinkState     0x800'9337    0x92  Code  Gb  dp83848.o [5]
DP83848_IOCtx           0x2000'024c    0x14  Data  Gb  ethernetif.o [4]
DP83848_Init             0x800'927d    0xba  Code  Gb  dp83848.o [5]
DP83848_RegisterBusIO    0x800'924b    0x32  Code  Gb  dp83848.o [5]
DebugMon_Handler         0x800'bec5     0x2  Code  Gb  stm32f4xx_it.o [2]
ETH_FlushTransmitFIFO    0x800'8ef1    0x28  Code  Lc  stm32f4xx_hal_eth.o [7]
ETH_IRQHandler           0x800'becd     0x6  Code  Gb  stm32f4xx_it.o [2]
ETH_PHY_IO_DeInit        0x800'859b     0x4  Code  Gb  ethernetif.o [4]
ETH_PHY_IO_GetTick       0x800'85c5     0x4  Code  Gb  ethernetif.o [4]
ETH_PHY_IO_Init          0x800'858f     0xc  Code  Gb  ethernetif.o [4]
ETH_PHY_IO_ReadReg       0x800'859f    0x10  Code  Gb  ethernetif.o [4]
ETH_PHY_IO_WriteReg      0x800'85af     0xe  Code  Gb  ethernetif.o [4]
ETH_Prepare_Tx_Descriptors
                         0x800'90a9   0x19a  Code  Lc  stm32f4xx_hal_eth.o [7]
ETH_SetDMAConfig         0x800'8fc9    0x9c  Code  Lc  stm32f4xx_hal_eth.o [7]
ETH_SetMACConfig         0x800'8f19    0xb0  Code  Lc  stm32f4xx_hal_eth.o [7]
ETH_UpdateDescriptor     0x800'8bd9    0x72  Code  Lc  stm32f4xx_hal_eth.o [7]
ETH_WKUP_IRQHandler      0x800'c0ed          Code  Wk  startup_stm32f407xx.o [1]
EXTI0_IRQHandler         0x800'c011          Code  Wk  startup_stm32f407xx.o [1]
EXTI15_10_IRQHandler     0x800'c099          Code  Wk  startup_stm32f407xx.o [1]
EXTI1_IRQHandler         0x800'c015          Code  Wk  startup_stm32f407xx.o [1]
EXTI2_IRQHandler         0x800'c019          Code  Wk  startup_stm32f407xx.o [1]
EXTI3_IRQHandler         0x800'c01d          Code  Wk  startup_stm32f407xx.o [1]
EXTI4_IRQHandler         0x800'c021          Code  Wk  startup_stm32f407xx.o [1]
EXTI9_5_IRQHandler       0x800'c055          Code  Wk  startup_stm32f407xx.o [1]
Error_Handler            0x800'9501     0x4  Code  Gb  main.o [2]
EthernetLinkTimer       0x2000'a4e0     0x4  Data  Gb  lwip.o [3]
FLASH_IRQHandler         0x800'c009          Code  Wk  startup_stm32f407xx.o [1]
FPU_IRQHandler           0x800'c135          Code  Wk  startup_stm32f407xx.o [1]
FSMC_IRQHandler          0x800'c0b9          Code  Wk  startup_stm32f407xx.o [1]
GATEWAY_ADDRESS         0x2000'a4dc     0x4  Data  Gb  lwip.o [3]
HAL_Delay                0x800'9921    0x28  Code  Wk  stm32f4xx_hal.o [7]
HAL_ETH_ErrorCallback    0x800'97f1     0x2  Code  Wk  stm32f4xx_hal_eth.o [7]
HAL_ETH_GetMACConfig     0x800'8dab    0xc2  Code  Gb  stm32f4xx_hal_eth.o [7]
HAL_ETH_IRQHandler       0x800'8c4b    0xc2  Code  Gb  stm32f4xx_hal_eth.o [7]
HAL_ETH_Init             0x800'8769   0x20e  Code  Gb  stm32f4xx_hal_eth.o [7]
HAL_ETH_MspInit          0x800'8495    0xe2  Code  Gb  ethernetif.o [4]
HAL_ETH_PMTCallback      0x800'97f3     0x2  Code  Wk  stm32f4xx_hal_eth.o [7]
HAL_ETH_ReadData         0x800'8af3    0xe6  Code  Gb  stm32f4xx_hal_eth.o [7]
HAL_ETH_ReadPHYRegister
                         0x800'8d0d    0x52  Code  Gb  stm32f4xx_hal_eth.o [7]
HAL_ETH_RxAllocateCallback
                         0x800'865d    0x3c  Code  Gb  ethernetif.o [4]
HAL_ETH_RxCpltCallback   0x800'97ed     0x2  Code  Wk  stm32f4xx_hal_eth.o [7]
HAL_ETH_RxLinkCallback   0x800'86c5    0x2c  Code  Gb  ethernetif.o [4]
HAL_ETH_SetMACConfig     0x800'8e77    0x18  Code  Gb  stm32f4xx_hal_eth.o [7]
HAL_ETH_SetMDIOClockRange
                         0x800'8e8f    0x62  Code  Gb  stm32f4xx_hal_eth.o [7]
HAL_ETH_Start            0x800'8977    0x26  Code  Gb  stm32f4xx_hal_eth.o [7]
HAL_ETH_Stop             0x800'89e3    0x2c  Code  Gb  stm32f4xx_hal_eth.o [7]
HAL_ETH_Transmit         0x800'8a3d    0xb6  Code  Gb  stm32f4xx_hal_eth.o [7]
HAL_ETH_TxCpltCallback   0x800'97ef     0x2  Code  Wk  stm32f4xx_hal_eth.o [7]
HAL_ETH_WakeUpCallback   0x800'97f5     0x2  Code  Wk  stm32f4xx_hal_eth.o [7]
HAL_ETH_WritePHYRegister
                         0x800'8d5f    0x4c  Code  Gb  stm32f4xx_hal_eth.o [7]
HAL_GPIO_Init            0x800'9511   0x1d6  Code  Gb  stm32f4xx_hal_gpio.o [7]
HAL_GetTick              0x800'9505     0xc  Code  Wk  stm32f4xx_hal.o [7]
HAL_IncTick              0x800'bed9    0x10  Code  Wk  stm32f4xx_hal.o [7]
HAL_Init                 0x800'99b1    0x30  Code  Gb  stm32f4xx_hal.o [7]
HAL_InitTick             0x800'a0b9    0x40  Code  Wk  stm32f4xx_hal.o [7]
HAL_MspInit              0x800'a0f9    0x38  Code  Gb  stm32f4xx_hal_msp.o [2]
HAL_NVIC_EnableIRQ       0x800'9783    0x16  Code  Gb  stm32f4xx_hal_cortex.o [7]
HAL_NVIC_SetPriority     0x800'9749    0x3a  Code  Gb  stm32f4xx_hal_cortex.o [7]
HAL_NVIC_SetPriorityGrouping
                         0x800'972f    0x1a  Code  Gb  stm32f4xx_hal_cortex.o [7]
HAL_RCC_ClockConfig      0x800'97f9   0x100  Code  Gb  stm32f4xx_hal_rcc.o [7]
HAL_RCC_GetHCLKFreq      0x800'9905     0x6  Code  Gb  stm32f4xx_hal_rcc.o [7]
HAL_RCC_GetSysClockFreq
                         0x800'a059    0x60  Code  Wk  stm32f4xx_hal_rcc.o [7]
HAL_RCC_OscConfig        0x800'9cbd   0x320  Code  Wk  stm32f4xx_hal_rcc.o [7]
HAL_SYSTICK_Config       0x800'9799    0x22  Code  Gb  stm32f4xx_hal_cortex.o [7]
HASH_RNG_IRQHandler      0x800'c131          Code  Wk  startup_stm32f407xx.o [1]
HardFault_Handler        0x800'bebb     0x2  Code  Gb  stm32f4xx_it.o [2]
I2C1_ER_IRQHandler       0x800'c079          Code  Wk  startup_stm32f407xx.o [1]
I2C1_EV_IRQHandler       0x800'c075          Code  Wk  startup_stm32f407xx.o [1]
I2C2_ER_IRQHandler       0x800'c081          Code  Wk  startup_stm32f407xx.o [1]
I2C2_EV_IRQHandler       0x800'c07d          Code  Wk  startup_stm32f407xx.o [1]
I2C3_ER_IRQHandler       0x800'c119          Code  Wk  startup_stm32f407xx.o [1]
I2C3_EV_IRQHandler       0x800'c115          Code  Wk  startup_stm32f407xx.o [1]
IP_ADDRESS              0x2000'a4d4     0x4  Data  Gb  lwip.o [3]
MX_LWIP_Init             0x800'99e5    0xb4  Code  Gb  lwip.o [3]
MemManage_Handler        0x800'bebd     0x2  Code  Gb  stm32f4xx_it.o [2]
NETMASK_ADDRESS         0x2000'a4d8     0x4  Data  Gb  lwip.o [3]
NMI_Handler              0x800'beb9     0x2  Code  Gb  stm32f4xx_it.o [2]
OTG_FS_IRQHandler        0x800'c101          Code  Wk  startup_stm32f407xx.o [1]
OTG_FS_WKUP_IRQHandler   0x800'c0a1          Code  Wk  startup_stm32f407xx.o [1]
OTG_HS_EP1_IN_IRQHandler
                         0x800'c121          Code  Wk  startup_stm32f407xx.o [1]
OTG_HS_EP1_OUT_IRQHandler
                         0x800'c11d          Code  Wk  startup_stm32f407xx.o [1]
OTG_HS_IRQHandler        0x800'c129          Code  Wk  startup_stm32f407xx.o [1]
OTG_HS_WKUP_IRQHandler   0x800'c125          Code  Wk  startup_stm32f407xx.o [1]
PVD_IRQHandler           0x800'bffd          Code  Wk  startup_stm32f407xx.o [1]
PendSV_Handler           0x800'bec7     0x2  Code  Gb  stm32f4xx_it.o [2]
RCC_IRQHandler           0x800'c00d          Code  Wk  startup_stm32f407xx.o [1]
RTC_Alarm_IRQHandler     0x800'c09d          Code  Wk  startup_stm32f407xx.o [1]
RTC_WKUP_IRQHandler      0x800'c005          Code  Wk  startup_stm32f407xx.o [1]
Region$$Table$$Base      0x800'be98           --   Gb  - Linker created -
Region$$Table$$Limit     0x800'beb8           --   Gb  - Linker created -
Reset_Handler            0x800'bf71          Code  Wk  startup_stm32f407xx.o [1]
RxAllocStatus           0x2000'0000     0x1  Data  Lc  ethernetif.o [4]
SDIO_IRQHandler          0x800'c0bd          Code  Wk  startup_stm32f407xx.o [1]
SPI1_IRQHandler          0x800'c085          Code  Wk  startup_stm32f407xx.o [1]
SPI2_IRQHandler          0x800'c089          Code  Wk  startup_stm32f407xx.o [1]
SPI3_IRQHandler          0x800'c0c5          Code  Wk  startup_stm32f407xx.o [1]
SVC_Handler              0x800'bec3     0x2  Code  Gb  stm32f4xx_it.o [2]
SysTick_Handler          0x800'bec9     0x4  Code  Gb  stm32f4xx_it.o [2]
SystemClock_Config       0x800'944b    0xa4  Code  Gb  main.o [2]
SystemCoreClock         0x2000'026c     0x4  Data  Gb  system_stm32f4xx.o [6]
SystemInit               0x800'bee9     0xc  Code  Gb  system_stm32f4xx.o [6]
TAMP_STAMP_IRQHandler    0x800'c001          Code  Wk  startup_stm32f407xx.o [1]
TIM1_BRK_TIM9_IRQHandler
                         0x800'c059          Code  Wk  startup_stm32f407xx.o [1]
TIM1_CC_IRQHandler       0x800'c065          Code  Wk  startup_stm32f407xx.o [1]
TIM1_TRG_COM_TIM11_IRQHandler
                         0x800'c061          Code  Wk  startup_stm32f407xx.o [1]
TIM1_UP_TIM10_IRQHandler
                         0x800'c05d          Code  Wk  startup_stm32f407xx.o [1]
TIM2_IRQHandler          0x800'c069          Code  Wk  startup_stm32f407xx.o [1]
TIM3_IRQHandler          0x800'c06d          Code  Wk  startup_stm32f407xx.o [1]
TIM4_IRQHandler          0x800'c071          Code  Wk  startup_stm32f407xx.o [1]
TIM5_IRQHandler          0x800'c0c1          Code  Wk  startup_stm32f407xx.o [1]
TIM6_DAC_IRQHandler      0x800'c0d1          Code  Wk  startup_stm32f407xx.o [1]
TIM7_IRQHandler          0x800'c0d5          Code  Wk  startup_stm32f407xx.o [1]
TIM8_BRK_TIM12_IRQHandler
                         0x800'c0a5          Code  Wk  startup_stm32f407xx.o [1]
TIM8_CC_IRQHandler       0x800'c0b1          Code  Wk  startup_stm32f407xx.o [1]
TIM8_TRG_COM_TIM14_IRQHandler
                         0x800'c0ad          Code  Wk  startup_stm32f407xx.o [1]
TIM8_UP_TIM13_IRQHandler
                         0x800'c0a9          Code  Wk  startup_stm32f407xx.o [1]
TxConfig                0x2000'0004    0x38  Data  Gb  ethernetif.o [4]
UART4_IRQHandler         0x800'c0c9          Code  Wk  startup_stm32f407xx.o [1]
UART5_IRQHandler         0x800'c0cd          Code  Wk  startup_stm32f407xx.o [1]
USART1_IRQHandler        0x800'c08d          Code  Wk  startup_stm32f407xx.o [1]
USART2_IRQHandler        0x800'c091          Code  Wk  startup_stm32f407xx.o [1]
USART3_IRQHandler        0x800'c095          Code  Wk  startup_stm32f407xx.o [1]
USART6_IRQHandler        0x800'c111          Code  Wk  startup_stm32f407xx.o [1]
UsageFault_Handler       0x800'bec1     0x2  Code  Gb  stm32f4xx_it.o [2]
WWDG_IRQHandler          0x800'bff9          Code  Wk  startup_stm32f407xx.o [1]
_LC                      0x800'6179     0x6  Code  Lc  xprintffull_nomb.o [9]
_LitobFullNoMb           0x800'6e61   0x114  Code  Lc  xprintffull_nomb.o [9]
_Locale_lconv           0x2000'029c    0x38  Data  Lc  xlocale_c.o [9]
_PrintfFullNoMb          0x800'617f   0xcb4  Code  Gb  xprintffull_nomb.o [9]
_Prout                   0x800'bf59    0x16  Code  Gb  xprout.o [9]
_PutcharsFullNoMb        0x800'6fcd    0x2e  Code  Lc  xprintffull_nomb.o [9]
_Rand_idx               0x2000'a4d0     0x4  Data  Lc  rand.o [9]
_Rand_rv                0x2000'a450    0x80  Data  Lc  rand.o [9]
_Randinit               0x2000'0294     0x1  Data  Gb  rand.o [9]
_Randseed               0x2000'0298     0x4  Data  Gb  rand.o [9]
_SProut                  0x800'7043     0xa  Code  Gb  xsprout.o [9]
__NVIC_SetPriority       0x800'9715    0x1a  Code  Lc  stm32f4xx_hal_cortex.o [7]
__aeabi_cdcmple          0x800'795d          Code  Gb  DblCmpLe.o [10]
__aeabi_cdrcmple         0x800'7991          Code  Gb  DblCmpGe.o [10]
__aeabi_d2iz             0x800'7b01          Code  Gb  DblToS32.o [10]
__aeabi_d2uiz            0x800'7ff5          Code  Gb  DblToU32.o [10]
__aeabi_ddiv             0x800'7dad          Code  Gb  DblDiv.o [10]
__aeabi_dmul             0x800'8035          Code  Gb  DblMul.o [10]
__aeabi_dsub             0x800'7cc9          Code  Gb  DblAddSub.o [10]
__aeabi_i2d              0x800'7b39          Code  Gb  S32ToDbl.o [10]
__aeabi_ldiv0            0x800'8765          Code  Gb  I64DivZer.o [11]
__aeabi_memclr           0x800'9245          Code  Gb  ABImemclr.o [11]
__aeabi_memclr4          0x800'7711          Code  Gb  ABImemclr4.o [11]
__aeabi_memset           0x800'9949          Code  Gb  ABImemset.o [11]
__aeabi_ui2d             0x800'8019          Code  Gb  U32ToDbl.o [10]
__cmain                  0x800'bf09          Code  Gb  cmain.o [11]
__dwrite                 0x800'bd81    0x1e  Code  Gb  dwrite.o [12]
__exit                   0x800'97d9    0x14  Code  Gb  exit.o [12]
__iar_Fail_s             0x800'7841    0x1c  Code  Gb  xfail_s.o [9]
__iar_Memchr             0x800'7895          Code  Gb  memchr.o [11]
__iar_Memset             0x800'9949          Code  Gb  ABImemset.o [11]
__iar_Memset4_word       0x800'870d          Code  Gb  ABImemset48.o [11]
__iar_Memset8_word       0x800'870d          Code  Gb  ABImemset48.o [11]
__iar_Memset_word        0x800'9951          Code  Gb  ABImemset.o [11]
__iar_Stdout            0x2000'02d4    0x48  Data  Gb  xfiles.o [9]
__iar_Strchr             0x800'7829          Code  Gb  strchr.o [11]
__iar_close_ttio         0x800'9fdd    0x2c  Code  Gb  iarttio.o [12]
__iar_data_init3         0x800'be4d    0x28  Code  Gb  data_init.o [11]
__iar_frexp              0x800'78f9          Code  Gb  frexp.o [10]
__iar_frexpl             0x800'78f9          Code  Gb  frexp.o [10]
__iar_get_ttio           0x800'a009    0x4c  Code  Gb  iarttio.o [12]
__iar_init_vfp           0x800'be75          Code  Gb  fpinit_M.o [10]
__iar_ldexp64            0x800'79c5          Code  Gb  ldexp.o [10]
__iar_lookup_ttioh       0x800'a195     0x8  Code  Gb  XShttio.o [9]
__iar_packbits_init_single3
                         0x800'3867    0x3a  Code  Gb  packbits_init_single.o [11]
__iar_program_start      0x800'bf3d          Code  Gb  cstartup_M.o [11]
__iar_scalbln64          0x800'79c5          Code  Gb  ldexp.o [10]
__iar_scalbn64           0x800'79c5          Code  Gb  ldexp.o [10]
__iar_sh_stdout          0x800'bd9f    0x20  Code  Gb  iarwstd.o [12]
__iar_sh_write           0x800'bdbf    0x22  Code  Gb  iarwrite.o [12]
__iar_small_Memcpy       0x800'38a5          Code  Gb  ABImemcpy_small.o [11]
__iar_small_memcmp       0x800'8741          Code  Gb  memcmp_small.o [11]
__iar_small_memcpy       0x800'38a1          Code  Gb  ABImemcpy_small.o [11]
__iar_small_memcpy4      0x800'38a1          Code  Gb  ABImemcpy_small.o [11]
__iar_small_memcpy8      0x800'38a1          Code  Gb  ABImemcpy_small.o [11]
__iar_small_strlen       0x800'7881          Code  Gb  strlen_small.o [11]
__iar_small_uldivmod     0x800'81e9          Code  Gb  I64DivMod_small.o [11]
__iar_softfp___iar_frexp64
                         0x800'78ed          Code  Gb  frexp.o [10]
__iar_softfp_frexp       0x800'78ed          Code  Gb  frexp.o [10]
__iar_softfp_frexpl      0x800'78ed          Code  Gb  frexp.o [10]
__iar_ttio_handles      0x2000'031c     0x8  Data  Lc  XShttio.o [9]
__iar_zero_init3         0x800'bde1    0x38  Code  Gb  zero_init3.o [11]
__low_level_init         0x800'bf27     0x4  Code  Gb  low_level_init.o [9]
__vector_table           0x800'0000          Data  Gb  startup_stm32f407xx.o [1]
__write                  0x800'bd71    0x10  Code  Gb  write.o [12]
_call_main               0x800'bf15          Code  Gb  cmain.o [11]
_exit                    0x800'bf31          Code  Gb  cexit.o [11]
abort                    0x800'875f     0x6  Code  Gb  abort.o [9]
ackno                   0x2000'a5a0     0x4  Data  Lc  tcp_in.o [8]
arp_table               0x2000'a154    0xf0  Data  Lc  etharp.o [8]
current_timeout_due_time
                        0x2000'a620     0x4  Data  Lc  timeouts.o [8]
do_memp_free_pool        0x800'1d75    0x2a  Code  Lc  memp.o [8]
do_memp_malloc_pool      0x800'1cfb    0x2e  Code  Lc  memp.o [8]
etharp_cached_entry     0x2000'a656     0x1  Data  Lc  etharp.o [8]
etharp_cleanup_netif     0x800'3cd1    0x28  Code  Gb  etharp.o [8]
etharp_find_entry        0x800'3b6d   0x15c  Code  Lc  etharp.o [8]
etharp_free_entry        0x800'3af5    0x20  Code  Lc  etharp.o [8]
etharp_input             0x800'3cf9   0x122  Code  Gb  etharp.o [8]
etharp_output            0x800'3e95   0x148  Code  Gb  etharp.o [8]
etharp_output_to_arp_index
                         0x800'3e1b    0x72  Code  Lc  etharp.o [8]
etharp_query             0x800'3fdd   0x130  Code  Gb  etharp.o [8]
etharp_raw               0x800'4115    0xc8  Code  Lc  etharp.o [8]
etharp_request           0x800'4205     0x4  Code  Gb  etharp.o [8]
etharp_request_dst       0x800'41e3    0x22  Code  Lc  etharp.o [8]
etharp_tmr               0x800'3b15    0x58  Code  Gb  etharp.o [8]
ethbroadcast             0x800'7820     0x8  Data  Gb  ethernet.o [8]
ethernet_input           0x800'7719    0x9c  Code  Gb  ethernet.o [8]
ethernet_link_check_state
                         0x800'85cd    0x90  Code  Gb  ethernetif.o [4]
ethernet_link_status_updated
                         0x800'9aa5     0x2  Code  Lc  lwip.o [3]
ethernet_output          0x800'77b5    0x68  Code  Gb  ethernet.o [8]
ethernetif_init          0x800'8389    0xee  Code  Gb  ethernetif.o [4]
ethernetif_input         0x800'8357    0x32  Code  Gb  ethernetif.o [4]
ethzero                  0x800'bfec     0x8  Data  Gb  ethernet.o [8]
exit                     0x800'bf2b     0x4  Code  Gb  exit.o [9]
flags                   0x2000'a574     0x1  Data  Lc  tcp_in.o [8]
gnetif                  0x2000'a4f0    0x34  Data  Gb  lwip.o [3]
gw                      0x2000'a4ec     0x4  Data  Gb  lwip.o [3]
heth                    0x2000'003c    0xb0  Data  Gb  ethernetif.o [4]
icmp_dest_unreach        0x800'60e7     0x6  Code  Gb  icmp.o [8]
icmp_input               0x800'5fc9   0x11e  Code  Gb  icmp.o [8]
icmp_send_response       0x800'60f1    0x80  Code  Lc  icmp.o [8]
icmp_time_exceeded       0x800'60ed     0x4  Code  Gb  icmp.o [8]
inseg                   0x2000'a578    0x10  Data  Lc  tcp_in.o [8]
ip4_addr_isbroadcast_u32
                         0x800'42a1    0x32  Code  Gb  ip4_addr.o [8]
ip4_frag                 0x800'48c9   0x1c2  Code  Gb  ip4_frag.o [8]
ip4_input                0x800'1a25   0x14e  Code  Gb  ip4.o [8]
ip4_input_accept         0x800'19ff    0x26  Code  Lc  ip4.o [8]
ip4_output_if            0x800'1b73    0x28  Code  Gb  ip4.o [8]
ip4_output_if_src        0x800'1b9d    0xd0  Code  Gb  ip4.o [8]
ip4_reass                0x800'4511   0x35c  Code  Gb  ip4_frag.o [8]
ip4_route                0x800'199d    0x62  Code  Gb  ip4.o [8]
ip4addr_ntoa             0x800'42d3     0x4  Code  Gb  ip4_addr.o [8]
ip4addr_ntoa::str       0x2000'a5f8    0x10  Data  Lc  ip4_addr.o [8]
ip4addr_ntoa_r           0x800'42d7    0x80  Code  Gb  ip4_addr.o [8]
ip_addr_any              0x800'bff4     0x4  Data  Gb  ip4_addr.o [8]
ip_data                 0x2000'a5e0    0x18  Data  Gb  ip.o [8]
ip_frag_free_pbuf_custom_ref
                         0x800'487d    0x22  Code  Lc  ip4_frag.o [8]
ip_id                   0x2000'a654     0x2  Data  Lc  ip4.o [8]
ip_reass_dequeue_datagram
                         0x800'44d3    0x3c  Code  Lc  ip4_frag.o [8]
ip_reass_free_complete_datagram
                         0x800'4389    0xda  Code  Lc  ip4_frag.o [8]
ip_reass_pbufcount      0x2000'a614     0x2  Data  Lc  ip4_frag.o [8]
ip_reass_remove_oldest_datagram
                         0x800'446b    0x68  Code  Lc  ip4_frag.o [8]
ip_reass_tmr             0x800'435d    0x2c  Code  Gb  ip4_frag.o [8]
ipaddr                  0x2000'a4e4     0x4  Data  Gb  lwip.o [3]
ipfrag_free_pbuf_custom
                         0x800'48a1    0x26  Code  Lc  ip4_frag.o [8]
ldexp                    0x800'79c5          Code  Gb  ldexp.o [10]
ldexpl                   0x800'79c5          Code  Gb  ldexp.o [10]
lfree                   0x2000'4cb4     0x4  Data  Lc  mem.o [8]
localeconv               0x800'81e1     0x4  Code  Gb  xlocale_c.o [9]
low_level_output         0x800'82f1    0x66  Code  Lc  ethernetif.o [4]
lwip_cyclic_timer        0x800'7615    0x2a  Code  Lc  timeouts.o [8]
lwip_cyclic_timers       0x800'76f8    0x18  Data  Gb  timeouts.o [8]
lwip_htonl               0x800'384d    0x1a  Code  Gb  def.o [8]
lwip_htons               0x800'3841     0xc  Code  Gb  def.o [8]
lwip_init                0x800'a131    0x22  Code  Gb  init.o [8]
main                     0x800'93d5    0x76  Code  Gb  main.o [2]
mem_free                 0x800'707b   0x14a  Code  Gb  mem.o [8]
mem_init                 0x800'704d    0x2e  Code  Gb  mem.o [8]
mem_malloc               0x800'72dd   0x128  Code  Gb  mem.o [8]
mem_trim                 0x800'71c5   0x110  Code  Gb  mem.o [8]
memchr                   0x800'7895          Code  Gb  memchr.o [11]
memp_FRAG_PBUF           0x800'bfbc     0xc  Data  Gb  memp.o [8]
memp_PBUF                0x800'bfd4     0xc  Data  Gb  memp.o [8]
memp_PBUF_POOL           0x800'bfe0     0xc  Data  Gb  memp.o [8]
memp_REASSDATA           0x800'bfb0     0xc  Data  Gb  memp.o [8]
memp_RX_POOL             0x800'8700     0xc  Data  Gb  ethernetif.o [4]
memp_SYS_TIMEOUT         0x800'bfc8     0xc  Data  Gb  memp.o [8]
memp_TCP_PCB             0x800'bf8c     0xc  Data  Gb  memp.o [8]
memp_TCP_PCB_LISTEN      0x800'bf98     0xc  Data  Gb  memp.o [8]
memp_TCP_SEG             0x800'bfa4     0xc  Data  Gb  memp.o [8]
memp_UDP_PCB             0x800'bf80     0xc  Data  Gb  memp.o [8]
memp_free                0x800'1dc1    0x2c  Code  Gb  memp.o [8]
memp_free_pool           0x800'1da1    0x1e  Code  Gb  memp.o [8]
memp_init                0x800'1ce1    0x1a  Code  Gb  memp.o [8]
memp_init_pool           0x800'1cb9    0x28  Code  Gb  memp.o [8]
memp_malloc              0x800'1d4d    0x28  Code  Gb  memp.o [8]
memp_malloc_pool         0x800'1d29    0x22  Code  Gb  memp.o [8]
memp_memory_FRAG_PBUF_base
                        0x2000'9de0   0x16c  Data  Gb  memp.o [8]
memp_memory_PBUF_POOL_base
                        0x2000'74cc  0x2604  Data  Gb  memp.o [8]
memp_memory_PBUF_base   0x2000'a050   0x104  Data  Gb  memp.o [8]
memp_memory_REASSDATA_base
                        0x2000'a328    0xa4  Data  Gb  memp.o [8]
memp_memory_RX_POOL_base
                        0x2000'0328  0x4984  Data  Gb  ethernetif.o [4]
memp_memory_SYS_TIMEOUT_base
                        0x2000'a5ac    0x34  Data  Gb  memp.o [8]
memp_memory_TCP_PCB_LISTEN_base
                        0x2000'a244    0xe4  Data  Gb  memp.o [8]
memp_memory_TCP_PCB_base
                        0x2000'9ad0   0x310  Data  Gb  memp.o [8]
memp_memory_TCP_SEG_base
                        0x2000'9f4c   0x104  Data  Gb  memp.o [8]
memp_memory_UDP_PCB_base
                        0x2000'a3cc    0x84  Data  Gb  memp.o [8]
memp_pools               0x800'ba7c    0x24  Data  Gb  memp.o [8]
memp_tab_FRAG_PBUF      0x2000'a63c     0x4  Data  Lc  memp.o [8]
memp_tab_PBUF           0x2000'a644     0x4  Data  Lc  memp.o [8]
memp_tab_PBUF_POOL      0x2000'a648     0x4  Data  Lc  memp.o [8]
memp_tab_REASSDATA      0x2000'a638     0x4  Data  Lc  memp.o [8]
memp_tab_RX_POOL        0x2000'a624     0x4  Data  Lc  ethernetif.o [4]
memp_tab_SYS_TIMEOUT    0x2000'a640     0x4  Data  Lc  memp.o [8]
memp_tab_TCP_PCB        0x2000'a62c     0x4  Data  Lc  memp.o [8]
memp_tab_TCP_PCB_LISTEN
                        0x2000'a630     0x4  Data  Lc  memp.o [8]
memp_tab_TCP_SEG        0x2000'a634     0x4  Data  Lc  memp.o [8]
memp_tab_UDP_PCB        0x2000'a628     0x4  Data  Lc  memp.o [8]
memset                   0x800'9ca9    0x14  Code  Gb  memset.o [11]
netif_add                0x800'15df    0xfc  Code  Gb  netif.o [8]
netif_default           0x2000'a610     0x4  Data  Gb  netif.o [8]
netif_do_ip_addr_changed
                         0x800'16db    0x16  Code  Lc  netif.o [8]
netif_do_set_gw          0x800'176f    0x16  Code  Lc  netif.o [8]
netif_do_set_ipaddr      0x800'16f1    0x60  Code  Lc  netif.o [8]
netif_do_set_netmask     0x800'1759    0x16  Code  Lc  netif.o [8]
netif_get_by_index       0x800'18f3    0x20  Code  Gb  netif.o [8]
netif_init               0x800'15dd     0x2  Code  Gb  netif.o [8]
netif_issue_reports      0x800'1809    0x40  Code  Lc  netif.o [8]
netif_list              0x2000'a60c     0x4  Data  Gb  netif.o [8]
netif_null_output_ip4    0x800'18ed     0x6  Code  Lc  netif.o [8]
netif_num               0x2000'a608     0x1  Data  Lc  netif.o [8]
netif_set_addr           0x800'1785    0x4c  Code  Gb  netif.o [8]
netif_set_default        0x800'17d9     0x6  Code  Gb  netif.o [8]
netif_set_down           0x800'1849    0x2c  Code  Gb  netif.o [8]
netif_set_link_callback
                         0x800'18e7     0x6  Code  Gb  netif.o [8]
netif_set_link_down      0x800'18b9    0x2e  Code  Gb  netif.o [8]
netif_set_link_up        0x800'1875    0x44  Code  Gb  netif.o [8]
netif_set_up             0x800'17e1    0x28  Code  Gb  netif.o [8]
netmask                 0x2000'a4e8     0x4  Data  Gb  lwip.o [3]
next_timeout            0x2000'a61c     0x4  Data  Lc  timeouts.o [8]
obuf                    0x2000'a524    0x50  Data  Lc  xfiles.o [9]
pbuf_add_header          0x800'216d     0x4  Code  Gb  pbuf.o [8]
pbuf_add_header_impl     0x800'210d    0x60  Code  Lc  pbuf.o [8]
pbuf_alloc               0x800'1e9f   0x156  Code  Gb  pbuf.o [8]
pbuf_alloc_reference     0x800'1ff5    0x48  Code  Gb  pbuf.o [8]
pbuf_alloced_custom      0x800'203d    0x38  Code  Gb  pbuf.o [8]
pbuf_cat                 0x800'22b9    0x72  Code  Gb  pbuf.o [8]
pbuf_clen                0x800'2285    0x12  Code  Gb  pbuf.o [8]
pbuf_clone               0x800'24a9    0x32  Code  Gb  pbuf.o [8]
pbuf_copy                0x800'232b    0xf6  Code  Gb  pbuf.o [8]
pbuf_copy_partial        0x800'2427    0x82  Code  Gb  pbuf.o [8]
pbuf_free                0x800'21d3    0xaa  Code  Gb  pbuf.o [8]
pbuf_free_custom         0x800'8479    0x18  Code  Gb  ethernetif.o [4]
pbuf_free_ooseq          0x800'1e61    0x20  Code  Gb  pbuf.o [8]
pbuf_free_ooseq_pending
                        0x2000'a657     0x1  Data  Gb  pbuf.o [8]
pbuf_header_force        0x800'21cf     0x4  Code  Gb  pbuf.o [8]
pbuf_header_impl         0x800'21c1     0xe  Code  Lc  pbuf.o [8]
pbuf_init_alloced_pbuf   0x800'1e81    0x1e  Code  Lc  pbuf.o [8]
pbuf_realloc             0x800'2075    0x98  Code  Gb  pbuf.o [8]
pbuf_ref                 0x800'2297    0x22  Code  Gb  pbuf.o [8]
pbuf_remove_header       0x800'2171    0x50  Code  Gb  pbuf.o [8]
printf                   0x800'1c91    0x28  Code  Gb  printf.o [9]
putchar                  0x800'bd2d    0x44  Code  Gb  putchar.o [9]
ram                     0x2000'4cac     0x4  Data  Lc  mem.o [8]
ram_end                 0x2000'4cb0     0x4  Data  Lc  mem.o [8]
ram_heap                0x2000'4cb8  0x2814  Data  Gb  mem.o [8]
rand                     0x800'74d1    0x8a  Code  Gb  rand.o [9]
reassdatagrams          0x2000'a618     0x4  Data  Lc  ip4_frag.o [8]
recv_acked              0x2000'a58e     0x2  Data  Lc  tcp_in.o [8]
recv_data               0x2000'a5a4     0x4  Data  Lc  tcp_in.o [8]
recv_flags              0x2000'a575     0x1  Data  Lc  tcp_in.o [8]
scalbln                  0x800'79c5          Code  Gb  ldexp.o [10]
scalblnl                 0x800'79c5          Code  Gb  ldexp.o [10]
scalbn                   0x800'79c5          Code  Gb  ldexp.o [10]
scalbnl                  0x800'79c5          Code  Gb  ldexp.o [10]
scale                    0x800'6f75    0x46  Code  Lc  xprintffull_nomb.o [9]
sec_hand                0x2000'a650     0x4  Data  Lc  xfail_s.o [9]
seqno                   0x2000'a59c     0x4  Data  Lc  tcp_in.o [8]
sprintf                  0x800'a155    0x40  Code  Gb  sprintf.o [9]
strchr                   0x800'7829          Code  Gb  strchr.o [11]
sys_check_timeouts       0x800'7693    0x46  Code  Gb  timeouts.o [8]
sys_now                  0x800'8491     0x4  Code  Gb  ethernetif.o [4]
sys_timeout              0x800'7663    0x30  Code  Gb  timeouts.o [8]
sys_timeout_abs          0x800'75b9    0x5c  Code  Lc  timeouts.o [8]
sys_timeouts_init        0x800'7641    0x22  Code  Gb  timeouts.o [8]
tcp_abandon              0x800'2989    0xd8  Code  Gb  tcp.o [8]
tcp_abort                0x800'2a7d     0x4  Code  Gb  tcp.o [8]
tcp_active_pcbs         0x2000'0280     0x4  Data  Gb  tcp.o [8]
tcp_active_pcbs_changed
                        0x2000'0270     0x1  Data  Gb  tcp.o [8]
tcp_alloc                0x800'32c5   0x112  Code  Gb  tcp.o [8]
tcp_arg                  0x800'33e5     0x6  Code  Gb  tcp.o [8]
tcp_backoff              0x800'3828    0x10  Data  Lc  tcp.o [8]
tcp_bound_pcbs          0x2000'0278     0x4  Data  Gb  tcp.o [8]
tcp_client_connected     0x800'9ac1    0x5e  Code  Lc  TCPClientMD.o [2]
tcp_client_connection_close
                         0x800'9bff    0x40  Code  Lc  TCPClientMD.o [2]
tcp_client_handle        0x800'9c3f    0x40  Code  Lc  TCPClientMD.o [2]
tcp_client_init          0x800'9aa9    0x18  Code  Gb  TCPClientMD.o [2]
tcp_client_poll          0x800'9ba1    0x16  Code  Lc  TCPClientMD.o [2]
tcp_client_recieve       0x800'9b21    0x78  Code  Lc  TCPClientMD.o [2]
tcp_client_send          0x800'9be3    0x1c  Code  Lc  TCPClientMD.o [2]
tcp_client_sent          0x800'9bb9     0xc  Code  Lc  TCPClientMD.o [2]
tcp_close                0x800'293d    0x32  Code  Gb  tcp.o [8]
tcp_close_shutdown       0x800'26cd   0x178  Code  Lc  tcp.o [8]
tcp_close_shutdown_fin   0x800'2845    0x72  Code  Lc  tcp.o [8]
tcp_connect              0x800'2be9   0x106  Code  Gb  tcp.o [8]
tcp_create_segment       0x800'019d    0xc6  Code  Lc  tcp_out.o [8]
tcp_eff_send_mss_netif   0x800'35d9    0x36  Code  Gb  tcp.o [8]
tcp_enqueue_flags        0x800'0ac1   0x11a  Code  Gb  tcp_out.o [8]
tcp_err                  0x800'3433    0x24  Code  Gb  tcp.o [8]
tcp_fasttmr              0x800'30cf    0x62  Code  Gb  tcp.o [8]
tcp_free                 0x800'2671    0x28  Code  Gb  tcp.o [8]
tcp_free_acked_segments
                         0x800'55f9    0x9a  Code  Lc  tcp_in.o [8]
tcp_free_ooseq           0x800'369d    0x12  Code  Gb  tcp.o [8]
tcp_get_next_optbyte     0x800'5df7    0x24  Code  Lc  tcp_in.o [8]
tcp_init                 0x800'2659    0x16  Code  Gb  tcp.o [8]
tcp_input                0x800'4bd1   0x8ae  Code  Gb  tcp_in.o [8]
tcp_input_delayed_close
                         0x800'5533    0x4a  Code  Lc  tcp_in.o [8]
tcp_input_pcb           0x2000'a5a8     0x4  Data  Gb  tcp_in.o [8]
tcp_keepalive            0x800'1305    0x50  Code  Gb  tcp_out.o [8]
tcp_kill_state           0x800'326b    0x54  Code  Lc  tcp.o [8]
tcp_listen_pcbs         0x2000'027c     0x4  Data  Gb  tcp.o [8]
tcp_netif_ip_addr_changed
                         0x800'3641    0x42  Code  Gb  tcp.o [8]
tcp_netif_ip_addr_changed_pcblist
                         0x800'360f    0x32  Code  Lc  tcp.o [8]
tcp_new                  0x800'33dd     0x2  Code  Gb  tcp.o [8]
tcp_new_port             0x800'2b8d    0x4c  Code  Lc  tcp.o [8]
tcp_next_iss             0x800'35b5    0x22  Code  Gb  tcp.o [8]
tcp_next_iss::iss       0x2000'0288     0x4  Data  Lc  tcp.o [8]
tcp_oos_insert_segment   0x800'557d    0x7c  Code  Lc  tcp_in.o [8]
tcp_optidx              0x2000'a58c     0x2  Data  Lc  tcp_in.o [8]
tcp_output               0x800'0bf3   0x2dc  Code  Gb  tcp_out.o [8]
tcp_output_alloc_header
                         0x800'1129    0x48  Code  Lc  tcp_out.o [8]
tcp_output_alloc_header_common
                         0x800'1099    0x88  Code  Lc  tcp_out.o [8]
tcp_output_control_segment
                         0x800'11bd    0x58  Code  Lc  tcp_out.o [8]
tcp_output_fill_options
                         0x800'1171    0x46  Code  Lc  tcp_out.o [8]
tcp_output_segment_busy
                         0x800'0ed5    0x26  Code  Lc  tcp_out.o [8]
tcp_parseopt             0x800'5e1d    0x76  Code  Lc  tcp_in.o [8]
tcp_pbuf_prealloc        0x800'029d    0xa2  Code  Lc  tcp_out.o [8]
tcp_pcb_lists            0x800'2bd8    0x10  Data  Gb  tcp.o [8]
tcp_pcb_purge            0x800'349f    0x60  Code  Gb  tcp.o [8]
tcp_pcb_remove           0x800'3501    0xae  Code  Gb  tcp.o [8]
tcp_persist_backoff      0x800'3838     0x8  Data  Lc  tcp.o [8]
tcp_poll                 0x800'345f    0x3e  Code  Gb  tcp.o [8]
tcp_port                0x2000'0324     0x2  Data  Lc  tcp.o [8]
tcp_process_refused_data
                         0x800'3141    0x82  Code  Gb  tcp.o [8]
tcp_receive              0x800'56cb   0x708  Code  Lc  tcp_in.o [8]
tcp_recv                 0x800'33eb    0x24  Code  Gb  tcp.o [8]
tcp_recv_null            0x800'322b    0x36  Code  Gb  tcp.o [8]
tcp_recved               0x800'2b05    0x70  Code  Gb  tcp.o [8]
tcp_rexmit               0x800'0fc7    0x6c  Code  Gb  tcp_out.o [8]
tcp_rexmit_fast          0x800'103b    0x5e  Code  Gb  tcp_out.o [8]
tcp_rexmit_rto           0x800'0f9b    0x2c  Code  Gb  tcp_out.o [8]
tcp_rexmit_rto_commit    0x800'0f6f    0x2c  Code  Gb  tcp_out.o [8]
tcp_rexmit_rto_prepare   0x800'0efb    0x6c  Code  Gb  tcp_out.o [8]
tcp_route                0x800'0189    0x12  Code  Lc  tcp_out.o [8]
tcp_rst                  0x800'1215    0x86  Code  Gb  tcp_out.o [8]
tcp_seg_copy             0x800'31f1    0x3a  Code  Gb  tcp.o [8]
tcp_seg_free             0x800'31d5    0x1c  Code  Gb  tcp.o [8]
tcp_segs_free            0x800'31c3    0x12  Code  Gb  tcp.o [8]
tcp_send_empty_ack       0x800'129d    0x66  Code  Gb  tcp_out.o [8]
tcp_send_fin             0x800'0a73    0x4e  Code  Gb  tcp_out.o [8]
tcp_sent                 0x800'340f    0x24  Code  Gb  tcp.o [8]
tcp_slowtmr              0x800'2d15   0x3ac  Code  Gb  tcp.o [8]
tcp_split_unsent_seg     0x800'090b   0x162  Code  Gb  tcp_out.o [8]
tcp_ticks               0x2000'0274     0x4  Data  Gb  tcp.o [8]
tcp_timer               0x2000'a658     0x1  Data  Lc  tcp.o [8]
tcp_timer_ctr           0x2000'0271     0x1  Data  Lc  tcp.o [8]
tcp_timer_needed         0x800'7595    0x24  Code  Gb  timeouts.o [8]
tcp_tmr                  0x800'26ad    0x1e  Code  Gb  tcp.o [8]
tcp_trigger_input_pcb_close
                         0x800'5e93     0xc  Code  Gb  tcp_in.o [8]
tcp_tw_pcbs             0x2000'0284     0x4  Data  Gb  tcp.o [8]
tcp_update_rcv_ann_wnd   0x800'2a81    0x66  Code  Gb  tcp.o [8]
tcp_write                0x800'0375   0x4f6  Code  Gb  tcp_out.o [8]
tcp_zero_window_probe    0x800'1361    0xbc  Code  Gb  tcp_out.o [8]
tcphdr                  0x2000'a594     0x4  Data  Lc  tcp_in.o [8]
tcphdr_opt1len          0x2000'a58a     0x2  Data  Lc  tcp_in.o [8]
tcphdr_opt2             0x2000'a598     0x4  Data  Lc  tcp_in.o [8]
tcphdr_optlen           0x2000'a588     0x2  Data  Lc  tcp_in.o [8]
tcpip_tcp_timer          0x800'756d    0x28  Code  Lc  timeouts.o [8]
tcpip_tcp_timer_active  0x2000'a64c     0x4  Data  Lc  timeouts.o [8]
tcplen                  0x2000'a590     0x2  Data  Lc  tcp_in.o [8]
udp_init                 0x800'38b9    0x16  Code  Gb  udp.o [8]
udp_input                0x800'38cf   0x196  Code  Gb  udp.o [8]
udp_netif_ip_addr_changed
                         0x800'3a65    0x30  Code  Gb  udp.o [8]
udp_pcbs                0x2000'0290     0x4  Data  Gb  udp.o [8]
udp_port                0x2000'028c     0x2  Data  Lc  udp.o [8]
uwTick                  0x2000'0264     0x4  Data  Gb  stm32f4xx_hal.o [7]
uwTickFreq              0x2000'0260     0x1  Data  Gb  stm32f4xx_hal.o [7]
uwTickPrio              0x2000'0268     0x4  Data  Gb  stm32f4xx_hal.o [7]


[1] = D:\MicroController\Ethernet\TCPClientCUBEIDE\EWARM\TCPClientCUBEIDE\Obj\Application\EWARM
[2] = D:\MicroController\Ethernet\TCPClientCUBEIDE\EWARM\TCPClientCUBEIDE\Obj\Application\User\Core
[3] = D:\MicroController\Ethernet\TCPClientCUBEIDE\EWARM\TCPClientCUBEIDE\Obj\Application\User\LWIP\App
[4] = D:\MicroController\Ethernet\TCPClientCUBEIDE\EWARM\TCPClientCUBEIDE\Obj\Application\User\LWIP\Target
[5] = D:\MicroController\Ethernet\TCPClientCUBEIDE\EWARM\TCPClientCUBEIDE\Obj\Drivers\BSP\Components
[6] = D:\MicroController\Ethernet\TCPClientCUBEIDE\EWARM\TCPClientCUBEIDE\Obj\Drivers\CMSIS
[7] = D:\MicroController\Ethernet\TCPClientCUBEIDE\EWARM\TCPClientCUBEIDE\Obj\Drivers\STM32F4xx_HAL_Driver
[8] = D:\MicroController\Ethernet\TCPClientCUBEIDE\EWARM\TCPClientCUBEIDE\Obj\Middlewares\LwIP
[9] = dl7M_tlf.a
[10] = m7M_tls.a
[11] = rt7M_tl.a
[12] = shb_l.a

  42'199 bytes of readonly  code memory
   7'415 bytes of readonly  data memory
  58'967 bytes of readwrite data memory

Errors: none
Warnings: none
