###############################################################################
#
# IAR ELF Linker V9.32.2.340/W64 for ARM                  08/Jul/2024  16:29:46
# Copyright 2007-2023 IAR Systems AB.
#
#    Output file  =
#        D:\MicroController\USB\USB_HOST_MS\EWARM\USB_HOST_MS\Exe\USB_HOST_MS.out
#    Map file     =
#        D:\MicroController\USB\USB_HOST_MS\EWARM\USB_HOST_MS\List\USB_HOST_MS.map
#    Command line =
#        -f
#        D:\MicroController\USB\USB_HOST_MS\EWARM\USB_HOST_MS\Exe\USB_HOST_MS.out.rsp
#        (D:\MicroController\USB\USB_HOST_MS\EWARM\USB_HOST_MS\Obj\Middlewares\FatFs\diskio.o
#        D:\MicroController\USB\USB_HOST_MS\EWARM\USB_HOST_MS\Obj\Application\User\FATFS\App\fatfs.o
#        D:\MicroController\USB\USB_HOST_MS\EWARM\USB_HOST_MS\Obj\Middlewares\FatFs\ff.o
#        D:\MicroController\USB\USB_HOST_MS\EWARM\USB_HOST_MS\Obj\Middlewares\FatFs\ff_gen_drv.o
#        D:\MicroController\USB\USB_HOST_MS\EWARM\USB_HOST_MS\Obj\Application\User\Core\main.o
#        D:\MicroController\USB\USB_HOST_MS\EWARM\USB_HOST_MS\Obj\Application\EWARM\startup_stm32f407xx.o
#        D:\MicroController\USB\USB_HOST_MS\EWARM\USB_HOST_MS\Obj\Drivers\STM32F4xx_HAL_Driver\stm32f4xx_hal.o
#        D:\MicroController\USB\USB_HOST_MS\EWARM\USB_HOST_MS\Obj\Drivers\STM32F4xx_HAL_Driver\stm32f4xx_hal_cortex.o
#        D:\MicroController\USB\USB_HOST_MS\EWARM\USB_HOST_MS\Obj\Drivers\STM32F4xx_HAL_Driver\stm32f4xx_hal_dma.o
#        D:\MicroController\USB\USB_HOST_MS\EWARM\USB_HOST_MS\Obj\Drivers\STM32F4xx_HAL_Driver\stm32f4xx_hal_dma_ex.o
#        D:\MicroController\USB\USB_HOST_MS\EWARM\USB_HOST_MS\Obj\Drivers\STM32F4xx_HAL_Driver\stm32f4xx_hal_exti.o
#        D:\MicroController\USB\USB_HOST_MS\EWARM\USB_HOST_MS\Obj\Drivers\STM32F4xx_HAL_Driver\stm32f4xx_hal_flash.o
#        D:\MicroController\USB\USB_HOST_MS\EWARM\USB_HOST_MS\Obj\Drivers\STM32F4xx_HAL_Driver\stm32f4xx_hal_flash_ex.o
#        D:\MicroController\USB\USB_HOST_MS\EWARM\USB_HOST_MS\Obj\Drivers\STM32F4xx_HAL_Driver\stm32f4xx_hal_flash_ramfunc.o
#        D:\MicroController\USB\USB_HOST_MS\EWARM\USB_HOST_MS\Obj\Drivers\STM32F4xx_HAL_Driver\stm32f4xx_hal_gpio.o
#        D:\MicroController\USB\USB_HOST_MS\EWARM\USB_HOST_MS\Obj\Drivers\STM32F4xx_HAL_Driver\stm32f4xx_hal_hcd.o
#        D:\MicroController\USB\USB_HOST_MS\EWARM\USB_HOST_MS\Obj\Application\User\Core\stm32f4xx_hal_msp.o
#        D:\MicroController\USB\USB_HOST_MS\EWARM\USB_HOST_MS\Obj\Drivers\STM32F4xx_HAL_Driver\stm32f4xx_hal_pwr.o
#        D:\MicroController\USB\USB_HOST_MS\EWARM\USB_HOST_MS\Obj\Drivers\STM32F4xx_HAL_Driver\stm32f4xx_hal_pwr_ex.o
#        D:\MicroController\USB\USB_HOST_MS\EWARM\USB_HOST_MS\Obj\Drivers\STM32F4xx_HAL_Driver\stm32f4xx_hal_rcc.o
#        D:\MicroController\USB\USB_HOST_MS\EWARM\USB_HOST_MS\Obj\Drivers\STM32F4xx_HAL_Driver\stm32f4xx_hal_rcc_ex.o
#        D:\MicroController\USB\USB_HOST_MS\EWARM\USB_HOST_MS\Obj\Drivers\STM32F4xx_HAL_Driver\stm32f4xx_hal_tim.o
#        D:\MicroController\USB\USB_HOST_MS\EWARM\USB_HOST_MS\Obj\Drivers\STM32F4xx_HAL_Driver\stm32f4xx_hal_tim_ex.o
#        D:\MicroController\USB\USB_HOST_MS\EWARM\USB_HOST_MS\Obj\Drivers\STM32F4xx_HAL_Driver\stm32f4xx_hal_uart.o
#        D:\MicroController\USB\USB_HOST_MS\EWARM\USB_HOST_MS\Obj\Application\User\Core\stm32f4xx_it.o
#        D:\MicroController\USB\USB_HOST_MS\EWARM\USB_HOST_MS\Obj\Drivers\STM32F4xx_HAL_Driver\stm32f4xx_ll_usb.o
#        D:\MicroController\USB\USB_HOST_MS\EWARM\USB_HOST_MS\Obj\Middlewares\FatFs\syscall.o
#        D:\MicroController\USB\USB_HOST_MS\EWARM\USB_HOST_MS\Obj\Drivers\CMSIS\system_stm32f4xx.o
#        D:\MicroController\USB\USB_HOST_MS\EWARM\USB_HOST_MS\Obj\Application\User\USB_HOST\App\usb_host.o
#        D:\MicroController\USB\USB_HOST_MS\EWARM\USB_HOST_MS\Obj\Application\User\Core\USBFileHandling.o
#        D:\MicroController\USB\USB_HOST_MS\EWARM\USB_HOST_MS\Obj\Application\User\USB_HOST\Target\usbh_conf.o
#        D:\MicroController\USB\USB_HOST_MS\EWARM\USB_HOST_MS\Obj\Middlewares\USB_Host_Library\usbh_core.o
#        D:\MicroController\USB\USB_HOST_MS\EWARM\USB_HOST_MS\Obj\Middlewares\USB_Host_Library\usbh_ctlreq.o
#        D:\MicroController\USB\USB_HOST_MS\EWARM\USB_HOST_MS\Obj\Application\User\FATFS\Target\usbh_diskio.o
#        D:\MicroController\USB\USB_HOST_MS\EWARM\USB_HOST_MS\Obj\Middlewares\USB_Host_Library\usbh_ioreq.o
#        D:\MicroController\USB\USB_HOST_MS\EWARM\USB_HOST_MS\Obj\Middlewares\USB_Host_Library\usbh_msc.o
#        D:\MicroController\USB\USB_HOST_MS\EWARM\USB_HOST_MS\Obj\Middlewares\USB_Host_Library\usbh_msc_bot.o
#        D:\MicroController\USB\USB_HOST_MS\EWARM\USB_HOST_MS\Obj\Middlewares\USB_Host_Library\usbh_msc_scsi.o
#        D:\MicroController\USB\USB_HOST_MS\EWARM\USB_HOST_MS\Obj\Middlewares\USB_Host_Library\usbh_pipes.o
#        D:\MicroController\USB\USB_HOST_MS\EWARM\USB_HOST_MS\Obj\Application\User\USB_HOST\Target\usbh_platform.o
#        --no_out_extension -o
#        D:\MicroController\USB\USB_HOST_MS\EWARM\USB_HOST_MS\Exe\USB_HOST_MS.out
#        --redirect _Printf=_PrintfFullNoMb --redirect _Scanf=_ScanfFullNoMb
#        --map
#        D:\MicroController\USB\USB_HOST_MS\EWARM\USB_HOST_MS\List\USB_HOST_MS.map
#        --config
#        D:\MicroController\USB\USB_HOST_MS\EWARM/stm32f407xx_flash.icf
#        --semihosting --entry __iar_program_start --vfe --text_out locale
#        --cpu=Cortex-M4 --fpu=VFPv4_sp)
#
###############################################################################

*******************************************************************************
*** RUNTIME MODEL ATTRIBUTES
***

CppFlavor       = *
__CPP_Runtime   = 1
__Heap_Handler  = Basic
__SystemLibrary = DLib
__dlib_version  = 6


*******************************************************************************
*** HEAP SELECTION
***

The basic heap was selected because --advanced_heap
was not specified and the application did not appear to
be primarily optimized for speed.


*******************************************************************************
*** PLACEMENT SUMMARY
***

"A0":  place at address 0x800'0000 { ro section .intvec };
"P1":  place in [from 0x800'0000 to 0x80f'ffff] { ro };
define block CSTACK with size = 1K, alignment = 8 { };
define block HEAP with size = 512, alignment = 8 { };
"P2":  place in [from 0x2000'0000 to 0x2001'ffff] {
          rw, block CSTACK, block HEAP };
initialize by copy { rw };

  Section            Kind         Address    Size  Object
  -------            ----         -------    ----  ------
"A0":                                       0x188
  .intvec            ro code   0x800'0000   0x188  startup_stm32f407xx.o [1]
                             - 0x800'0188   0x188

"P1":                                      0x69d4
  .text              ro code   0x800'0188  0x14ba  ff.o [9]
  .text              ro code   0x800'1642    0x2a  copy_init3.o [13]
  .text              ro code   0x800'166c    0x80  diskio.o [9]
  .text              ro code   0x800'16ec    0x1c  fatfs.o [3]
  .text              ro code   0x800'1708    0x40  ff_gen_drv.o [9]
  .text              ro code   0x800'1748   0xeca  xprintffull_nomb.o [11]
  .text              ro code   0x800'2612     0xa  xsprout.o [11]
  .text              ro code   0x800'261c    0x16  strchr.o [13]
  .rodata            const     0x800'2632     0x2  xlocale_c.o [11]
  .text              ro code   0x800'2634    0x40  xfail_s.o [11]
  .text              ro code   0x800'2674    0x14  strlen_small.o [13]
  .text              ro code   0x800'2688    0x58  memchr.o [13]
  .text              ro code   0x800'26e0    0x18  ABImemcpy_small.o [13]
  .text              ro code   0x800'26f8    0x70  frexp.o [12]
  .text              ro code   0x800'2768    0x34  DblCmpLe.o [12]
  .text              ro code   0x800'279c    0x34  DblCmpGe.o [12]
  .text              ro code   0x800'27d0   0x13a  ldexp.o [12]
  .rodata            const     0x800'290a     0x1  xlocale_c.o [11]
  .text              ro code   0x800'290c    0x36  DblToS32.o [12]
  .text              ro code   0x800'2944    0x22  S32ToDbl.o [12]
  .text              ro code   0x800'2968   0x24e  DblAddSub.o [12]
  .text              ro code   0x800'2bb8   0x246  DblDiv.o [12]
  .text              ro code   0x800'2e00    0x22  DblToU32.o [12]
  .text              ro code   0x800'2e24    0x1c  U32ToDbl.o [12]
  .text              ro code   0x800'2e40   0x1aa  DblMul.o [12]
  .text              ro code   0x800'2fec     0x8  xlocale_c.o [11]
  .text              ro code   0x800'2ff4   0x106  I64DivMod_small.o [13]
  .text              ro code   0x800'30fa     0x6  abort.o [11]
  .text              ro code   0x800'3100     0x2  I64DivZer.o [13]
  .text              ro code   0x800'3104    0x14  exit.o [14]
  .text              ro code   0x800'3118   0x7f4  stm32f4xx_hal_hcd.o [8]
  .text              ro code   0x800'390c   0x226  usbh_conf.o [6]
  .text              ro code   0x800'3b34   0x698  stm32f4xx_ll_usb.o [8]
  .text              ro code   0x800'41cc     0x6  ABImemclr4.o [13]
  .text              ro code   0x800'41d4   0x204  stm32f4xx_hal_gpio.o [8]
  .text              ro code   0x800'43d8    0xc4  stm32f4xx_hal_cortex.o [8]
  .text              ro code   0x800'449c   0x4c2  usbh_core.o [10]
  .text              ro code   0x800'4960   0x164  main.o [2]
  .text              ro code   0x800'4ac4    0x14  usbh_platform.o [6]
  .text              ro code   0x800'4ad8    0x28  stm32f4xx_hal.o [8]
  .text              ro code   0x800'4b00    0x32  ABImemset48.o [13]
  .text              ro code   0x800'4b32    0x6e  usbh_pipes.o [10]
  .text              ro code   0x800'4ba0   0x416  usbh_ctlreq.o [10]
  .text              ro code   0x800'4fb8    0x34  stm32f4xx_hal.o [8]
  .text              ro code   0x800'4fec   0x160  usb_host.o [5]
  .text              ro code   0x800'514c   0x144  stm32f4xx_hal_uart.o [8]
  .text              ro code   0x800'5290   0x320  stm32f4xx_hal_rcc.o [8]
  .text              ro code   0x800'55b0   0x14c  stm32f4xx_hal_rcc.o [8]
  .text              ro code   0x800'56fc     0xc  stm32f4xx_hal.o [8]
  .text              ro code   0x800'5708    0x82  usbh_ioreq.o [10]
  .text              ro code   0x800'578c    0x40  stm32f4xx_hal.o [8]
  .text              ro code   0x800'57cc    0xa8  stm32f4xx_hal_msp.o [2]
  .text              ro code   0x800'5874   0x144  USBFileHandling.o [2]
  .text              ro code   0x800'59b8    0x40  sprintf.o [11]
  .text              ro code   0x800'59f8    0x60  stm32f4xx_hal_rcc.o [8]
  .text              ro code   0x800'5a58    0x14  memset.o [13]
  .text              ro code   0x800'5a6c    0x66  ABImemset.o [13]
  .text              ro code   0x800'5ad4   0x4d8  usbh_msc.o [10]
  .text              ro code   0x800'5fac   0x13c  heap0.o [11]
  .text              ro code   0x800'60e8   0x214  usbh_msc_bot.o [10]
  .text              ro code   0x800'62fc     0x4  heaptramp0.o [11]
  .text              ro code   0x800'6300   0x2ba  usbh_msc_scsi.o [10]
  .text              ro code   0x800'65bc    0x2c  xgetmemchunk.o [11]
  .text              ro code   0x800'65e8     0x6  ABImemclr.o [13]
  .text              ro code   0x800'65f0    0xe8  usbh_diskio.o [4]
  .rodata            const     0x800'66d8    0xe4  usb_host.o [5]
  .rodata            const     0x800'67bc    0x80  ff.o [9]
  Initializer bytes  const     0x800'683c    0x68  <for P2-1>
  .text              ro code   0x800'68a4    0x38  zero_init3.o [13]
  .text              ro code   0x800'68dc    0x28  data_init.o [13]
  .text              ro code   0x800'6904    0x22  fpinit_M.o [12]
  .iar.init_table    const     0x800'6928    0x24  - Linker created -
  .text              ro code   0x800'694c    0x20  stm32f4xx_it.o [2]
  .text              ro code   0x800'696c    0x10  stm32f4xx_hal.o [8]
  .text              ro code   0x800'697c    0x20  system_stm32f4xx.o [7]
  .text              ro code   0x800'699c    0x1e  cmain.o [13]
  .text              ro code   0x800'69ba     0x4  low_level_init.o [11]
  .text              ro code   0x800'69be     0x4  exit.o [11]
  .text              ro code   0x800'69c4     0xa  cexit.o [13]
  .text              ro code   0x800'69d0    0x1c  cstartup_M.o [13]
  .rodata            const     0x800'69ec    0x14  usbh_diskio.o [4]
  .text              ro code   0x800'6a00    0x10  startup_stm32f407xx.o [1]
  .rodata            const     0x800'6a10     0x8  system_stm32f4xx.o [7]
  .rodata            const     0x800'6a18     0x4  usbh_msc.o [10]
  .text              ro code   0x800'6a1c     0x4  startup_stm32f407xx.o [1]
  .text              ro code   0x800'6a20     0x4  startup_stm32f407xx.o [1]
  .text              ro code   0x800'6a24     0x4  startup_stm32f407xx.o [1]
  .text              ro code   0x800'6a28     0x4  startup_stm32f407xx.o [1]
  .text              ro code   0x800'6a2c     0x4  startup_stm32f407xx.o [1]
  .text              ro code   0x800'6a30     0x4  startup_stm32f407xx.o [1]
  .text              ro code   0x800'6a34     0x4  startup_stm32f407xx.o [1]
  .text              ro code   0x800'6a38     0x4  startup_stm32f407xx.o [1]
  .text              ro code   0x800'6a3c     0x4  startup_stm32f407xx.o [1]
  .text              ro code   0x800'6a40     0x4  startup_stm32f407xx.o [1]
  .text              ro code   0x800'6a44     0x4  startup_stm32f407xx.o [1]
  .text              ro code   0x800'6a48     0x4  startup_stm32f407xx.o [1]
  .text              ro code   0x800'6a4c     0x4  startup_stm32f407xx.o [1]
  .text              ro code   0x800'6a50     0x4  startup_stm32f407xx.o [1]
  .text              ro code   0x800'6a54     0x4  startup_stm32f407xx.o [1]
  .text              ro code   0x800'6a58     0x4  startup_stm32f407xx.o [1]
  .text              ro code   0x800'6a5c     0x4  startup_stm32f407xx.o [1]
  .text              ro code   0x800'6a60     0x4  startup_stm32f407xx.o [1]
  .text              ro code   0x800'6a64     0x4  startup_stm32f407xx.o [1]
  .text              ro code   0x800'6a68     0x4  startup_stm32f407xx.o [1]
  .text              ro code   0x800'6a6c     0x4  startup_stm32f407xx.o [1]
  .text              ro code   0x800'6a70     0x4  startup_stm32f407xx.o [1]
  .text              ro code   0x800'6a74     0x4  startup_stm32f407xx.o [1]
  .text              ro code   0x800'6a78     0x4  startup_stm32f407xx.o [1]
  .text              ro code   0x800'6a7c     0x4  startup_stm32f407xx.o [1]
  .text              ro code   0x800'6a80     0x4  startup_stm32f407xx.o [1]
  .text              ro code   0x800'6a84     0x4  startup_stm32f407xx.o [1]
  .text              ro code   0x800'6a88     0x4  startup_stm32f407xx.o [1]
  .text              ro code   0x800'6a8c     0x4  startup_stm32f407xx.o [1]
  .text              ro code   0x800'6a90     0x4  startup_stm32f407xx.o [1]
  .text              ro code   0x800'6a94     0x4  startup_stm32f407xx.o [1]
  .text              ro code   0x800'6a98     0x4  startup_stm32f407xx.o [1]
  .text              ro code   0x800'6a9c     0x4  startup_stm32f407xx.o [1]
  .text              ro code   0x800'6aa0     0x4  startup_stm32f407xx.o [1]
  .text              ro code   0x800'6aa4     0x4  startup_stm32f407xx.o [1]
  .text              ro code   0x800'6aa8     0x4  startup_stm32f407xx.o [1]
  .text              ro code   0x800'6aac     0x4  startup_stm32f407xx.o [1]
  .text              ro code   0x800'6ab0     0x4  startup_stm32f407xx.o [1]
  .text              ro code   0x800'6ab4     0x4  startup_stm32f407xx.o [1]
  .text              ro code   0x800'6ab8     0x4  startup_stm32f407xx.o [1]
  .text              ro code   0x800'6abc     0x4  startup_stm32f407xx.o [1]
  .text              ro code   0x800'6ac0     0x4  startup_stm32f407xx.o [1]
  .text              ro code   0x800'6ac4     0x4  startup_stm32f407xx.o [1]
  .text              ro code   0x800'6ac8     0x4  startup_stm32f407xx.o [1]
  .text              ro code   0x800'6acc     0x4  startup_stm32f407xx.o [1]
  .text              ro code   0x800'6ad0     0x4  startup_stm32f407xx.o [1]
  .text              ro code   0x800'6ad4     0x4  startup_stm32f407xx.o [1]
  .text              ro code   0x800'6ad8     0x4  startup_stm32f407xx.o [1]
  .text              ro code   0x800'6adc     0x4  startup_stm32f407xx.o [1]
  .text              ro code   0x800'6ae0     0x4  startup_stm32f407xx.o [1]
  .text              ro code   0x800'6ae4     0x4  startup_stm32f407xx.o [1]
  .text              ro code   0x800'6ae8     0x4  startup_stm32f407xx.o [1]
  .text              ro code   0x800'6aec     0x4  startup_stm32f407xx.o [1]
  .text              ro code   0x800'6af0     0x4  startup_stm32f407xx.o [1]
  .text              ro code   0x800'6af4     0x4  startup_stm32f407xx.o [1]
  .text              ro code   0x800'6af8     0x4  startup_stm32f407xx.o [1]
  .text              ro code   0x800'6afc     0x4  startup_stm32f407xx.o [1]
  .text              ro code   0x800'6b00     0x4  startup_stm32f407xx.o [1]
  .text              ro code   0x800'6b04     0x4  startup_stm32f407xx.o [1]
  .text              ro code   0x800'6b08     0x4  startup_stm32f407xx.o [1]
  .text              ro code   0x800'6b0c     0x4  startup_stm32f407xx.o [1]
  .text              ro code   0x800'6b10     0x4  startup_stm32f407xx.o [1]
  .text              ro code   0x800'6b14     0x4  startup_stm32f407xx.o [1]
  .text              ro code   0x800'6b18     0x4  startup_stm32f407xx.o [1]
  .text              ro code   0x800'6b1c     0x4  startup_stm32f407xx.o [1]
  .text              ro code   0x800'6b20     0x4  startup_stm32f407xx.o [1]
  .text              ro code   0x800'6b24     0x4  startup_stm32f407xx.o [1]
  .text              ro code   0x800'6b28     0x4  startup_stm32f407xx.o [1]
  .text              ro code   0x800'6b2c     0x4  startup_stm32f407xx.o [1]
  .text              ro code   0x800'6b30     0x4  startup_stm32f407xx.o [1]
  .text              ro code   0x800'6b34     0x4  startup_stm32f407xx.o [1]
  .text              ro code   0x800'6b38     0x4  startup_stm32f407xx.o [1]
  .text              ro code   0x800'6b3c     0x4  startup_stm32f407xx.o [1]
  .text              ro code   0x800'6b40     0x4  startup_stm32f407xx.o [1]
  .text              ro code   0x800'6b44     0x4  startup_stm32f407xx.o [1]
  .text              ro code   0x800'6b48     0x4  startup_stm32f407xx.o [1]
  .text              ro code   0x800'6b4c     0x4  startup_stm32f407xx.o [1]
  .text              ro code   0x800'6b50     0x4  startup_stm32f407xx.o [1]
  .text              ro code   0x800'6b54     0x4  startup_stm32f407xx.o [1]
  .text              ro code   0x800'6b58     0x4  startup_stm32f407xx.o [1]
  .rodata            const     0x800'6b5c     0x0  zero_init3.o [13]
  .rodata            const     0x800'6b5c     0x0  copy_init3.o [13]
                             - 0x800'6b5c  0x69d4

"P2", part 1 of 3:                           0x68
  P2-1                        0x2000'0000    0x68  <Init block>
    .data            inited   0x2000'0000     0xc  stm32f4xx_hal.o [8]
    .data            inited   0x2000'000c     0x4  system_stm32f4xx.o [7]
    .data            inited   0x2000'0010    0x20  usbh_msc.o [10]
    .data            inited   0x2000'0030    0x38  xlocale_c.o [11]
                            - 0x2000'0068    0x68

"P2", part 2 of 3:                         0x2808
  .bss               zero     0x2000'0068  0x1034  fatfs.o [3]
  .bss               zero     0x2000'109c  0x1030  fatfs.o [3]
  .bss               zero     0x2000'20cc   0x3d8  usb_host.o [5]
  .bss               zero     0x2000'24a4   0x304  usbh_conf.o [6]
  .bss               zero     0x2000'27a8    0x44  main.o [2]
  .bss               zero     0x2000'27ec    0x24  USBFileHandling.o [2]
  .bss               zero     0x2000'2810    0x20  ff.o [9]
  .bss               zero     0x2000'2830    0x10  USBFileHandling.o [2]
  .bss               zero     0x2000'2840     0xc  ff_gen_drv.o [9]
  .bss               zero     0x2000'284c     0x8  fatfs.o [3]
  .bss               zero     0x2000'2854     0x8  ff.o [9]
  .bss               zero     0x2000'285c     0x8  heap0.o [11]
  .bss               zero     0x2000'2864     0x4  xfail_s.o [11]
  .bss               zero     0x2000'2868     0x4  xgetmemchunk.o [11]
  .bss               zero     0x2000'286c     0x1  usb_host.o [5]
                            - 0x2000'286d  0x2805

"P2", part 3 of 3:                          0x600
  CSTACK                      0x2000'2870   0x400  <Block>
    CSTACK           uninit   0x2000'2870   0x400  <Block tail>
  HEAP                        0x2000'2c70   0x200  <Block>
    HEAP             uninit   0x2000'2c70   0x200  <Block tail>
                            - 0x2000'2e70   0x600

Unused ranges:

         From           To      Size
         ----           --      ----
   0x800'6b5c   0x80f'ffff  0xf'94a4
  0x2000'2e70  0x2001'ffff  0x1'd190


*******************************************************************************
*** INIT TABLE
***

          Address      Size
          -------      ----
Zero (__iar_zero_init3)
    1 destination range, total size 0x2805:
          0x2000'0068  0x2805

Copy (__iar_copy_init3)
    1 source range, total size 0x68:
           0x800'683c    0x68
    1 destination range, total size 0x68:
          0x2000'0000    0x68



*******************************************************************************
*** MODULE SUMMARY
***

    Module                  ro code  ro data  rw data
    ------                  -------  -------  -------
command line/config:
    -------------------------------------------------
    Total:

D:\MicroController\USB\USB_HOST_MS\EWARM\USB_HOST_MS\Obj\Application\EWARM: [1]
    startup_stm32f407xx.o       728
    -------------------------------------------------
    Total:                      728

D:\MicroController\USB\USB_HOST_MS\EWARM\USB_HOST_MS\Obj\Application\User\Core: [2]
    USBFileHandling.o           324                52
    main.o                      356                68
    stm32f4xx_hal_msp.o         168
    stm32f4xx_it.o               32
    -------------------------------------------------
    Total:                      880               120

D:\MicroController\USB\USB_HOST_MS\EWARM\USB_HOST_MS\Obj\Application\User\FATFS\App: [3]
    fatfs.o                      28             8'300
    -------------------------------------------------
    Total:                       28             8'300

D:\MicroController\USB\USB_HOST_MS\EWARM\USB_HOST_MS\Obj\Application\User\FATFS\Target: [4]
    usbh_diskio.o               232       20
    -------------------------------------------------
    Total:                      232       20

D:\MicroController\USB\USB_HOST_MS\EWARM\USB_HOST_MS\Obj\Application\User\USB_HOST\App: [5]
    usb_host.o                  352      228      985
    -------------------------------------------------
    Total:                      352      228      985

D:\MicroController\USB\USB_HOST_MS\EWARM\USB_HOST_MS\Obj\Application\User\USB_HOST\Target: [6]
    usbh_conf.o                 550               772
    usbh_platform.o              20
    -------------------------------------------------
    Total:                      570               772

D:\MicroController\USB\USB_HOST_MS\EWARM\USB_HOST_MS\Obj\Drivers\CMSIS: [7]
    system_stm32f4xx.o           32       12        4
    -------------------------------------------------
    Total:                       32       12        4

D:\MicroController\USB\USB_HOST_MS\EWARM\USB_HOST_MS\Obj\Drivers\STM32F4xx_HAL_Driver: [8]
    stm32f4xx_hal.o             184       12       12
    stm32f4xx_hal_cortex.o      196
    stm32f4xx_hal_gpio.o        516
    stm32f4xx_hal_hcd.o       2'036
    stm32f4xx_hal_rcc.o       1'228
    stm32f4xx_hal_uart.o        324
    stm32f4xx_ll_usb.o        1'688
    -------------------------------------------------
    Total:                    6'172       12       12

D:\MicroController\USB\USB_HOST_MS\EWARM\USB_HOST_MS\Obj\Middlewares\FatFs: [9]
    diskio.o                    128
    ff.o                      5'306      128       40
    ff_gen_drv.o                 64                12
    -------------------------------------------------
    Total:                    5'498      128       52

D:\MicroController\USB\USB_HOST_MS\EWARM\USB_HOST_MS\Obj\Middlewares\USB_Host_Library: [10]
    usbh_core.o               1'218
    usbh_ctlreq.o             1'046
    usbh_ioreq.o                130
    usbh_msc.o                1'240       36       32
    usbh_msc_bot.o              532
    usbh_msc_scsi.o             698
    usbh_pipes.o                110
    -------------------------------------------------
    Total:                    4'974       36       32

dl7M_tlf.a: [11]
    abort.o                       6
    exit.o                        4
    heap0.o                     316                 8
    heaptramp0.o                  4
    low_level_init.o              4
    sprintf.o                    64
    xfail_s.o                    64                 4
    xgetmemchunk.o               44                 4
    xlocale_c.o                   8       59       56
    xprintffull_nomb.o        3'786
    xsprout.o                    10
    -------------------------------------------------
    Total:                    4'310       59       72

m7M_tls.a: [12]
    DblAddSub.o                 590
    DblCmpGe.o                   52
    DblCmpLe.o                   52
    DblDiv.o                    582
    DblMul.o                    426
    DblToS32.o                   54
    DblToU32.o                   34
    S32ToDbl.o                   34
    U32ToDbl.o                   28
    fpinit_M.o                   34
    frexp.o                     112
    ldexp.o                     314
    -------------------------------------------------
    Total:                    2'312

rt7M_tl.a: [13]
    ABImemclr.o                   6
    ABImemclr4.o                  6
    ABImemcpy_small.o            24
    ABImemset.o                 102
    ABImemset48.o                50
    I64DivMod_small.o           262
    I64DivZer.o                   2
    cexit.o                      10
    cmain.o                      30
    copy_init3.o                 42
    cstartup_M.o                 28
    data_init.o                  40
    memchr.o                     88
    memset.o                     20
    strchr.o                     22
    strlen_small.o               20
    zero_init3.o                 56
    -------------------------------------------------
    Total:                      808

shb_l.a: [14]
    exit.o                       20
    -------------------------------------------------
    Total:                       20

    Gaps                         35        2
    Linker created                        36    1'536
-----------------------------------------------------
    Grand Total:             26'951      533   11'885


*******************************************************************************
*** ENTRY LIST
***

Entry                       Address    Size  Type      Object
-----                       -------    ----  ----      ------
.iar.init_table$$Base    0x800'6928           --   Gb  - Linker created -
.iar.init_table$$Limit   0x800'694c           --   Gb  - Linker created -
?main                    0x800'699d          Code  Gb  cmain.o [13]
ADC_IRQHandler           0x800'6a65          Code  Wk  startup_stm32f407xx.o [1]
AHBPrescTable            0x800'698c    0x10  Data  Gb  system_stm32f4xx.o [7]
APBPrescTable            0x800'6a10     0x8  Data  Gb  system_stm32f4xx.o [7]
Aldata                  0x2000'285c     0x8  Data  Lc  heap0.o [11]
Appli_state             0x2000'286c     0x1  Data  Gb  usb_host.o [5]
BusFault_Handler         0x800'6953     0x2  Code  Gb  stm32f4xx_it.o [2]
CAN1_RX0_IRQHandler      0x800'6a6d          Code  Wk  startup_stm32f407xx.o [1]
CAN1_RX1_IRQHandler      0x800'6a71          Code  Wk  startup_stm32f407xx.o [1]
CAN1_SCE_IRQHandler      0x800'6a75          Code  Wk  startup_stm32f407xx.o [1]
CAN1_TX_IRQHandler       0x800'6a69          Code  Wk  startup_stm32f407xx.o [1]
CAN2_RX0_IRQHandler      0x800'6b1d          Code  Wk  startup_stm32f407xx.o [1]
CAN2_RX1_IRQHandler      0x800'6b21          Code  Wk  startup_stm32f407xx.o [1]
CAN2_SCE_IRQHandler      0x800'6b25          Code  Wk  startup_stm32f407xx.o [1]
CAN2_TX_IRQHandler       0x800'6b19          Code  Wk  startup_stm32f407xx.o [1]
CSTACK$$Base            0x2000'2870           --   Gb  - Linker created -
CSTACK$$Limit           0x2000'2c70           --   Gb  - Linker created -
DCMI_IRQHandler          0x800'6b51          Code  Wk  startup_stm32f407xx.o [1]
DMA1_Stream0_IRQHandler
                         0x800'6a49          Code  Wk  startup_stm32f407xx.o [1]
DMA1_Stream1_IRQHandler
                         0x800'6a4d          Code  Wk  startup_stm32f407xx.o [1]
DMA1_Stream2_IRQHandler
                         0x800'6a51          Code  Wk  startup_stm32f407xx.o [1]
DMA1_Stream3_IRQHandler
                         0x800'6a55          Code  Wk  startup_stm32f407xx.o [1]
DMA1_Stream4_IRQHandler
                         0x800'6a59          Code  Wk  startup_stm32f407xx.o [1]
DMA1_Stream5_IRQHandler
                         0x800'6a5d          Code  Wk  startup_stm32f407xx.o [1]
DMA1_Stream6_IRQHandler
                         0x800'6a61          Code  Wk  startup_stm32f407xx.o [1]
DMA1_Stream7_IRQHandler
                         0x800'6ad9          Code  Wk  startup_stm32f407xx.o [1]
DMA2_Stream0_IRQHandler
                         0x800'6afd          Code  Wk  startup_stm32f407xx.o [1]
DMA2_Stream1_IRQHandler
                         0x800'6b01          Code  Wk  startup_stm32f407xx.o [1]
DMA2_Stream2_IRQHandler
                         0x800'6b05          Code  Wk  startup_stm32f407xx.o [1]
DMA2_Stream3_IRQHandler
                         0x800'6b09          Code  Wk  startup_stm32f407xx.o [1]
DMA2_Stream4_IRQHandler
                         0x800'6b0d          Code  Wk  startup_stm32f407xx.o [1]
DMA2_Stream5_IRQHandler
                         0x800'6b29          Code  Wk  startup_stm32f407xx.o [1]
DMA2_Stream6_IRQHandler
                         0x800'6b2d          Code  Wk  startup_stm32f407xx.o [1]
DMA2_Stream7_IRQHandler
                         0x800'6b31          Code  Wk  startup_stm32f407xx.o [1]
DeInitStateMachine       0x800'44dd    0x46  Code  Lc  usbh_core.o [10]
DebugMon_Handler         0x800'6959     0x2  Code  Gb  stm32f4xx_it.o [2]
ETH_IRQHandler           0x800'6b11          Code  Wk  startup_stm32f407xx.o [1]
ETH_WKUP_IRQHandler      0x800'6b15          Code  Wk  startup_stm32f407xx.o [1]
EXTI0_IRQHandler         0x800'6a35          Code  Wk  startup_stm32f407xx.o [1]
EXTI15_10_IRQHandler     0x800'6abd          Code  Wk  startup_stm32f407xx.o [1]
EXTI1_IRQHandler         0x800'6a39          Code  Wk  startup_stm32f407xx.o [1]
EXTI2_IRQHandler         0x800'6a3d          Code  Wk  startup_stm32f407xx.o [1]
EXTI3_IRQHandler         0x800'6a41          Code  Wk  startup_stm32f407xx.o [1]
EXTI4_IRQHandler         0x800'6a45          Code  Wk  startup_stm32f407xx.o [1]
EXTI9_5_IRQHandler       0x800'6a79          Code  Wk  startup_stm32f407xx.o [1]
Error_Handler            0x800'4ac1     0x4  Code  Gb  main.o [2]
ExCvt                    0x800'67bc    0x80  Data  Lc  ff.o [9]
FATFS_LinkDriver         0x800'1741     0x4  Code  Gb  ff_gen_drv.o [9]
FATFS_LinkDriverEx       0x800'1709    0x38  Code  Gb  ff_gen_drv.o [9]
FLASH_IRQHandler         0x800'6a2d          Code  Wk  startup_stm32f407xx.o [1]
FPU_IRQHandler           0x800'6b59          Code  Wk  startup_stm32f407xx.o [1]
FSMC_IRQHandler          0x800'6add          Code  Wk  startup_stm32f407xx.o [1]
FatFs                   0x2000'2858     0x4  Data  Lc  ff.o [9]
Files                   0x2000'2810    0x20  Data  Lc  ff.o [9]
Fsid                    0x2000'2854     0x2  Data  Lc  ff.o [9]
HAL_Delay                0x800'4ad9    0x28  Code  Wk  stm32f4xx_hal.o [8]
HAL_GPIO_Init            0x800'41d5   0x1d0  Code  Gb  stm32f4xx_hal_gpio.o [8]
HAL_GPIO_WritePin        0x800'43a5     0x8  Code  Gb  stm32f4xx_hal_gpio.o [8]
HAL_GetTick              0x800'56fd     0xc  Code  Wk  stm32f4xx_hal.o [8]
HAL_HCD_Connect_Callback
                         0x800'39a7     0x8  Code  Gb  usbh_conf.o [6]
HAL_HCD_Disconnect_Callback
                         0x800'39af     0x8  Code  Gb  usbh_conf.o [6]
HAL_HCD_GetCurrentFrame
                         0x800'3901     0x6  Code  Gb  stm32f4xx_hal_hcd.o [8]
HAL_HCD_GetCurrentSpeed
                         0x800'3907     0x6  Code  Gb  stm32f4xx_hal_hcd.o [8]
HAL_HCD_HC_GetURBState   0x800'38eb     0xc  Code  Gb  stm32f4xx_hal_hcd.o [8]
HAL_HCD_HC_GetXferCount
                         0x800'38f7     0xa  Code  Gb  stm32f4xx_hal_hcd.o [8]
HAL_HCD_HC_Halt          0x800'31ed    0x16  Code  Gb  stm32f4xx_hal_hcd.o [8]
HAL_HCD_HC_Init          0x800'3185    0x68  Code  Gb  stm32f4xx_hal_hcd.o [8]
HAL_HCD_HC_NotifyURBChange_Callback
                         0x800'39b7     0x2  Code  Gb  usbh_conf.o [6]
HAL_HCD_HC_SubmitRequest
                         0x800'3205    0x92  Code  Gb  stm32f4xx_hal_hcd.o [8]
HAL_HCD_IRQHandler       0x800'3297   0x5c4  Code  Gb  stm32f4xx_hal_hcd.o [8]
HAL_HCD_Init             0x800'3119    0x62  Code  Gb  stm32f4xx_hal_hcd.o [8]
HAL_HCD_MspInit          0x800'390d    0x92  Code  Gb  usbh_conf.o [6]
HAL_HCD_PortDisabled_Callback
                         0x800'39c1     0x8  Code  Gb  usbh_conf.o [6]
HAL_HCD_PortEnabled_Callback
                         0x800'39b9     0x8  Code  Gb  usbh_conf.o [6]
HAL_HCD_ResetPort        0x800'38e5     0x6  Code  Gb  stm32f4xx_hal_hcd.o [8]
HAL_HCD_SOF_Callback     0x800'399f     0x8  Code  Gb  usbh_conf.o [6]
HAL_HCD_Start            0x800'3897    0x1c  Code  Gb  stm32f4xx_hal_hcd.o [8]
HAL_HCD_Stop             0x800'38cf    0x16  Code  Gb  stm32f4xx_hal_hcd.o [8]
HAL_IncTick              0x800'696d    0x10  Code  Wk  stm32f4xx_hal.o [8]
HAL_Init                 0x800'4fb9    0x30  Code  Gb  stm32f4xx_hal.o [8]
HAL_InitTick             0x800'578d    0x40  Code  Wk  stm32f4xx_hal.o [8]
HAL_MspInit              0x800'57cd    0x34  Code  Gb  stm32f4xx_hal_msp.o [2]
HAL_NVIC_EnableIRQ       0x800'4447    0x16  Code  Gb  stm32f4xx_hal_cortex.o [8]
HAL_NVIC_SetPriority     0x800'440d    0x3a  Code  Gb  stm32f4xx_hal_cortex.o [8]
HAL_NVIC_SetPriorityGrouping
                         0x800'43f3    0x1a  Code  Gb  stm32f4xx_hal_cortex.o [8]
HAL_RCC_ClockConfig      0x800'55b1   0x100  Code  Gb  stm32f4xx_hal_rcc.o [8]
HAL_RCC_GetPCLK1Freq     0x800'56bd    0x10  Code  Gb  stm32f4xx_hal_rcc.o [8]
HAL_RCC_GetPCLK2Freq     0x800'56cd     0xe  Code  Gb  stm32f4xx_hal_rcc.o [8]
HAL_RCC_GetSysClockFreq
                         0x800'59f9    0x60  Code  Wk  stm32f4xx_hal_rcc.o [8]
HAL_RCC_OscConfig        0x800'5291   0x320  Code  Wk  stm32f4xx_hal_rcc.o [8]
HAL_SYSTICK_Config       0x800'445d    0x22  Code  Gb  stm32f4xx_hal_cortex.o [8]
HAL_UART_Init            0x800'514d    0x1e  Code  Gb  stm32f4xx_hal_uart.o [8]
HAL_UART_MspInit         0x800'5801    0x64  Code  Gb  stm32f4xx_hal_msp.o [2]
HASH_RNG_IRQHandler      0x800'6b55          Code  Wk  startup_stm32f407xx.o [1]
HEAP$$Base              0x2000'2c70           --   Gb  - Linker created -
HEAP$$Limit             0x2000'2e70           --   Gb  - Linker created -
HardFault_Handler        0x800'694f     0x2  Code  Gb  stm32f4xx_it.o [2]
I2C1_ER_IRQHandler       0x800'6a9d          Code  Wk  startup_stm32f407xx.o [1]
I2C1_EV_IRQHandler       0x800'6a99          Code  Wk  startup_stm32f407xx.o [1]
I2C2_ER_IRQHandler       0x800'6aa5          Code  Wk  startup_stm32f407xx.o [1]
I2C2_EV_IRQHandler       0x800'6aa1          Code  Wk  startup_stm32f407xx.o [1]
I2C3_ER_IRQHandler       0x800'6b3d          Code  Wk  startup_stm32f407xx.o [1]
I2C3_EV_IRQHandler       0x800'6b39          Code  Wk  startup_stm32f407xx.o [1]
MX_DriverVbusFS          0x800'4ac5    0x14  Code  Gb  usbh_platform.o [6]
MX_FATFS_Init            0x800'16ed    0x10  Code  Gb  fatfs.o [3]
MX_USB_HOST_Init         0x800'4fed    0x36  Code  Gb  usb_host.o [5]
MX_USB_HOST_Process      0x800'5023     0x6  Code  Gb  usb_host.o [5]
MemManage_Handler        0x800'6951     0x2  Code  Gb  stm32f4xx_it.o [2]
NMI_Handler              0x800'694d     0x2  Code  Gb  stm32f4xx_it.o [2]
OTG_FS_IRQHandler        0x800'6961     0x6  Code  Gb  stm32f4xx_it.o [2]
OTG_FS_WKUP_IRQHandler   0x800'6ac5          Code  Wk  startup_stm32f407xx.o [1]
OTG_HS_EP1_IN_IRQHandler
                         0x800'6b45          Code  Wk  startup_stm32f407xx.o [1]
OTG_HS_EP1_OUT_IRQHandler
                         0x800'6b41          Code  Wk  startup_stm32f407xx.o [1]
OTG_HS_IRQHandler        0x800'6b4d          Code  Wk  startup_stm32f407xx.o [1]
OTG_HS_WKUP_IRQHandler   0x800'6b49          Code  Wk  startup_stm32f407xx.o [1]
PVD_IRQHandler           0x800'6a21          Code  Wk  startup_stm32f407xx.o [1]
PendSV_Handler           0x800'695b     0x2  Code  Gb  stm32f4xx_it.o [2]
RCC_IRQHandler           0x800'6a31          Code  Wk  startup_stm32f407xx.o [1]
RTC_Alarm_IRQHandler     0x800'6ac1          Code  Wk  startup_stm32f407xx.o [1]
RTC_WKUP_IRQHandler      0x800'6a29          Code  Wk  startup_stm32f407xx.o [1]
Region$$Table$$Base      0x800'6928           --   Gb  - Linker created -
Region$$Table$$Limit     0x800'694c           --   Gb  - Linker created -
Reset_Handler            0x800'6a01          Code  Wk  startup_stm32f407xx.o [1]
SDIO_IRQHandler          0x800'6ae1          Code  Wk  startup_stm32f407xx.o [1]
SPI1_IRQHandler          0x800'6aa9          Code  Wk  startup_stm32f407xx.o [1]
SPI2_IRQHandler          0x800'6aad          Code  Wk  startup_stm32f407xx.o [1]
SPI3_IRQHandler          0x800'6ae9          Code  Wk  startup_stm32f407xx.o [1]
SVC_Handler              0x800'6957     0x2  Code  Gb  stm32f4xx_it.o [2]
SysTick_Handler          0x800'695d     0x4  Code  Gb  stm32f4xx_it.o [2]
SystemClock_Config       0x800'4a09    0xa0  Code  Gb  main.o [2]
SystemCoreClock         0x2000'000c     0x4  Data  Gb  system_stm32f4xx.o [7]
SystemInit               0x800'697d     0xc  Code  Gb  system_stm32f4xx.o [7]
TAMP_STAMP_IRQHandler    0x800'6a25          Code  Wk  startup_stm32f407xx.o [1]
TIM1_BRK_TIM9_IRQHandler
                         0x800'6a7d          Code  Wk  startup_stm32f407xx.o [1]
TIM1_CC_IRQHandler       0x800'6a89          Code  Wk  startup_stm32f407xx.o [1]
TIM1_TRG_COM_TIM11_IRQHandler
                         0x800'6a85          Code  Wk  startup_stm32f407xx.o [1]
TIM1_UP_TIM10_IRQHandler
                         0x800'6a81          Code  Wk  startup_stm32f407xx.o [1]
TIM2_IRQHandler          0x800'6a8d          Code  Wk  startup_stm32f407xx.o [1]
TIM3_IRQHandler          0x800'6a91          Code  Wk  startup_stm32f407xx.o [1]
TIM4_IRQHandler          0x800'6a95          Code  Wk  startup_stm32f407xx.o [1]
TIM5_IRQHandler          0x800'6ae5          Code  Wk  startup_stm32f407xx.o [1]
TIM6_DAC_IRQHandler      0x800'6af5          Code  Wk  startup_stm32f407xx.o [1]
TIM7_IRQHandler          0x800'6af9          Code  Wk  startup_stm32f407xx.o [1]
TIM8_BRK_TIM12_IRQHandler
                         0x800'6ac9          Code  Wk  startup_stm32f407xx.o [1]
TIM8_CC_IRQHandler       0x800'6ad5          Code  Wk  startup_stm32f407xx.o [1]
TIM8_TRG_COM_TIM14_IRQHandler
                         0x800'6ad1          Code  Wk  startup_stm32f407xx.o [1]
TIM8_UP_TIM13_IRQHandler
                         0x800'6acd          Code  Wk  startup_stm32f407xx.o [1]
UART4_IRQHandler         0x800'6aed          Code  Wk  startup_stm32f407xx.o [1]
UART5_IRQHandler         0x800'6af1          Code  Wk  startup_stm32f407xx.o [1]
UART_SetConfig           0x800'51c7    0xb0  Code  Lc  stm32f4xx_hal_uart.o [8]
USART1_IRQHandler        0x800'6ab1          Code  Wk  startup_stm32f407xx.o [1]
USART2_IRQHandler        0x800'6ab5          Code  Wk  startup_stm32f407xx.o [1]
USART3_IRQHandler        0x800'6ab9          Code  Wk  startup_stm32f407xx.o [1]
USART6_IRQHandler        0x800'6b35          Code  Wk  startup_stm32f407xx.o [1]
USBHFatFS               0x2000'0068  0x1034  Data  Gb  fatfs.o [3]
USBHFile                0x2000'109c  0x1030  Data  Gb  fatfs.o [3]
USBHPath                0x2000'2850     0x4  Data  Gb  fatfs.o [3]
USBH_AllocPipe           0x800'4b59    0x30  Code  Gb  usbh_pipes.o [10]
USBH_BulkReceiveData     0x800'5765     0x8  Code  Gb  usbh_ioreq.o [10]
USBH_BulkSendData        0x800'5735     0xa  Code  Gb  usbh_ioreq.o [10]
USBH_ClosePipe           0x800'4b4f     0xa  Code  Gb  usbh_pipes.o [10]
USBH_ClrFeature          0x800'4de5    0x16  Code  Gb  usbh_ctlreq.o [10]
USBH_CtlReceiveData      0x800'572b     0xa  Code  Gb  usbh_ioreq.o [10]
USBH_CtlReq              0x800'4e09   0x1a6  Code  Gb  usbh_ctlreq.o [10]
USBH_CtlSendData         0x800'571f     0xc  Code  Gb  usbh_ioreq.o [10]
USBH_CtlSendSetup        0x800'5709    0x16  Code  Gb  usbh_ioreq.o [10]
USBH_Delay               0x800'3b1d     0x4  Code  Gb  usbh_conf.o [6]
USBH_Driver              0x800'69ec    0x14  Data  Gb  usbh_diskio.o [4]
USBH_FindInterface       0x800'455d    0x40  Code  Gb  usbh_core.o [10]
USBH_FreePipe            0x800'4b89    0x18  Code  Gb  usbh_pipes.o [10]
USBH_GetDescriptor       0x800'4d69    0x36  Code  Gb  usbh_ctlreq.o [10]
USBH_GetNextDesc         0x800'4dfb     0xe  Code  Gb  usbh_ctlreq.o [10]
USBH_Get_CfgDesc         0x800'4c17   0x106  Code  Gb  usbh_ctlreq.o [10]
USBH_Get_DevDesc         0x800'4ba1    0x76  Code  Gb  usbh_ctlreq.o [10]
USBH_Get_StringDesc      0x800'4d1d    0x4c  Code  Gb  usbh_ctlreq.o [10]
USBH_Get_USB_Status      0x800'3b21    0x12  Code  Gb  usbh_conf.o [6]
USBH_Init                0x800'449d    0x40  Code  Gb  usbh_core.o [10]
USBH_LL_ClosePipe        0x800'3a93     0xc  Code  Gb  usbh_conf.o [6]
USBH_LL_Connect          0x800'491d    0x14  Code  Gb  usbh_core.o [10]
USBH_LL_Disconnect       0x800'4931    0x12  Code  Gb  usbh_core.o [10]
USBH_LL_DriverVBUS       0x800'3ad1    0x1a  Code  Gb  usbh_conf.o [6]
USBH_LL_GetLastXferSize
                         0x800'3a69     0x8  Code  Gb  usbh_conf.o [6]
USBH_LL_GetSpeed         0x800'3a41    0x1c  Code  Gb  usbh_conf.o [6]
USBH_LL_GetToggle        0x800'3b05    0x18  Code  Gb  usbh_conf.o [6]
USBH_LL_GetURBState      0x800'3ac9     0x8  Code  Gb  usbh_conf.o [6]
USBH_LL_IncTimer         0x800'48f5    0x1c  Code  Gb  usbh_core.o [10]
USBH_LL_Init             0x800'39c9    0x4c  Code  Gb  usbh_conf.o [6]
USBH_LL_OpenPipe         0x800'3a71    0x22  Code  Gb  usbh_conf.o [6]
USBH_LL_PortDisabled     0x800'4915     0x2  Code  Gb  usbh_core.o [10]
USBH_LL_PortEnabled      0x800'4911     0x4  Code  Gb  usbh_core.o [10]
USBH_LL_ResetPort        0x800'3a5d     0xc  Code  Gb  usbh_conf.o [6]
USBH_LL_SetTimer         0x800'48ef     0x6  Code  Gb  usbh_core.o [10]
USBH_LL_SetToggle        0x800'3aeb    0x1a  Code  Gb  usbh_conf.o [6]
USBH_LL_Start            0x800'3a25     0xa  Code  Gb  usbh_conf.o [6]
USBH_LL_Stop             0x800'3a35     0xc  Code  Gb  usbh_conf.o [6]
USBH_LL_SubmitURB        0x800'3a9f    0x2a  Code  Gb  usbh_conf.o [6]
USBH_MSC_BOT_Abort       0x800'62db    0x22  Code  Lc  usbh_msc_bot.o [10]
USBH_MSC_BOT_Init        0x800'6115    0x1a  Code  Gb  usbh_msc_bot.o [10]
USBH_MSC_BOT_Process     0x800'6131   0x186  Code  Gb  usbh_msc_bot.o [10]
USBH_MSC_BOT_REQ_GetMaxLUN
                         0x800'60ff    0x16  Code  Gb  usbh_msc_bot.o [10]
USBH_MSC_BOT_REQ_Reset   0x800'60e9    0x16  Code  Gb  usbh_msc_bot.o [10]
USBH_MSC_ClassRequest    0x800'5c03    0x6e  Code  Lc  usbh_msc.o [10]
USBH_MSC_GetLUNInfo      0x800'5e9f    0x2a  Code  Gb  usbh_msc.o [10]
USBH_MSC_InterfaceDeInit
                         0x800'5bb5    0x4e  Code  Lc  usbh_msc.o [10]
USBH_MSC_InterfaceInit   0x800'5ad5    0xd0  Code  Lc  usbh_msc.o [10]
USBH_MSC_Process         0x800'5c71   0x188  Code  Lc  usbh_msc.o [10]
USBH_MSC_RdWrProcess     0x800'5e0b    0x72  Code  Lc  usbh_msc.o [10]
USBH_MSC_Read            0x800'5ec9    0x50  Code  Gb  usbh_msc.o [10]
USBH_MSC_SCSI_Inquiry    0x800'63b5    0xbe  Code  Gb  usbh_msc_scsi.o [10]
USBH_MSC_SCSI_Read       0x800'6537    0x2a  Code  Gb  usbh_msc_scsi.o [10]
USBH_MSC_SCSI_ReadCapacity
                         0x800'6349    0x6c  Code  Gb  usbh_msc_scsi.o [10]
USBH_MSC_SCSI_RequestSense
                         0x800'647f    0x80  Code  Gb  usbh_msc_scsi.o [10]
USBH_MSC_SCSI_TestUnitReady
                         0x800'6301    0x48  Code  Gb  usbh_msc_scsi.o [10]
USBH_MSC_SCSI_Write      0x800'64ff    0x2a  Code  Gb  usbh_msc_scsi.o [10]
USBH_MSC_SOFProcess      0x800'5e07     0x4  Code  Lc  usbh_msc.o [10]
USBH_MSC_UnitIsReady     0x800'5e7d    0x22  Code  Gb  usbh_msc.o [10]
USBH_MSC_Write           0x800'5f19    0x50  Code  Gb  usbh_msc.o [10]
USBH_OpenPipe            0x800'4b33    0x1c  Code  Gb  usbh_pipes.o [10]
USBH_Process             0x800'45b1   0x312  Code  Gb  usbh_core.o [10]
USBH_RegisterClass       0x800'4523    0x22  Code  Gb  usbh_core.o [10]
USBH_SelectInterface     0x800'4545    0x18  Code  Gb  usbh_core.o [10]
USBH_SetAddress          0x800'4d9f    0x16  Code  Gb  usbh_ctlreq.o [10]
USBH_SetCfg              0x800'4db5    0x14  Code  Gb  usbh_ctlreq.o [10]
USBH_SetFeature          0x800'4dcf    0x16  Code  Gb  usbh_ctlreq.o [10]
USBH_Start               0x800'459d    0x14  Code  Gb  usbh_core.o [10]
USBH_UserProcess         0x800'5029    0x9a  Code  Lc  usb_host.o [5]
USBH_initialize          0x800'65f1     0x4  Code  Gb  usbh_diskio.o [4]
USBH_ioctl               0x800'6685    0x48  Code  Gb  usbh_diskio.o [4]
USBH_msc                0x2000'0010    0x20  Data  Gb  usbh_msc.o [10]
USBH_read                0x800'6609    0x2a  Code  Gb  usbh_diskio.o [4]
USBH_status              0x800'65f5    0x14  Code  Gb  usbh_diskio.o [4]
USBH_write               0x800'6633    0x34  Code  Gb  usbh_diskio.o [4]
USB_CoreInit             0x800'3b35    0x78  Code  Gb  stm32f4xx_ll_usb.o [8]
USB_CoreReset            0x800'3c85    0x2c  Code  Lc  stm32f4xx_ll_usb.o [8]
USB_DisableGlobalInt     0x800'3bb5     0x6  Code  Gb  stm32f4xx_ll_usb.o [8]
USB_DoPing               0x800'4113    0x18  Code  Gb  stm32f4xx_ll_usb.o [8]
USB_DriveVbus            0x800'3dfd    0x40  Code  Gb  stm32f4xx_ll_usb.o [8]
USB_EnableGlobalInt      0x800'3bad     0x8  Code  Gb  stm32f4xx_ll_usb.o [8]
USB_FlushRxFifo          0x800'3c0f    0x1c  Code  Gb  stm32f4xx_ll_usb.o [8]
USB_FlushTxFifo          0x800'3bef    0x20  Code  Gb  stm32f4xx_ll_usb.o [8]
USB_GetCurrentFrame      0x800'3e55     0xa  Code  Gb  stm32f4xx_ll_usb.o [8]
USB_GetHostSpeed         0x800'3e3d    0x18  Code  Gb  stm32f4xx_ll_usb.o [8]
USB_GetMode              0x800'3c7d     0x8  Code  Gb  stm32f4xx_ll_usb.o [8]
USB_HC_Halt              0x800'408f    0x84  Code  Gb  stm32f4xx_ll_usb.o [8]
USB_HC_Init              0x800'3e61    0xf2  Code  Gb  stm32f4xx_ll_usb.o [8]
USB_HC_ReadInterrupt     0x800'4085     0xa  Code  Gb  stm32f4xx_ll_usb.o [8]
USB_HC_StartXfer         0x800'3f55   0x12e  Code  Gb  stm32f4xx_ll_usb.o [8]
USB_HostInit             0x800'3cb1    0xc4  Code  Gb  stm32f4xx_ll_usb.o [8]
USB_InitFSLSPClkSel      0x800'3d97    0x30  Code  Gb  stm32f4xx_ll_usb.o [8]
USB_ReadInterrupts       0x800'3c73     0xa  Code  Gb  stm32f4xx_ll_usb.o [8]
USB_ReadPacket           0x800'3c4f    0x1e  Code  Gb  stm32f4xx_ll_usb.o [8]
USB_ResetPort            0x800'3dc7    0x36  Code  Gb  stm32f4xx_ll_usb.o [8]
USB_SetCurrentMode       0x800'3bc1    0x2e  Code  Gb  stm32f4xx_ll_usb.o [8]
USB_StopHost             0x800'414d    0x74  Code  Gb  stm32f4xx_ll_usb.o [8]
USB_WritePacket          0x800'3c2b    0x24  Code  Gb  stm32f4xx_ll_usb.o [8]
UsageFault_Handler       0x800'6955     0x2  Code  Gb  stm32f4xx_it.o [2]
WWDG_IRQHandler          0x800'6a1d          Code  Wk  startup_stm32f407xx.o [1]
_LC                      0x800'1749     0x6  Code  Lc  xprintffull_nomb.o [11]
_LitobFullNoMb           0x800'2431   0x114  Code  Lc  xprintffull_nomb.o [11]
_Locale_lconv           0x2000'0030    0x38  Data  Lc  xlocale_c.o [11]
_PrintfFullNoMb          0x800'174f   0xcb4  Code  Gb  xprintffull_nomb.o [11]
_PutcharsFullNoMb        0x800'259d    0x2e  Code  Lc  xprintffull_nomb.o [11]
_SProut                  0x800'2613     0xa  Code  Gb  xsprout.o [11]
__NVIC_SetPriority       0x800'43d9    0x1a  Code  Lc  stm32f4xx_hal_cortex.o [8]
__aeabi_cdcmple          0x800'2769          Code  Gb  DblCmpLe.o [12]
__aeabi_cdrcmple         0x800'279d          Code  Gb  DblCmpGe.o [12]
__aeabi_d2iz             0x800'290d          Code  Gb  DblToS32.o [12]
__aeabi_d2uiz            0x800'2e01          Code  Gb  DblToU32.o [12]
__aeabi_ddiv             0x800'2bb9          Code  Gb  DblDiv.o [12]
__aeabi_dmul             0x800'2e41          Code  Gb  DblMul.o [12]
__aeabi_dsub             0x800'2ad5          Code  Gb  DblAddSub.o [12]
__aeabi_i2d              0x800'2945          Code  Gb  S32ToDbl.o [12]
__aeabi_ldiv0            0x800'3101          Code  Gb  I64DivZer.o [13]
__aeabi_memclr           0x800'65e9          Code  Gb  ABImemclr.o [13]
__aeabi_memclr4          0x800'41cd          Code  Gb  ABImemclr4.o [13]
__aeabi_memset           0x800'5a6d          Code  Gb  ABImemset.o [13]
__aeabi_ui2d             0x800'2e25          Code  Gb  U32ToDbl.o [12]
__basic_free             0x800'6059    0x16  Code  Gb  heap0.o [11]
__basic_free_intern      0x800'606f    0x74  Code  Lc  heap0.o [11]
__basic_malloc           0x800'5fad    0x18  Code  Gb  heap0.o [11]
__basic_malloc_intern    0x800'5fc5    0x94  Code  Lc  heap0.o [11]
__cmain                  0x800'699d          Code  Gb  cmain.o [13]
__data_GetMemChunk       0x800'65bd    0x2c  Code  Gb  xgetmemchunk.o [11]
__data_GetMemChunk::start
                        0x2000'2868     0x4  Data  Lc  xgetmemchunk.o [11]
__exit                   0x800'3105    0x14  Code  Gb  exit.o [14]
__iar_Fail_s             0x800'2635    0x1c  Code  Gb  xfail_s.o [11]
__iar_Memchr             0x800'2689          Code  Gb  memchr.o [13]
__iar_Memset             0x800'5a6d          Code  Gb  ABImemset.o [13]
__iar_Memset4_word       0x800'4b01          Code  Gb  ABImemset48.o [13]
__iar_Memset8_word       0x800'4b01          Code  Gb  ABImemset48.o [13]
__iar_Memset_word        0x800'5a75          Code  Gb  ABImemset.o [13]
__iar_Strchr             0x800'261d          Code  Gb  strchr.o [13]
__iar_copy_init3         0x800'1643    0x2a  Code  Gb  copy_init3.o [13]
__iar_data_init3         0x800'68dd    0x28  Code  Gb  data_init.o [13]
__iar_frexp              0x800'2705          Code  Gb  frexp.o [12]
__iar_frexpl             0x800'2705          Code  Gb  frexp.o [12]
__iar_init_vfp           0x800'6905          Code  Gb  fpinit_M.o [12]
__iar_ldexp64            0x800'27d1          Code  Gb  ldexp.o [12]
__iar_program_start      0x800'69d1          Code  Gb  cstartup_M.o [13]
__iar_scalbln64          0x800'27d1          Code  Gb  ldexp.o [12]
__iar_scalbn64           0x800'27d1          Code  Gb  ldexp.o [12]
__iar_small_Memcpy       0x800'26e5          Code  Gb  ABImemcpy_small.o [13]
__iar_small_memcpy       0x800'26e1          Code  Gb  ABImemcpy_small.o [13]
__iar_small_memcpy4      0x800'26e1          Code  Gb  ABImemcpy_small.o [13]
__iar_small_memcpy8      0x800'26e1          Code  Gb  ABImemcpy_small.o [13]
__iar_small_strlen       0x800'2675          Code  Gb  strlen_small.o [13]
__iar_small_uldivmod     0x800'2ff5          Code  Gb  I64DivMod_small.o [13]
__iar_softfp___iar_frexp64
                         0x800'26f9          Code  Gb  frexp.o [12]
__iar_softfp_frexp       0x800'26f9          Code  Gb  frexp.o [12]
__iar_softfp_frexpl      0x800'26f9          Code  Gb  frexp.o [12]
__iar_zero_init3         0x800'68a5    0x38  Code  Gb  zero_init3.o [13]
__low_level_init         0x800'69bb     0x4  Code  Gb  low_level_init.o [11]
__vector_table           0x800'0000          Data  Gb  startup_stm32f407xx.o [1]
_call_main               0x800'69a9          Code  Gb  cmain.o [13]
_exit                    0x800'69c5          Code  Gb  cexit.o [13]
abort                    0x800'30fb     0x6  Code  Gb  abort.o [11]
check_fs                 0x800'0b93    0x6c  Code  Lc  ff.o [9]
check_usb_details        0x800'5949    0x50  Code  Gb  USBFileHandling.o [2]
chk_lock                 0x800'01d7    0x5a  Code  Lc  ff.o [9]
clear_lock               0x800'02db    0x1c  Code  Lc  ff.o [9]
clmt_clust               0x800'0711    0x2e  Code  Lc  ff.o [9]
clust2sect               0x800'03f5    0x1a  Code  Lc  ff.o [9]
create_chain             0x800'0667    0xa4  Code  Lc  ff.o [9]
dec_lock                 0x800'02a5    0x36  Code  Lc  ff.o [9]
dir_next                 0x800'07cd    0xe4  Code  Lc  ff.o [9]
dir_register             0x800'0903    0x72  Code  Lc  ff.o [9]
dir_sdi                  0x800'073f    0x8e  Code  Lc  ff.o [9]
disk                    0x2000'2840     0xc  Data  Gb  ff_gen_drv.o [9]
disk_initialize          0x800'167f    0x26  Code  Gb  diskio.o [9]
disk_ioctl               0x800'16cd    0x1a  Code  Gb  diskio.o [9]
disk_read                0x800'16a5     0xc  Code  Gb  diskio.o [9]
disk_status              0x800'166d    0x12  Code  Gb  diskio.o [9]
disk_write               0x800'16b1     0xc  Code  Gb  diskio.o [9]
exit                     0x800'69bf     0x4  Code  Gb  exit.o [11]
f_close                  0x800'1393    0x28  Code  Gb  ff.o [9]
f_getfree                0x800'1411    0xd4  Code  Gb  ff.o [9]
f_mkdir                  0x800'14e5   0x144  Code  Gb  ff.o [9]
f_mount                  0x800'0ec7    0x58  Code  Gb  ff.o [9]
f_open                   0x800'0f29   0x20e  Code  Gb  ff.o [9]
f_stat                   0x800'13d5    0x3c  Code  Gb  ff.o [9]
f_sync                   0x800'1307    0x7c  Code  Gb  ff.o [9]
f_write                  0x800'115f   0x180  Code  Gb  ff.o [9]
find_volume              0x800'0c05   0x280  Code  Lc  ff.o [9]
follow_path              0x800'09d9   0x166  Code  Lc  ff.o [9]
free                     0x800'62fd     0x4  Code  Gb  heaptramp0.o [11]
get_fat                  0x800'040f    0xb0  Code  Lc  ff.o [9]
get_fattime              0x800'1705     0x4  Code  Gb  fatfs.o [3]
get_fileinfo             0x800'0975    0x64  Code  Lc  ff.o [9]
get_ldnumber             0x800'0b51    0x42  Code  Lc  ff.o [9]
hUsbHostFS              0x2000'20cc   0x3d8  Data  Gb  usb_host.o [5]
hhcd_USB_OTG_FS         0x2000'24a4   0x304  Data  Gb  usbh_conf.o [6]
huart2                  0x2000'27a8    0x44  Data  Gb  main.o [2]
inc_lock                 0x800'0231    0x74  Code  Lc  ff.o [9]
ld_clust                 0x800'08b7    0x26  Code  Lc  ff.o [9]
ld_dword                 0x800'018f    0x10  Code  Lc  ff.o [9]
ld_word                  0x800'0189     0x6  Code  Lc  ff.o [9]
ldexp                    0x800'27d1          Code  Gb  ldexp.o [12]
ldexpl                   0x800'27d1          Code  Gb  ldexp.o [12]
localeconv               0x800'2fed     0x4  Code  Gb  xlocale_c.o [11]
main                     0x800'4961    0xa8  Code  Gb  main.o [2]
mem_cpy                  0x800'01bd    0x10  Code  Lc  ff.o [9]
mem_set                  0x800'01cd     0xa  Code  Lc  ff.o [9]
memchr                   0x800'2689          Code  Gb  memchr.o [13]
memset                   0x800'5a59    0x14  Code  Gb  memset.o [13]
mount_usb                0x800'5875     0xa  Code  Gb  USBFileHandling.o [2]
move_window              0x800'033d    0x34  Code  Lc  ff.o [9]
pUSBHFatFS              0x2000'2830     0x4  Data  Gb  USBFileHandling.o [2]
put_fat                  0x800'04cf   0x10c  Code  Lc  ff.o [9]
remove_chain             0x800'05fb    0x6c  Code  Lc  ff.o [9]
retUSBH                 0x2000'284c     0x1  Data  Gb  fatfs.o [3]
scalbln                  0x800'27d1          Code  Gb  ldexp.o [12]
scalblnl                 0x800'27d1          Code  Gb  ldexp.o [12]
scalbn                   0x800'27d1          Code  Gb  ldexp.o [12]
scalbnl                  0x800'27d1          Code  Gb  ldexp.o [12]
scale                    0x800'2545    0x46  Code  Lc  xprintffull_nomb.o [11]
sec_hand                0x2000'2864     0x4  Data  Lc  xfail_s.o [11]
sprintf                  0x800'59b9    0x40  Code  Gb  sprintf.o [11]
st_clust                 0x800'08dd    0x26  Code  Lc  ff.o [9]
st_dword                 0x800'01ad    0x10  Code  Lc  ff.o [9]
st_word                  0x800'01a5     0x8  Code  Lc  ff.o [9]
strchr                   0x800'261d          Code  Gb  strchr.o [13]
sync_fs                  0x800'0371    0x84  Code  Lc  ff.o [9]
sync_window              0x800'02f7    0x38  Code  Lc  ff.o [9]
unmount_usb              0x800'587f     0x8  Code  Gb  USBFileHandling.o [2]
usb_br                  0x2000'2808     0x4  Data  Gb  USBFileHandling.o [2]
usb_bw                  0x2000'280c     0x4  Data  Gb  USBFileHandling.o [2]
usb_create_dir           0x800'593d     0xc  Code  Gb  USBFileHandling.o [2]
usb_create_file          0x800'58c1    0x28  Code  Gb  USBFileHandling.o [2]
usb_fre_clust           0x2000'2834     0x4  Data  Gb  USBFileHandling.o [2]
usb_free_space          0x2000'283c     0x4  Data  Gb  USBFileHandling.o [2]
usb_fresult             0x2000'27ec     0x1  Data  Gb  USBFileHandling.o [2]
usb_total_space         0x2000'2838     0x4  Data  Gb  USBFileHandling.o [2]
usb_update_file          0x800'58e9    0x30  Code  Gb  USBFileHandling.o [2]
usb_write_file           0x800'5891    0x30  Code  Gb  USBFileHandling.o [2]
usbhinfo                0x2000'27f0    0x18  Data  Gb  USBFileHandling.o [2]
uwTick                  0x2000'0004     0x4  Data  Gb  stm32f4xx_hal.o [8]
uwTickFreq              0x2000'0000     0x1  Data  Gb  stm32f4xx_hal.o [8]
uwTickPrio              0x2000'0008     0x4  Data  Gb  stm32f4xx_hal.o [8]
validate                 0x800'0e91    0x36  Code  Lc  ff.o [9]


[1] = D:\MicroController\USB\USB_HOST_MS\EWARM\USB_HOST_MS\Obj\Application\EWARM
[2] = D:\MicroController\USB\USB_HOST_MS\EWARM\USB_HOST_MS\Obj\Application\User\Core
[3] = D:\MicroController\USB\USB_HOST_MS\EWARM\USB_HOST_MS\Obj\Application\User\FATFS\App
[4] = D:\MicroController\USB\USB_HOST_MS\EWARM\USB_HOST_MS\Obj\Application\User\FATFS\Target
[5] = D:\MicroController\USB\USB_HOST_MS\EWARM\USB_HOST_MS\Obj\Application\User\USB_HOST\App
[6] = D:\MicroController\USB\USB_HOST_MS\EWARM\USB_HOST_MS\Obj\Application\User\USB_HOST\Target
[7] = D:\MicroController\USB\USB_HOST_MS\EWARM\USB_HOST_MS\Obj\Drivers\CMSIS
[8] = D:\MicroController\USB\USB_HOST_MS\EWARM\USB_HOST_MS\Obj\Drivers\STM32F4xx_HAL_Driver
[9] = D:\MicroController\USB\USB_HOST_MS\EWARM\USB_HOST_MS\Obj\Middlewares\FatFs
[10] = D:\MicroController\USB\USB_HOST_MS\EWARM\USB_HOST_MS\Obj\Middlewares\USB_Host_Library
[11] = dl7M_tlf.a
[12] = m7M_tls.a
[13] = rt7M_tl.a
[14] = shb_l.a

  26'951 bytes of readonly  code memory
     533 bytes of readonly  data memory
  11'885 bytes of readwrite data memory

Errors: none
Warnings: none
