Archive member included to satisfy reference by file (symbol)

c:/st/stm32cubeide_1.12.1/stm32cubeide/plugins/com.st.stm32cube.ide.mcu.externaltools.gnu-tools-for-stm32.10.3-2021.10.win32_1.0.200.202301161003/tools/bin/../lib/gcc/arm-none-eabi/10.3.1/../../../../arm-none-eabi/lib/thumb/v7e-m+fp/hard\libc_nano.a(lib_a-atoi.o)
                              ./Middlewares/Third_Party/LwIP/src/core/netif.o (atoi)
c:/st/stm32cubeide_1.12.1/stm32cubeide/plugins/com.st.stm32cube.ide.mcu.externaltools.gnu-tools-for-stm32.10.3-2021.10.win32_1.0.200.202301161003/tools/bin/../lib/gcc/arm-none-eabi/10.3.1/../../../../arm-none-eabi/lib/thumb/v7e-m+fp/hard\libc_nano.a(lib_a-ctype_.o)
                              ./Middlewares/Third_Party/LwIP/src/core/ipv4/ip4_addr.o (_ctype_)
c:/st/stm32cubeide_1.12.1/stm32cubeide/plugins/com.st.stm32cube.ide.mcu.externaltools.gnu-tools-for-stm32.10.3-2021.10.win32_1.0.200.202301161003/tools/bin/../lib/gcc/arm-none-eabi/10.3.1/../../../../arm-none-eabi/lib/thumb/v7e-m+fp/hard\libc_nano.a(lib_a-exit.o)
                              c:/st/stm32cubeide_1.12.1/stm32cubeide/plugins/com.st.stm32cube.ide.mcu.externaltools.gnu-tools-for-stm32.10.3-2021.10.win32_1.0.200.202301161003/tools/bin/../lib/gcc/arm-none-eabi/10.3.1/../../../../arm-none-eabi/lib/thumb/v7e-m+fp/hard/crt0.o (exit)
c:/st/stm32cubeide_1.12.1/stm32cubeide/plugins/com.st.stm32cube.ide.mcu.externaltools.gnu-tools-for-stm32.10.3-2021.10.win32_1.0.200.202301161003/tools/bin/../lib/gcc/arm-none-eabi/10.3.1/../../../../arm-none-eabi/lib/thumb/v7e-m+fp/hard\libc_nano.a(lib_a-impure.o)
                              c:/st/stm32cubeide_1.12.1/stm32cubeide/plugins/com.st.stm32cube.ide.mcu.externaltools.gnu-tools-for-stm32.10.3-2021.10.win32_1.0.200.202301161003/tools/bin/../lib/gcc/arm-none-eabi/10.3.1/../../../../arm-none-eabi/lib/thumb/v7e-m+fp/hard\libc_nano.a(lib_a-exit.o) (_global_impure_ptr)
c:/st/stm32cubeide_1.12.1/stm32cubeide/plugins/com.st.stm32cube.ide.mcu.externaltools.gnu-tools-for-stm32.10.3-2021.10.win32_1.0.200.202301161003/tools/bin/../lib/gcc/arm-none-eabi/10.3.1/../../../../arm-none-eabi/lib/thumb/v7e-m+fp/hard\libc_nano.a(lib_a-init.o)
                              c:/st/stm32cubeide_1.12.1/stm32cubeide/plugins/com.st.stm32cube.ide.mcu.externaltools.gnu-tools-for-stm32.10.3-2021.10.win32_1.0.200.202301161003/tools/bin/../lib/gcc/arm-none-eabi/10.3.1/../../../../arm-none-eabi/lib/thumb/v7e-m+fp/hard/crt0.o (__libc_init_array)
c:/st/stm32cubeide_1.12.1/stm32cubeide/plugins/com.st.stm32cube.ide.mcu.externaltools.gnu-tools-for-stm32.10.3-2021.10.win32_1.0.200.202301161003/tools/bin/../lib/gcc/arm-none-eabi/10.3.1/../../../../arm-none-eabi/lib/thumb/v7e-m+fp/hard\libc_nano.a(lib_a-memcmp.o)
                              ./Middlewares/Third_Party/LwIP/src/netif/bridgeif_fdb.o (memcmp)
c:/st/stm32cubeide_1.12.1/stm32cubeide/plugins/com.st.stm32cube.ide.mcu.externaltools.gnu-tools-for-stm32.10.3-2021.10.win32_1.0.200.202301161003/tools/bin/../lib/gcc/arm-none-eabi/10.3.1/../../../../arm-none-eabi/lib/thumb/v7e-m+fp/hard\libc_nano.a(lib_a-memcpy-stub.o)
                              ./Middlewares/Third_Party/LwIP/src/core/pbuf.o (memcpy)
c:/st/stm32cubeide_1.12.1/stm32cubeide/plugins/com.st.stm32cube.ide.mcu.externaltools.gnu-tools-for-stm32.10.3-2021.10.win32_1.0.200.202301161003/tools/bin/../lib/gcc/arm-none-eabi/10.3.1/../../../../arm-none-eabi/lib/thumb/v7e-m+fp/hard\libc_nano.a(lib_a-memmove.o)
                              ./Middlewares/Third_Party/LwIP/src/core/def.o (memmove)
c:/st/stm32cubeide_1.12.1/stm32cubeide/plugins/com.st.stm32cube.ide.mcu.externaltools.gnu-tools-for-stm32.10.3-2021.10.win32_1.0.200.202301161003/tools/bin/../lib/gcc/arm-none-eabi/10.3.1/../../../../arm-none-eabi/lib/thumb/v7e-m+fp/hard\libc_nano.a(lib_a-memset.o)
                              c:/st/stm32cubeide_1.12.1/stm32cubeide/plugins/com.st.stm32cube.ide.mcu.externaltools.gnu-tools-for-stm32.10.3-2021.10.win32_1.0.200.202301161003/tools/bin/../lib/gcc/arm-none-eabi/10.3.1/../../../../arm-none-eabi/lib/thumb/v7e-m+fp/hard/crt0.o (memset)
c:/st/stm32cubeide_1.12.1/stm32cubeide/plugins/com.st.stm32cube.ide.mcu.externaltools.gnu-tools-for-stm32.10.3-2021.10.win32_1.0.200.202301161003/tools/bin/../lib/gcc/arm-none-eabi/10.3.1/../../../../arm-none-eabi/lib/thumb/v7e-m+fp/hard\libc_nano.a(lib_a-printf.o)
                              ./LWIP/Target/ethernetif.o (printf)
c:/st/stm32cubeide_1.12.1/stm32cubeide/plugins/com.st.stm32cube.ide.mcu.externaltools.gnu-tools-for-stm32.10.3-2021.10.win32_1.0.200.202301161003/tools/bin/../lib/gcc/arm-none-eabi/10.3.1/../../../../arm-none-eabi/lib/thumb/v7e-m+fp/hard\libc_nano.a(lib_a-rand.o)
                              ./Middlewares/Third_Party/LwIP/src/core/tcp.o (rand)
[...]
Memory Configuration

Name             Origin             Length             Attributes
CCMRAM           0x0000000010000000 0x0000000000010000 xrw
RAM              0x0000000020000000 0x0000000000020000 xrw
FLASH            0x0000000008000000 0x0000000000100000 xr
*default*        0x0000000000000000 0xffffffffffffffff

Linker script and memory map

LOAD c:/st/stm32cubeide_1.12.1/stm32cubeide/plugins/com.st.stm32cube.ide.mcu.externaltools.gnu-tools-for-stm32.10.3-2021.10.win32_1.0.200.202301161003/tools/bin/../lib/gcc/arm-none-eabi/10.3.1/thumb/v7e-m+fp/hard/crti.o
LOAD c:/st/stm32cubeide_1.12.1/stm32cubeide/plugins/com.st.stm32cube.ide.mcu.externaltools.gnu-tools-for-stm32.10.3-2021.10.win32_1.0.200.202301161003/tools/bin/../lib/gcc/arm-none-eabi/10.3.1/thumb/v7e-m+fp/hard/crtbegin.o
LOAD c:/st/stm32cubeide_1.12.1/stm32cubeide/plugins/com.st.stm32cube.ide.mcu.externaltools.gnu-tools-for-stm32.10.3-2021.10.win32_1.0.200.202301161003/tools/bin/../lib/gcc/arm-none-eabi/10.3.1/../../../../arm-none-eabi/lib/thumb/v7e-m+fp/hard/crt0.o
LOAD ./Core/Src/TCPClientMD.o
LOAD ./Core/Src/main.o
LOAD ./Core/Src/stm32f4xx_hal_msp.o
LOAD ./Core/Src/stm32f4xx_it.o
LOAD ./Core/Src/syscalls.o
LOAD ./Core/Src/sysmem.o
LOAD ./Core/Src/system_stm32f4xx.o
LOAD ./Core/Startup/startup_stm32f407vgtx.o
LOAD ./Drivers/BSP/Components/dp83848/dp83848.o
LOAD ./Drivers/STM32F4xx_HAL_Driver/Src/stm32f4xx_hal.o
LOAD ./Drivers/STM32F4xx_HAL_Driver/Src/stm32f4xx_hal_cortex.o
LOAD ./Drivers/STM32F4xx_HAL_Driver/Src/stm32f4xx_hal_dma.o
LOAD ./Drivers/STM32F4xx_HAL_Driver/Src/stm32f4xx_hal_dma_ex.o
LOAD ./Drivers/STM32F4xx_HAL_Driver/Src/stm32f4xx_hal_eth.o
LOAD ./Drivers/STM32F4xx_HAL_Driver/Src/stm32f4xx_hal_exti.o
LOAD ./Drivers/STM32F4xx_HAL_Driver/Src/stm32f4xx_hal_flash.o
LOAD ./Drivers/STM32F4xx_HAL_Driver/Src/stm32f4xx_hal_flash_ex.o
LOAD ./Drivers/STM32F4xx_HAL_Driver/Src/stm32f4xx_hal_flash_ramfunc.o
LOAD ./Drivers/STM32F4xx_HAL_Driver/Src/stm32f4xx_hal_gpio.o
LOAD ./Drivers/STM32F4xx_HAL_Driver/Src/stm32f4xx_hal_pwr.o
LOAD ./Drivers/STM32F4xx_HAL_Driver/Src/stm32f4xx_hal_pwr_ex.o
LOAD ./Drivers/STM32F4xx_HAL_Driver/Src/stm32f4xx_hal_rcc.o
LOAD ./Drivers/STM32F4xx_HAL_Driver/Src/stm32f4xx_hal_rcc_ex.o
LOAD ./Drivers/STM32F4xx_HAL_Driver/Src/stm32f4xx_hal_tim.o
LOAD ./Drivers/STM32F4xx_HAL_Driver/Src/stm32f4xx_hal_tim_ex.o
LOAD ./LWIP/App/lwip.o
LOAD ./LWIP/Target/ethernetif.o
LOAD ./Middlewares/Third_Party/LwIP/src/api/api_lib.o
LOAD ./Middlewares/Third_Party/LwIP/src/api/api_msg.o
LOAD ./Middlewares/Third_Party/LwIP/src/api/err.o
LOAD ./Middlewares/Third_Party/LwIP/src/api/if_api.o
LOAD ./Middlewares/Third_Party/LwIP/src/api/netbuf.o
LOAD ./Middlewares/Third_Party/LwIP/src/api/netdb.o
LOAD ./Middlewares/Third_Party/LwIP/src/api/netifapi.o
LOAD ./Middlewares/Third_Party/LwIP/src/api/sockets.o
LOAD ./Middlewares/Third_Party/LwIP/src/api/tcpip.o
LOAD ./Middlewares/Third_Party/LwIP/src/apps/mqtt/mqtt.o
LOAD ./Middlewares/Third_Party/LwIP/src/core/altcp.o
LOAD ./Middlewares/Third_Party/LwIP/src/core/altcp_alloc.o
LOAD ./Middlewares/Third_Party/LwIP/src/core/altcp_tcp.o
LOAD ./Middlewares/Third_Party/LwIP/src/core/def.o
LOAD ./Middlewares/Third_Party/LwIP/src/core/dns.o
LOAD ./Middlewares/Third_Party/LwIP/src/core/inet_chksum.o
LOAD ./Middlewares/Third_Party/LwIP/src/core/init.o
LOAD ./Middlewares/Third_Party/LwIP/src/core/ip.o
LOAD ./Middlewares/Third_Party/LwIP/src/core/mem.o
LOAD ./Middlewares/Third_Party/LwIP/src/core/memp.o
LOAD ./Middlewares/Third_Party/LwIP/src/core/netif.o
LOAD ./Middlewares/Third_Party/LwIP/src/core/pbuf.o
LOAD ./Middlewares/Third_Party/LwIP/src/core/raw.o
LOAD ./Middlewares/Third_Party/LwIP/src/core/stats.o
LOAD ./Middlewares/Third_Party/LwIP/src/core/sys.o
LOAD ./Middlewares/Third_Party/LwIP/src/core/tcp.o
LOAD ./Middlewares/Third_Party/LwIP/src/core/tcp_in.o
LOAD ./Middlewares/Third_Party/LwIP/src/core/tcp_out.o
LOAD ./Middlewares/Third_Party/LwIP/src/core/timeouts.o
LOAD ./Middlewares/Third_Party/LwIP/src/core/udp.o
LOAD ./Middlewares/Third_Party/LwIP/src/core/ipv4/autoip.o
LOAD ./Middlewares/Third_Party/LwIP/src/core/ipv4/dhcp.o
LOAD ./Middlewares/Third_Party/LwIP/src/core/ipv4/etharp.o
LOAD ./Middlewares/Third_Party/LwIP/src/core/ipv4/icmp.o
LOAD ./Middlewares/Third_Party/LwIP/src/core/ipv4/igmp.o
LOAD ./Middlewares/Third_Party/LwIP/src/core/ipv4/ip4.o
LOAD ./Middlewares/Third_Party/LwIP/src/core/ipv4/ip4_addr.o
LOAD ./Middlewares/Third_Party/LwIP/src/core/ipv4/ip4_frag.o
LOAD ./Middlewares/Third_Party/LwIP/src/core/ipv6/dhcp6.o
LOAD ./Middlewares/Third_Party/LwIP/src/core/ipv6/ethip6.o
LOAD ./Middlewares/Third_Party/LwIP/src/core/ipv6/icmp6.o
LOAD ./Middlewares/Third_Party/LwIP/src/core/ipv6/inet6.o
LOAD ./Middlewares/Third_Party/LwIP/src/core/ipv6/ip6.o
LOAD ./Middlewares/Third_Party/LwIP/src/core/ipv6/ip6_addr.o
LOAD ./Middlewares/Third_Party/LwIP/src/core/ipv6/ip6_frag.o
LOAD ./Middlewares/Third_Party/LwIP/src/core/ipv6/mld6.o
LOAD ./Middlewares/Third_Party/LwIP/src/core/ipv6/nd6.o
LOAD ./Middlewares/Third_Party/LwIP/src/netif/bridgeif.o
LOAD ./Middlewares/Third_Party/LwIP/src/netif/bridgeif_fdb.o
LOAD ./Middlewares/Third_Party/LwIP/src/netif/ethernet.o
LOAD ./Middlewares/Third_Party/LwIP/src/netif/lowpan6.o
LOAD ./Middlewares/Third_Party/LwIP/src/netif/lowpan6_ble.o
LOAD ./Middlewares/Third_Party/LwIP/src/netif/lowpan6_common.o
LOAD ./Middlewares/Third_Party/LwIP/src/netif/slipif.o
LOAD ./Middlewares/Third_Party/LwIP/src/netif/zepif.o
LOAD ./Middlewares/Third_Party/LwIP/src/netif/ppp/auth.o
LOAD ./Middlewares/Third_Party/LwIP/src/netif/ppp/ccp.o
LOAD ./Middlewares/Third_Party/LwIP/src/netif/ppp/chap-md5.o
LOAD ./Middlewares/Third_Party/LwIP/src/netif/ppp/chap-new.o
LOAD ./Middlewares/Third_Party/LwIP/src/netif/ppp/chap_ms.o
LOAD ./Middlewares/Third_Party/LwIP/src/netif/ppp/demand.o
LOAD ./Middlewares/Third_Party/LwIP/src/netif/ppp/eap.o
LOAD ./Middlewares/Third_Party/LwIP/src/netif/ppp/ecp.o
LOAD ./Middlewares/Third_Party/LwIP/src/netif/ppp/eui64.o
LOAD ./Middlewares/Third_Party/LwIP/src/netif/ppp/fsm.o
LOAD ./Middlewares/Third_Party/LwIP/src/netif/ppp/ipcp.o
LOAD ./Middlewares/Third_Party/LwIP/src/netif/ppp/ipv6cp.o
LOAD ./Middlewares/Third_Party/LwIP/src/netif/ppp/lcp.o
LOAD ./Middlewares/Third_Party/LwIP/src/netif/ppp/magic.o
LOAD ./Middlewares/Third_Party/LwIP/src/netif/ppp/mppe.o
LOAD ./Middlewares/Third_Party/LwIP/src/netif/ppp/multilink.o
LOAD ./Middlewares/Third_Party/LwIP/src/netif/ppp/ppp.o
LOAD ./Middlewares/Third_Party/LwIP/src/netif/ppp/pppapi.o
LOAD ./Middlewares/Third_Party/LwIP/src/netif/ppp/pppcrypt.o
LOAD ./Middlewares/Third_Party/LwIP/src/netif/ppp/pppoe.o
LOAD ./Middlewares/Third_Party/LwIP/src/netif/ppp/pppol2tp.o
LOAD ./Middlewares/Third_Party/LwIP/src/netif/ppp/pppos.o
LOAD ./Middlewares/Third_Party/LwIP/src/netif/ppp/upap.o
LOAD ./Middlewares/Third_Party/LwIP/src/netif/ppp/utils.o
LOAD ./Middlewares/Third_Party/LwIP/src/netif/ppp/vj.o
START GROUP
LOAD c:/st/stm32cubeide_1.12.1/stm32cubeide/plugins/com.st.stm32cube.ide.mcu.externaltools.gnu-tools-for-stm32.10.3-2021.10.win32_1.0.200.202301161003/tools/bin/../lib/gcc/arm-none-eabi/10.3.1/../../../../arm-none-eabi/lib/thumb/v7e-m+fp/hard\libc_nano.a
LOAD c:/st/stm32cubeide_1.12.1/stm32cubeide/plugins/com.st.stm32cube.ide.mcu.externaltools.gnu-tools-for-stm32.10.3-2021.10.win32_1.0.200.202301161003/tools/bin/../lib/gcc/arm-none-eabi/10.3.1/../../../../arm-none-eabi/lib/thumb/v7e-m+fp/hard\libm.a
END GROUP
START GROUP
LOAD c:/st/stm32cubeide_1.12.1/stm32cubeide/plugins/com.st.stm32cube.ide.mcu.externaltools.gnu-tools-for-stm32.10.3-2021.10.win32_1.0.200.202301161003/tools/bin/../lib/gcc/arm-none-eabi/10.3.1/thumb/v7e-m+fp/hard\libgcc.a
LOAD c:/st/stm32cubeide_1.12.1/stm32cubeide/plugins/com.st.stm32cube.ide.mcu.externaltools.gnu-tools-for-stm32.10.3-2021.10.win32_1.0.200.202301161003/tools/bin/../lib/gcc/arm-none-eabi/10.3.1/../../../../arm-none-eabi/lib/thumb/v7e-m+fp/hard\libc_nano.a
END GROUP
START GROUP
LOAD c:/st/stm32cubeide_1.12.1/stm32cubeide/plugins/com.st.stm32cube.ide.mcu.externaltools.gnu-tools-for-stm32.10.3-2021.10.win32_1.0.200.202301161003/tools/bin/../lib/gcc/arm-none-eabi/10.3.1/thumb/v7e-m+fp/hard\libgcc.a
LOAD c:/st/stm32cubeide_1.12.1/stm32cubeide/plugins/com.st.stm32cube.ide.mcu.externaltools.gnu-tools-for-stm32.10.3-2021.10.win32_1.0.200.202301161003/tools/bin/../lib/gcc/arm-none-eabi/10.3.1/../../../../arm-none-eabi/lib/thumb/v7e-m+fp/hard\libc_nano.a
LOAD c:/st/stm32cubeide_1.12.1/stm32cubeide/plugins/com.st.stm32cube.ide.mcu.externaltools.gnu-tools-for-stm32.10.3-2021.10.win32_1.0.200.202301161003/tools/bin/../lib/gcc/arm-none-eabi/10.3.1/../../../../arm-none-eabi/lib/thumb/v7e-m+fp/hard\libnosys.a
END GROUP
START GROUP
LOAD c:/st/stm32cubeide_1.12.1/stm32cubeide/plugins/com.st.stm32cube.ide.mcu.externaltools.gnu-tools-for-stm32.10.3-2021.10.win32_1.0.200.202301161003/tools/bin/../lib/gcc/arm-none-eabi/10.3.1/thumb/v7e-m+fp/hard\libgcc.a
LOAD c:/st/stm32cubeide_1.12.1/stm32cubeide/plugins/com.st.stm32cube.ide.mcu.externaltools.gnu-tools-for-stm32.10.3-2021.10.win32_1.0.200.202301161003/tools/bin/../lib/gcc/arm-none-eabi/10.3.1/../../../../arm-none-eabi/lib/thumb/v7e-m+fp/hard\libc_nano.a
LOAD c:/st/stm32cubeide_1.12.1/stm32cubeide/plugins/com.st.stm32cube.ide.mcu.externaltools.gnu-tools-for-stm32.10.3-2021.10.win32_1.0.200.202301161003/tools/bin/../lib/gcc/arm-none-eabi/10.3.1/../../../../arm-none-eabi/lib/thumb/v7e-m+fp/hard\libnosys.a
END GROUP
LOAD c:/st/stm32cubeide_1.12.1/stm32cubeide/plugins/com.st.stm32cube.ide.mcu.externaltools.gnu-tools-for-stm32.10.3-2021.10.win32_1.0.200.202301161003/tools/bin/../lib/gcc/arm-none-eabi/10.3.1/thumb/v7e-m+fp/hard/crtend.o
LOAD c:/st/stm32cubeide_1.12.1/stm32cubeide/plugins/com.st.stm32cube.ide.mcu.externaltools.gnu-tools-for-stm32.10.3-2021.10.win32_1.0.200.202301161003/tools/bin/../lib/gcc/arm-none-eabi/10.3.1/thumb/v7e-m+fp/hard/crtn.o
                0x0000000020020000                _estack = (ORIGIN (RAM) + LENGTH (RAM))
                0x0000000000002000                _Min_Heap_Size = 0x2000
                0x0000000000004000                _Min_Stack_Size = 0x4000

.isr_vector     0x0000000008000000      0x188
                0x0000000008000000                . = ALIGN (0x4)
 *(.isr_vector)
 .isr_vector    0x0000000008000000      0x188 ./Core/Startup/startup_stm32f407vgtx.o
                0x0000000008000000                g_pfnVectors
                0x0000000008000188                . = ALIGN (0x4)

.text           0x0000000008000190     0x947c
                0x0000000008000190                . = ALIGN (0x4)
 *(.text)
 .text          0x0000000008000190       0x40 c:/st/stm32cubeide_1.12.1/stm32cubeide/plugins/com.st.stm32cube.ide.mcu.externaltools.gnu-tools-for-stm32.10.3-2021.10.win32_1.0.200.202301161003/tools/bin/../lib/gcc/arm-none-eabi/10.3.1/thumb/v7e-m+fp/hard/crtbegin.o
 .text          0x00000000080001d0       0xa0 c:/st/stm32cubeide_1.12.1/stm32cubeide/plugins/com.st.stm32cube.ide.mcu.externaltools.gnu-tools-for-stm32.10.3-2021.10.win32_1.0.200.202301161003/tools/bin/../lib/gcc/arm-none-eabi/10.3.1/../../../../arm-none-eabi/lib/thumb/v7e-m+fp/hard\libc_nano.a(lib_a-memchr.o)
                0x00000000080001d0                memchr
 .text          0x0000000008000270       0x30 c:/st/stm32cubeide_1.12.1/stm32cubeide/plugins/com.st.stm32cube.ide.mcu.externaltools.gnu-tools-for-stm32.10.3-2021.10.win32_1.0.200.202301161003/tools/bin/../lib/gcc/arm-none-eabi/10.3.1/thumb/v7e-m+fp/hard\libgcc.a(_aeabi_uldivmod.o)
                0x0000000008000270                __aeabi_uldivmod
 .text          0x00000000080002a0      0x2d0 c:/st/stm32cubeide_1.12.1/stm32cubeide/plugins/com.st.stm32cube.ide.mcu.externaltools.gnu-tools-for-stm32.10.3-2021.10.win32_1.0.200.202301161003/tools/bin/../lib/gcc/arm-none-eabi/10.3.1/thumb/v7e-m+fp/hard\libgcc.a(_udivmoddi4.o)
                0x00000000080002a0                __udivmoddi4
 .text          0x0000000008000570        0x4 c:/st/stm32cubeide_1.12.1/stm32cubeide/plugins/com.st.stm32cube.ide.mcu.externaltools.gnu-tools-for-stm32.10.3-2021.10.win32_1.0.200.202301161003/tools/bin/../lib/gcc/arm-none-eabi/10.3.1/thumb/v7e-m+fp/hard\libgcc.a(_dvmd_tls.o)
                0x0000000008000570                __aeabi_idiv0
                0x0000000008000570                __aeabi_ldiv0
 *(.text*)
 .text.tcp_client_connection_close
                0x0000000008000574       0x40 ./Core/Src/TCPClientMD.o
 .text.tcp_client_send.isra.0
                0x00000000080005b4       0x18 ./Core/Src/TCPClientMD.o
 .text.tcp_client_recieve
                0x00000000080005cc       0x5c ./Core/Src/TCPClientMD.o
 .text.tcp_client_poll
                0x0000000008000628       0x30 ./Core/Src/TCPClientMD.o
 .text.tcp_client_sent
                0x0000000008000658       0x26 ./Core/Src/TCPClientMD.o
 *fill*         0x000000000800067e        0x2 
 .text.tcp_client_connected
                0x0000000008000680       0x64 ./Core/Src/TCPClientMD.o
 .text.tcp_client_init
                0x00000000080006e4       0x24 ./Core/Src/TCPClientMD.o
                0x00000000080006e4                tcp_client_init
 .text.SystemClock_Config
                0x0000000008000708       0xa4 ./Core/Src/main.o
                0x0000000008000708                SystemClock_Config
 .text.startup.main
                0x00000000080007ac       0x7c ./Core/Src/main.o
                0x00000000080007ac                main
 .text.Error_Handler
                0x0000000008000828        0x4 ./Core/Src/main.o
                0x0000000008000828                Error_Handler
 .text.HAL_MspInit
                0x000000000800082c       0x38 ./Core/Src/stm32f4xx_hal_msp.o
                0x000000000800082c                HAL_MspInit
 .text.NMI_Handler
                0x0000000008000864        0x2 ./Core/Src/stm32f4xx_it.o
                0x0000000008000864                NMI_Handler
 .text.HardFault_Handler
                0x0000000008000866        0x2 ./Core/Src/stm32f4xx_it.o
                0x0000000008000866                HardFault_Handler
 .text.MemManage_Handler
                0x0000000008000868        0x2 ./Core/Src/stm32f4xx_it.o
                0x0000000008000868                MemManage_Handler
 .text.BusFault_Handler
                0x000000000800086a        0x2 ./Core/Src/stm32f4xx_it.o
                0x000000000800086a                BusFault_Handler
 .text.UsageFault_Handler
                0x000000000800086c        0x2 ./Core/Src/stm32f4xx_it.o
                0x000000000800086c                UsageFault_Handler
 .text.SVC_Handler
                0x000000000800086e        0x2 ./Core/Src/stm32f4xx_it.o
                0x000000000800086e                SVC_Handler
 .text.DebugMon_Handler
                0x0000000008000870        0x2 ./Core/Src/stm32f4xx_it.o
                0x0000000008000870                DebugMon_Handler
 .text.PendSV_Handler
                0x0000000008000872        0x2 ./Core/Src/stm32f4xx_it.o
                0x0000000008000872                PendSV_Handler
 .text.SysTick_Handler
                0x0000000008000874        0x4 ./Core/Src/stm32f4xx_it.o
                0x0000000008000874                SysTick_Handler
 .text.ETH_IRQHandler
                0x0000000008000878        0xc ./Core/Src/stm32f4xx_it.o
                0x0000000008000878                ETH_IRQHandler
 .text._getpid  0x0000000008000884        0x4 ./Core/Src/syscalls.o
                0x0000000008000884                _getpid
 .text._kill    0x0000000008000888       0x10 ./Core/Src/syscalls.o
                0x0000000008000888                _kill
 .text._exit    0x0000000008000898        0xc ./Core/Src/syscalls.o
                0x0000000008000898                _exit
 .text._read    0x00000000080008a4       0x1c ./Core/Src/syscalls.o
                0x00000000080008a4                _read
 .text._write   0x00000000080008c0       0x1c ./Core/Src/syscalls.o
                0x00000000080008c0                _write
 .text._close   0x00000000080008dc        0x6 ./Core/Src/syscalls.o
                0x00000000080008dc                _close
 .text._fstat   0x00000000080008e2        0xa ./Core/Src/syscalls.o
                0x00000000080008e2                _fstat
 .text._isatty  0x00000000080008ec        0x4 ./Core/Src/syscalls.o
                0x00000000080008ec                _isatty
 .text._lseek   0x00000000080008f0        0x4 ./Core/Src/syscalls.o
                0x00000000080008f0                _lseek
 .text._sbrk    0x00000000080008f4       0x40 ./Core/Src/sysmem.o
                0x00000000080008f4                _sbrk
 .text.SystemInit
                0x0000000008000934       0x14 ./Core/Src/system_stm32f4xx.o
                0x0000000008000934                SystemInit
 .text.Reset_Handler
                0x0000000008000948       0x50 ./Core/Startup/startup_stm32f407vgtx.o
                0x0000000008000948                Reset_Handler
 .text.Default_Handler
                0x0000000008000998        0x2 ./Core/Startup/startup_stm32f407vgtx.o
                0x0000000008000998                RTC_Alarm_IRQHandler
                0x0000000008000998                HASH_RNG_IRQHandler
                0x0000000008000998                EXTI2_IRQHandler
                0x0000000008000998                TIM8_CC_IRQHandler
                0x0000000008000998                TIM1_CC_IRQHandler
                0x0000000008000998                DMA2_Stream5_IRQHandler
                0x0000000008000998                DMA1_Stream5_IRQHandler
                0x0000000008000998                PVD_IRQHandler
                0x0000000008000998                SDIO_IRQHandler
                0x0000000008000998                TAMP_STAMP_IRQHandler
                0x0000000008000998                CAN2_RX1_IRQHandler
                0x0000000008000998                EXTI3_IRQHandler
                0x0000000008000998                TIM8_TRG_COM_TIM14_IRQHandler
                0x0000000008000998                TIM1_UP_TIM10_IRQHandler
                0x0000000008000998                TIM8_UP_TIM13_IRQHandler
                0x0000000008000998                I2C3_ER_IRQHandler
                0x0000000008000998                EXTI0_IRQHandler
                0x0000000008000998                I2C2_EV_IRQHandler
                0x0000000008000998                DMA1_Stream2_IRQHandler
                0x0000000008000998                CAN1_RX0_IRQHandler
                0x0000000008000998                FPU_IRQHandler
                0x0000000008000998                OTG_HS_WKUP_IRQHandler
                0x0000000008000998                CAN2_SCE_IRQHandler
                0x0000000008000998                DMA2_Stream2_IRQHandler
                0x0000000008000998                SPI1_IRQHandler
                0x0000000008000998                TIM6_DAC_IRQHandler
                0x0000000008000998                TIM1_BRK_TIM9_IRQHandler
                0x0000000008000998                DCMI_IRQHandler
                0x0000000008000998                CAN2_RX0_IRQHandler
                0x0000000008000998                DMA2_Stream3_IRQHandler
                0x0000000008000998                USART6_IRQHandler
                0x0000000008000998                USART3_IRQHandler
                0x0000000008000998                CAN1_RX1_IRQHandler
                0x0000000008000998                UART5_IRQHandler
                0x0000000008000998                DMA2_Stream0_IRQHandler
                0x0000000008000998                TIM4_IRQHandler
                0x0000000008000998                I2C1_EV_IRQHandler
                0x0000000008000998                DMA1_Stream6_IRQHandler
                0x0000000008000998                DMA1_Stream1_IRQHandler
                0x0000000008000998                UART4_IRQHandler
                0x0000000008000998                TIM3_IRQHandler
                0x0000000008000998                RCC_IRQHandler
                0x0000000008000998                TIM8_BRK_TIM12_IRQHandler
                0x0000000008000998                Default_Handler
                0x0000000008000998                EXTI15_10_IRQHandler
                0x0000000008000998                ADC_IRQHandler
                0x0000000008000998                DMA1_Stream7_IRQHandler
                0x0000000008000998                TIM7_IRQHandler
                0x0000000008000998                CAN2_TX_IRQHandler
                0x0000000008000998                TIM5_IRQHandler
                0x0000000008000998                DMA2_Stream7_IRQHandler
                0x0000000008000998                I2C3_EV_IRQHandler
                0x0000000008000998                EXTI9_5_IRQHandler
                0x0000000008000998                RTC_WKUP_IRQHandler
                0x0000000008000998                ETH_WKUP_IRQHandler
                0x0000000008000998                SPI2_IRQHandler
                0x0000000008000998                OTG_HS_EP1_IN_IRQHandler
                0x0000000008000998                DMA1_Stream0_IRQHandler
                0x0000000008000998                CAN1_TX_IRQHandler
                0x0000000008000998                EXTI4_IRQHandler
                0x0000000008000998                FSMC_IRQHandler
                0x0000000008000998                OTG_HS_EP1_OUT_IRQHandler
                0x0000000008000998                WWDG_IRQHandler
                0x0000000008000998                TIM2_IRQHandler
                0x0000000008000998                OTG_FS_WKUP_IRQHandler
                0x0000000008000998                TIM1_TRG_COM_TIM11_IRQHandler
                0x0000000008000998                OTG_HS_IRQHandler
                0x0000000008000998                EXTI1_IRQHandler
                0x0000000008000998                USART2_IRQHandler
                0x0000000008000998                I2C2_ER_IRQHandler
                0x0000000008000998                DMA2_Stream1_IRQHandler
                0x0000000008000998                CAN1_SCE_IRQHandler
                0x0000000008000998                FLASH_IRQHandler
                0x0000000008000998                DMA2_Stream4_IRQHandler
                0x0000000008000998                USART1_IRQHandler
                0x0000000008000998                OTG_FS_IRQHandler
                0x0000000008000998                SPI3_IRQHandler
                0x0000000008000998                DMA1_Stream4_IRQHandler
                0x0000000008000998                I2C1_ER_IRQHandler
                0x0000000008000998                DMA2_Stream6_IRQHandler
                0x0000000008000998                DMA1_Stream3_IRQHandler
 .text.DP83848_RegisterBusIO
                0x000000000800099a       0x28 ./Drivers/BSP/Components/dp83848/dp83848.o
                0x000000000800099a                DP83848_RegisterBusIO
 .text.DP83848_Init
                0x00000000080009c2       0xc2 ./Drivers/BSP/Components/dp83848/dp83848.o
                0x00000000080009c2                DP83848_Init
 .text.DP83848_GetLinkState
                0x0000000008000a84       0x94 ./Drivers/BSP/Components/dp83848/dp83848.o
                0x0000000008000a84                DP83848_GetLinkState
 .text.HAL_InitTick
                0x0000000008000b18       0x48 ./Drivers/STM32F4xx_HAL_Driver/Src/stm32f4xx_hal.o
                0x0000000008000b18                HAL_InitTick
 .text.HAL_Init
                0x0000000008000b60       0x34 ./Drivers/STM32F4xx_HAL_Driver/Src/stm32f4xx_hal.o
                0x0000000008000b60                HAL_Init
 .text.HAL_IncTick
                0x0000000008000b94       0x18 ./Drivers/STM32F4xx_HAL_Driver/Src/stm32f4xx_hal.o
                0x0000000008000b94                HAL_IncTick
 .text.HAL_GetTick
                0x0000000008000bac        0xc ./Drivers/STM32F4xx_HAL_Driver/Src/stm32f4xx_hal.o
                0x0000000008000bac                HAL_GetTick
 .text.HAL_Delay
                0x0000000008000bb8       0x28 ./Drivers/STM32F4xx_HAL_Driver/Src/stm32f4xx_hal.o
                0x0000000008000bb8                HAL_Delay
 .text.HAL_NVIC_SetPriorityGrouping
                0x0000000008000be0       0x24 ./Drivers/STM32F4xx_HAL_Driver/Src/stm32f4xx_hal_cortex.o
                0x0000000008000be0                HAL_NVIC_SetPriorityGrouping
 .text.HAL_NVIC_SetPriority
                0x0000000008000c04       0x64 ./Drivers/STM32F4xx_HAL_Driver/Src/stm32f4xx_hal_cortex.o
                0x0000000008000c04                HAL_NVIC_SetPriority
 .text.HAL_NVIC_EnableIRQ
                0x0000000008000c68       0x1c ./Drivers/STM32F4xx_HAL_Driver/Src/stm32f4xx_hal_cortex.o
                0x0000000008000c68                HAL_NVIC_EnableIRQ
 .text.HAL_SYSTICK_Config
                0x0000000008000c84       0x28 ./Drivers/STM32F4xx_HAL_Driver/Src/stm32f4xx_hal_cortex.o
                0x0000000008000c84                HAL_SYSTICK_Config
 .text.ETH_Prepare_Tx_Descriptors
                0x0000000008000cac      0x154 ./Drivers/STM32F4xx_HAL_Driver/Src/stm32f4xx_hal_eth.o
 .text.ETH_SetMACConfig
                0x0000000008000e00       0xe8 ./Drivers/STM32F4xx_HAL_Driver/Src/stm32f4xx_hal_eth.o
 .text.ETH_SetDMAConfig
                0x0000000008000ee8       0xac ./Drivers/STM32F4xx_HAL_Driver/Src/stm32f4xx_hal_eth.o
 .text.ETH_FlushTransmitFIFO
                0x0000000008000f94       0x2e ./Drivers/STM32F4xx_HAL_Driver/Src/stm32f4xx_hal_eth.o
 *fill*         0x0000000008000fc2        0x2 
 .text.ETH_UpdateDescriptor
                0x0000000008000fc4       0x90 ./Drivers/STM32F4xx_HAL_Driver/Src/stm32f4xx_hal_eth.o
 .text.HAL_ETH_Init
                0x0000000008001054      0x1d8 ./Drivers/STM32F4xx_HAL_Driver/Src/stm32f4xx_hal_eth.o
                0x0000000008001054                HAL_ETH_Init
 .text.HAL_ETH_Start
                0x000000000800122c       0x54 ./Drivers/STM32F4xx_HAL_Driver/Src/stm32f4xx_hal_eth.o
                0x000000000800122c                HAL_ETH_Start
 .text.HAL_ETH_Stop
                0x0000000008001280       0x4a ./Drivers/STM32F4xx_HAL_Driver/Src/stm32f4xx_hal_eth.o
                0x0000000008001280                HAL_ETH_Stop
 .text.HAL_ETH_Transmit
                0x00000000080012ca       0xb0 ./Drivers/STM32F4xx_HAL_Driver/Src/stm32f4xx_hal_eth.o
                0x00000000080012ca                HAL_ETH_Transmit
 .text.HAL_ETH_ReadData
                0x000000000800137a       0xfa ./Drivers/STM32F4xx_HAL_Driver/Src/stm32f4xx_hal_eth.o
                0x000000000800137a                HAL_ETH_ReadData
 .text.HAL_ETH_TxCpltCallback
                0x0000000008001474        0x2 ./Drivers/STM32F4xx_HAL_Driver/Src/stm32f4xx_hal_eth.o
                0x0000000008001474                HAL_ETH_TxCpltCallback
 .text.HAL_ETH_RxCpltCallback
                0x0000000008001476        0x2 ./Drivers/STM32F4xx_HAL_Driver/Src/stm32f4xx_hal_eth.o
                0x0000000008001476                HAL_ETH_RxCpltCallback
 .text.HAL_ETH_ErrorCallback
                0x0000000008001478        0x2 ./Drivers/STM32F4xx_HAL_Driver/Src/stm32f4xx_hal_eth.o
                0x0000000008001478                HAL_ETH_ErrorCallback
 .text.HAL_ETH_PMTCallback
                0x000000000800147a        0x2 ./Drivers/STM32F4xx_HAL_Driver/Src/stm32f4xx_hal_eth.o
                0x000000000800147a                HAL_ETH_PMTCallback
 .text.HAL_ETH_WakeUpCallback
                0x000000000800147c        0x2 ./Drivers/STM32F4xx_HAL_Driver/Src/stm32f4xx_hal_eth.o
                0x000000000800147c                HAL_ETH_WakeUpCallback
 *fill*         0x000000000800147e        0x2 
 .text.HAL_ETH_IRQHandler
                0x0000000008001480       0xd8 ./Drivers/STM32F4xx_HAL_Driver/Src/stm32f4xx_hal_eth.o
                0x0000000008001480                HAL_ETH_IRQHandler
 .text.HAL_ETH_ReadPHYRegister
                0x0000000008001558       0x50 ./Drivers/STM32F4xx_HAL_Driver/Src/stm32f4xx_hal_eth.o
                0x0000000008001558                HAL_ETH_ReadPHYRegister
 .text.HAL_ETH_WritePHYRegister
                0x00000000080015a8       0x4a ./Drivers/STM32F4xx_HAL_Driver/Src/stm32f4xx_hal_eth.o
                0x00000000080015a8                HAL_ETH_WritePHYRegister
 .text.HAL_ETH_GetMACConfig
                0x00000000080015f2       0xc0 ./Drivers/STM32F4xx_HAL_Driver/Src/stm32f4xx_hal_eth.o
                0x00000000080015f2                HAL_ETH_GetMACConfig
 .text.HAL_ETH_SetMACConfig
                0x00000000080016b2       0x18 ./Drivers/STM32F4xx_HAL_Driver/Src/stm32f4xx_hal_eth.o
                0x00000000080016b2                HAL_ETH_SetMACConfig
 *fill*         0x00000000080016ca        0x2 
 .text.HAL_ETH_SetMDIOClockRange
                0x00000000080016cc       0x74 ./Drivers/STM32F4xx_HAL_Driver/Src/stm32f4xx_hal_eth.o
                0x00000000080016cc                HAL_ETH_SetMDIOClockRange
 .text.HAL_GPIO_Init
                0x0000000008001740      0x1b4 ./Drivers/STM32F4xx_HAL_Driver/Src/stm32f4xx_hal_gpio.o
                0x0000000008001740                HAL_GPIO_Init
 .text.HAL_RCC_OscConfig
                0x00000000080018f4      0x360 ./Drivers/STM32F4xx_HAL_Driver/Src/stm32f4xx_hal_rcc.o
                0x00000000080018f4                HAL_RCC_OscConfig
 .text.HAL_RCC_GetSysClockFreq
                0x0000000008001c54       0x5c ./Drivers/STM32F4xx_HAL_Driver/Src/stm32f4xx_hal_rcc.o
                0x0000000008001c54                HAL_RCC_GetSysClockFreq
 .text.HAL_RCC_ClockConfig
                0x0000000008001cb0      0x138 ./Drivers/STM32F4xx_HAL_Driver/Src/stm32f4xx_hal_rcc.o
                0x0000000008001cb0                HAL_RCC_ClockConfig
 .text.HAL_RCC_GetHCLKFreq
                0x0000000008001de8        0xc ./Drivers/STM32F4xx_HAL_Driver/Src/stm32f4xx_hal_rcc.o
                0x0000000008001de8                HAL_RCC_GetHCLKFreq
 .text.ethernet_link_status_updated
                0x0000000008001df4        0x2 ./LWIP/App/lwip.o
 *fill*         0x0000000008001df6        0x2 
 .text.MX_LWIP_Init
                0x0000000008001df8       0xa8 ./LWIP/App/lwip.o
                0x0000000008001df8                MX_LWIP_Init
 .text.ETH_PHY_IO_DeInit
                0x0000000008001ea0        0x4 ./LWIP/Target/ethernetif.o
                0x0000000008001ea0                ETH_PHY_IO_DeInit
 .text.low_level_output
                0x0000000008001ea4       0x60 ./LWIP/Target/ethernetif.o
 .text.pbuf_free_custom
                0x0000000008001f04       0x20 ./LWIP/Target/ethernetif.o
                0x0000000008001f04                pbuf_free_custom
 .text.ETH_PHY_IO_GetTick
                0x0000000008001f24        0x4 ./LWIP/Target/ethernetif.o
                0x0000000008001f24                ETH_PHY_IO_GetTick
 .text.ETH_PHY_IO_Init
                0x0000000008001f28       0x10 ./LWIP/Target/ethernetif.o
                0x0000000008001f28                ETH_PHY_IO_Init
 .text.ETH_PHY_IO_ReadReg
                0x0000000008001f38       0x1c ./LWIP/Target/ethernetif.o
                0x0000000008001f38                ETH_PHY_IO_ReadReg
 .text.ETH_PHY_IO_WriteReg
                0x0000000008001f54       0x1c ./LWIP/Target/ethernetif.o
                0x0000000008001f54                ETH_PHY_IO_WriteReg
 .text.ethernetif_input
                0x0000000008001f70       0x44 ./LWIP/Target/ethernetif.o
                0x0000000008001f70                ethernetif_input
 .text.sys_now  0x0000000008001fb4        0x4 ./LWIP/Target/ethernetif.o
                0x0000000008001fb4                sys_now
 .text.HAL_ETH_MspInit
                0x0000000008001fb8       0xfc ./LWIP/Target/ethernetif.o
                0x0000000008001fb8                HAL_ETH_MspInit
 .text.ethernet_link_check_state
                0x00000000080020b4       0x8c ./LWIP/Target/ethernetif.o
                0x00000000080020b4                ethernet_link_check_state
 .text.ethernetif_init
                0x0000000008002140      0x124 ./LWIP/Target/ethernetif.o
                0x0000000008002140                ethernetif_init
 .text.HAL_ETH_RxAllocateCallback
                0x0000000008002264       0x44 ./LWIP/Target/ethernetif.o
                0x0000000008002264                HAL_ETH_RxAllocateCallback
 .text.HAL_ETH_RxLinkCallback
                0x00000000080022a8       0x32 ./LWIP/Target/ethernetif.o
                0x00000000080022a8                HAL_ETH_RxLinkCallback
 .text.lwip_htons
                0x00000000080022da        0x6 ./Middlewares/Third_Party/LwIP/src/core/def.o
                0x00000000080022da                lwip_htons
 .text.lwip_htonl
                0x00000000080022e0        0x4 ./Middlewares/Third_Party/LwIP/src/core/def.o
                0x00000000080022e0                lwip_htonl
 .text.lwip_init
                0x00000000080022e4       0x1e ./Middlewares/Third_Party/LwIP/src/core/init.o
                0x00000000080022e4                lwip_init
 *fill*         0x0000000008002302        0x2 
 .text.mem_init
                0x0000000008002304       0x44 ./Middlewares/Third_Party/LwIP/src/core/mem.o
                0x0000000008002304                mem_init
 .text.mem_free
                0x0000000008002348      0x170 ./Middlewares/Third_Party/LwIP/src/core/mem.o
                0x0000000008002348                mem_free
 .text.mem_trim
                0x00000000080024b8      0x148 ./Middlewares/Third_Party/LwIP/src/core/mem.o
                0x00000000080024b8                mem_trim
 .text.mem_malloc
                0x0000000008002600      0x150 ./Middlewares/Third_Party/LwIP/src/core/mem.o
                0x0000000008002600                mem_malloc
 .text.do_memp_free_pool
                0x0000000008002750       0x30 ./Middlewares/Third_Party/LwIP/src/core/memp.o
 .text.do_memp_malloc_pool.isra.0
                0x0000000008002780       0x2c ./Middlewares/Third_Party/LwIP/src/core/memp.o
 .text.memp_init_pool
                0x00000000080027ac       0x26 ./Middlewares/Third_Party/LwIP/src/core/memp.o
                0x00000000080027ac                memp_init_pool
 *fill*         0x00000000080027d2        0x2 
 .text.memp_init
                0x00000000080027d4       0x1c ./Middlewares/Third_Party/LwIP/src/core/memp.o
                0x00000000080027d4                memp_init
 .text.memp_malloc_pool
                0x00000000080027f0       0x30 ./Middlewares/Third_Party/LwIP/src/core/memp.o
                0x00000000080027f0                memp_malloc_pool
 .text.memp_malloc
                0x0000000008002820       0x38 ./Middlewares/Third_Party/LwIP/src/core/memp.o
                0x0000000008002820                memp_malloc
 .text.memp_free_pool
                0x0000000008002858       0x28 ./Middlewares/Third_Party/LwIP/src/core/memp.o
                0x0000000008002858                memp_free_pool
 .text.memp_free
                0x0000000008002880       0x30 ./Middlewares/Third_Party/LwIP/src/core/memp.o
                0x0000000008002880                memp_free
 .text.netif_null_output_ip4
                0x00000000080028b0        0x6 ./Middlewares/Third_Party/LwIP/src/core/netif.o
 *fill*         0x00000000080028b6        0x2 
 .text.netif_issue_reports
                0x00000000080028b8       0x44 ./Middlewares/Third_Party/LwIP/src/core/netif.o
 .text.netif_do_set_ipaddr.isra.0
                0x00000000080028fc       0x50 ./Middlewares/Third_Party/LwIP/src/core/netif.o
 .text.netif_init
                0x000000000800294c        0x2 ./Middlewares/Third_Party/LwIP/src/core/netif.o
                0x000000000800294c                netif_init
 *fill*         0x000000000800294e        0x2 
 .text.netif_set_addr
                0x0000000008002950       0x58 ./Middlewares/Third_Party/LwIP/src/core/netif.o
                0x0000000008002950                netif_set_addr
 .text.netif_add
                0x00000000080029a8      0x12c ./Middlewares/Third_Party/LwIP/src/core/netif.o
                0x00000000080029a8                netif_add
 .text.netif_set_default
                0x0000000008002ad4        0xc ./Middlewares/Third_Party/LwIP/src/core/netif.o
                0x0000000008002ad4                netif_set_default
 .text.netif_set_up
                0x0000000008002ae0       0x34 ./Middlewares/Third_Party/LwIP/src/core/netif.o
                0x0000000008002ae0                netif_set_up
 .text.netif_set_down
                0x0000000008002b14       0x38 ./Middlewares/Third_Party/LwIP/src/core/netif.o
                0x0000000008002b14                netif_set_down
 .text.netif_set_link_up
                0x0000000008002b4c       0x48 ./Middlewares/Third_Party/LwIP/src/core/netif.o
                0x0000000008002b4c                netif_set_link_up
 .text.netif_set_link_down
                0x0000000008002b94       0x34 ./Middlewares/Third_Party/LwIP/src/core/netif.o
                0x0000000008002b94                netif_set_link_down
 .text.netif_set_link_callback
                0x0000000008002bc8        0x6 ./Middlewares/Third_Party/LwIP/src/core/netif.o
                0x0000000008002bc8                netif_set_link_callback
 *fill*         0x0000000008002bce        0x2 
 .text.netif_get_by_index
                0x0000000008002bd0       0x24 ./Middlewares/Third_Party/LwIP/src/core/netif.o
                0x0000000008002bd0                netif_get_by_index
 .text.pbuf_add_header_impl
                0x0000000008002bf4       0x64 ./Middlewares/Third_Party/LwIP/src/core/pbuf.o
 .text.pbuf_free_ooseq
                0x0000000008002c58       0x24 ./Middlewares/Third_Party/LwIP/src/core/pbuf.o
                0x0000000008002c58                pbuf_free_ooseq
 .text.pbuf_alloc_reference
                0x0000000008002c7c       0x48 ./Middlewares/Third_Party/LwIP/src/core/pbuf.o
                0x0000000008002c7c                pbuf_alloc_reference
 .text.pbuf_alloced_custom
                0x0000000008002cc4       0x34 ./Middlewares/Third_Party/LwIP/src/core/pbuf.o
                0x0000000008002cc4                pbuf_alloced_custom
 .text.pbuf_add_header
                0x0000000008002cf8        0x6 ./Middlewares/Third_Party/LwIP/src/core/pbuf.o
                0x0000000008002cf8                pbuf_add_header
 *fill*         0x0000000008002cfe        0x2 
 .text.pbuf_remove_header
                0x0000000008002d00       0x58 ./Middlewares/Third_Party/LwIP/src/core/pbuf.o
                0x0000000008002d00                pbuf_remove_header
 .text.pbuf_header_force
                0x0000000008002d58       0x10 ./Middlewares/Third_Party/LwIP/src/core/pbuf.o
                0x0000000008002d58                pbuf_header_force
 .text.pbuf_free
                0x0000000008002d68       0xc8 ./Middlewares/Third_Party/LwIP/src/core/pbuf.o
                0x0000000008002d68                pbuf_free
 .text.pbuf_alloc
                0x0000000008002e30      0x100 ./Middlewares/Third_Party/LwIP/src/core/pbuf.o
                0x0000000008002e30                pbuf_alloc
 .text.pbuf_realloc
                0x0000000008002f30       0xb0 ./Middlewares/Third_Party/LwIP/src/core/pbuf.o
                0x0000000008002f30                pbuf_realloc
 .text.pbuf_clen
                0x0000000008002fe0       0x10 ./Middlewares/Third_Party/LwIP/src/core/pbuf.o
                0x0000000008002fe0                pbuf_clen
 .text.pbuf_ref
                0x0000000008002ff0       0x28 ./Middlewares/Third_Party/LwIP/src/core/pbuf.o
                0x0000000008002ff0                pbuf_ref
 .text.pbuf_cat
                0x0000000008003018       0x74 ./Middlewares/Third_Party/LwIP/src/core/pbuf.o
                0x0000000008003018                pbuf_cat
 .text.pbuf_copy
                0x000000000800308c      0x104 ./Middlewares/Third_Party/LwIP/src/core/pbuf.o
                0x000000000800308c                pbuf_copy
 .text.pbuf_copy_partial
                0x0000000008003190       0x8c ./Middlewares/Third_Party/LwIP/src/core/pbuf.o
                0x0000000008003190                pbuf_copy_partial
 .text.pbuf_clone
                0x000000000800321c       0x38 ./Middlewares/Third_Party/LwIP/src/core/pbuf.o
                0x000000000800321c                pbuf_clone
 .text.tcp_new_port
                0x0000000008003254       0x54 ./Middlewares/Third_Party/LwIP/src/core/tcp.o
 .text.tcp_close_shutdown_fin
                0x00000000080032a8       0x60 ./Middlewares/Third_Party/LwIP/src/core/tcp.o
 .text.tcp_init
                0x0000000008003308       0x18 ./Middlewares/Third_Party/LwIP/src/core/tcp.o
                0x0000000008003308                tcp_init
 .text.tcp_free
                0x0000000008003320       0x30 ./Middlewares/Third_Party/LwIP/src/core/tcp.o
                0x0000000008003320                tcp_free
 .text.tcp_update_rcv_ann_wnd
                0x0000000008003350       0x6c ./Middlewares/Third_Party/LwIP/src/core/tcp.o
                0x0000000008003350                tcp_update_rcv_ann_wnd
 .text.tcp_recved
                0x00000000080033bc       0x7c ./Middlewares/Third_Party/LwIP/src/core/tcp.o
                0x00000000080033bc                tcp_recved
 .text.tcp_seg_free
                0x0000000008003438       0x1c ./Middlewares/Third_Party/LwIP/src/core/tcp.o
                0x0000000008003438                tcp_seg_free
 .text.tcp_segs_free
                0x0000000008003454       0x10 ./Middlewares/Third_Party/LwIP/src/core/tcp.o
                0x0000000008003454                tcp_segs_free
 .text.tcp_seg_copy
                0x0000000008003464       0x48 ./Middlewares/Third_Party/LwIP/src/core/tcp.o
                0x0000000008003464                tcp_seg_copy
 .text.tcp_arg  0x00000000080034ac        0x6 ./Middlewares/Third_Party/LwIP/src/core/tcp.o
                0x00000000080034ac                tcp_arg
 *fill*         0x00000000080034b2        0x2 
 .text.tcp_recv
                0x00000000080034b4       0x30 ./Middlewares/Third_Party/LwIP/src/core/tcp.o
                0x00000000080034b4                tcp_recv
 .text.tcp_sent
                0x00000000080034e4       0x30 ./Middlewares/Third_Party/LwIP/src/core/tcp.o
                0x00000000080034e4                tcp_sent
 .text.tcp_err  0x0000000008003514       0x30 ./Middlewares/Third_Party/LwIP/src/core/tcp.o
                0x0000000008003514                tcp_err
 .text.tcp_poll
                0x0000000008003544       0x48 ./Middlewares/Third_Party/LwIP/src/core/tcp.o
                0x0000000008003544                tcp_poll
 .text.tcp_next_iss
                0x000000000800358c       0x34 ./Middlewares/Third_Party/LwIP/src/core/tcp.o
                0x000000000800358c                tcp_next_iss
 .text.tcp_eff_send_mss_netif
                0x00000000080035c0       0x3c ./Middlewares/Third_Party/LwIP/src/core/tcp.o
                0x00000000080035c0                tcp_eff_send_mss_netif
 .text.tcp_connect
                0x00000000080035fc      0x130 ./Middlewares/Third_Party/LwIP/src/core/tcp.o
                0x00000000080035fc                tcp_connect
 .text.tcp_free_ooseq
                0x000000000800372c       0x12 ./Middlewares/Third_Party/LwIP/src/core/tcp.o
                0x000000000800372c                tcp_free_ooseq
 *fill*         0x000000000800373e        0x2 
 .text.tcp_pcb_purge
                0x0000000008003740       0x64 ./Middlewares/Third_Party/LwIP/src/core/tcp.o
                0x0000000008003740                tcp_pcb_purge
 .text.tcp_pcb_remove
                0x00000000080037a4       0xcc ./Middlewares/Third_Party/LwIP/src/core/tcp.o
                0x00000000080037a4                tcp_pcb_remove
 .text.tcp_abandon
                0x0000000008003870      0x104 ./Middlewares/Third_Party/LwIP/src/core/tcp.o
                0x0000000008003870                tcp_abandon
 .text.tcp_abort
                0x0000000008003974        0x6 ./Middlewares/Third_Party/LwIP/src/core/tcp.o
                0x0000000008003974                tcp_abort
 *fill*         0x000000000800397a        0x2 
 .text.tcp_netif_ip_addr_changed_pcblist
                0x000000000800397c       0x3c ./Middlewares/Third_Party/LwIP/src/core/tcp.o
 .text.tcp_netif_ip_addr_changed
                0x00000000080039b8       0x48 ./Middlewares/Third_Party/LwIP/src/core/tcp.o
                0x00000000080039b8                tcp_netif_ip_addr_changed
 .text.tcp_kill_state
                0x0000000008003a00       0x3c ./Middlewares/Third_Party/LwIP/src/core/tcp.o
 .text.tcp_alloc
                0x0000000008003a3c      0x134 ./Middlewares/Third_Party/LwIP/src/core/tcp.o
                0x0000000008003a3c                tcp_alloc
 .text.tcp_new  0x0000000008003b70        0x6 ./Middlewares/Third_Party/LwIP/src/core/tcp.o
                0x0000000008003b70                tcp_new
 *fill*         0x0000000008003b76        0x2 
 .text.tcp_close_shutdown
                0x0000000008003b78      0x164 ./Middlewares/Third_Party/LwIP/src/core/tcp.o
 .text.tcp_close
                0x0000000008003cdc       0x3c ./Middlewares/Third_Party/LwIP/src/core/tcp.o
                0x0000000008003cdc                tcp_close
 .text.tcp_recv_null
                0x0000000008003d18       0x48 ./Middlewares/Third_Party/LwIP/src/core/tcp.o
                0x0000000008003d18                tcp_recv_null
 .text.tcp_process_refused_data
                0x0000000008003d60       0x88 ./Middlewares/Third_Party/LwIP/src/core/tcp.o
                0x0000000008003d60                tcp_process_refused_data
 .text.tcp_fasttmr
                0x0000000008003de8       0x80 ./Middlewares/Third_Party/LwIP/src/core/tcp.o
                0x0000000008003de8                tcp_fasttmr
 .text.tcp_slowtmr
                0x0000000008003e68      0x43c ./Middlewares/Third_Party/LwIP/src/core/tcp.o
                0x0000000008003e68                tcp_slowtmr
 .text.tcp_tmr  0x00000000080042a4       0x24 ./Middlewares/Third_Party/LwIP/src/core/tcp.o
                0x00000000080042a4                tcp_tmr
 .text.tcp_get_next_optbyte
                0x00000000080042c8       0x38 ./Middlewares/Third_Party/LwIP/src/core/tcp_in.o
 .text.tcp_oos_insert_segment
                0x0000000008004300       0x94 ./Middlewares/Third_Party/LwIP/src/core/tcp_in.o
 .text.tcp_parseopt
                0x0000000008004394       0x90 ./Middlewares/Third_Party/LwIP/src/core/tcp_in.o
 .text.tcp_input_delayed_close
                0x0000000008004424       0x58 ./Middlewares/Third_Party/LwIP/src/core/tcp_in.o
 .text.tcp_free_acked_segments.constprop.0
                0x000000000800447c       0xc4 ./Middlewares/Third_Party/LwIP/src/core/tcp_in.o
 .text.tcp_receive
                0x0000000008004540      0x860 ./Middlewares/Third_Party/LwIP/src/core/tcp_in.o
 .text.tcp_input
                0x0000000008004da0      0xb04 ./Middlewares/Third_Party/LwIP/src/core/tcp_in.o
                0x0000000008004da0                tcp_input
 .text.tcp_trigger_input_pcb_close
                0x00000000080058a4       0x10 ./Middlewares/Third_Party/LwIP/src/core/tcp_in.o
                0x00000000080058a4                tcp_trigger_input_pcb_close
 .text.tcp_output_segment_busy
                0x00000000080058b4       0x2c ./Middlewares/Third_Party/LwIP/src/core/tcp_out.o
 .text.tcp_pbuf_prealloc
                0x00000000080058e0       0x98 ./Middlewares/Third_Party/LwIP/src/core/tcp_out.o
 .text.tcp_create_segment
                0x0000000008005978       0xe4 ./Middlewares/Third_Party/LwIP/src/core/tcp_out.o
 .text.tcp_output_alloc_header_common.constprop.0
                0x0000000008005a5c       0x84 ./Middlewares/Third_Party/LwIP/src/core/tcp_out.o
 .text.tcp_output_alloc_header.constprop.0
                0x0000000008005ae0       0x4c ./Middlewares/Third_Party/LwIP/src/core/tcp_out.o
 .text.tcp_output_fill_options.constprop.0
                0x0000000008005b2c       0x20 ./Middlewares/Third_Party/LwIP/src/core/tcp_out.o
 .text.tcp_output_control_segment
                0x0000000008005b4c       0x70 ./Middlewares/Third_Party/LwIP/src/core/tcp_out.o
 .text.tcp_write
                0x0000000008005bbc      0x53c ./Middlewares/Third_Party/LwIP/src/core/tcp_out.o
                0x0000000008005bbc                tcp_write
 .text.tcp_split_unsent_seg
                0x00000000080060f8      0x198 ./Middlewares/Third_Party/LwIP/src/core/tcp_out.o
                0x00000000080060f8                tcp_split_unsent_seg
 .text.tcp_enqueue_flags
                0x0000000008006290      0x128 ./Middlewares/Third_Party/LwIP/src/core/tcp_out.o
                0x0000000008006290                tcp_enqueue_flags
 .text.tcp_send_fin
                0x00000000080063b8       0x60 ./Middlewares/Third_Party/LwIP/src/core/tcp_out.o
                0x00000000080063b8                tcp_send_fin
 .text.tcp_rexmit_rto_prepare
                0x0000000008006418       0x88 ./Middlewares/Third_Party/LwIP/src/core/tcp_out.o
                0x0000000008006418                tcp_rexmit_rto_prepare
 .text.tcp_rexmit
                0x00000000080064a0       0x84 ./Middlewares/Third_Party/LwIP/src/core/tcp_out.o
                0x00000000080064a0                tcp_rexmit
 .text.tcp_rexmit_fast
                0x0000000008006524       0x68 ./Middlewares/Third_Party/LwIP/src/core/tcp_out.o
                0x0000000008006524                tcp_rexmit_fast
 .text.tcp_rst  0x000000000800658c       0x8c ./Middlewares/Third_Party/LwIP/src/core/tcp_out.o
                0x000000000800658c                tcp_rst
 .text.tcp_send_empty_ack
                0x0000000008006618       0x64 ./Middlewares/Third_Party/LwIP/src/core/tcp_out.o
                0x0000000008006618                tcp_send_empty_ack
 .text.tcp_output
                0x000000000800667c      0x354 ./Middlewares/Third_Party/LwIP/src/core/tcp_out.o
                0x000000000800667c                tcp_output
 .text.tcp_rexmit_rto_commit
                0x00000000080069d0       0x38 ./Middlewares/Third_Party/LwIP/src/core/tcp_out.o
                0x00000000080069d0                tcp_rexmit_rto_commit
 .text.tcp_rexmit_rto
                0x0000000008006a08       0x34 ./Middlewares/Third_Party/LwIP/src/core/tcp_out.o
                0x0000000008006a08                tcp_rexmit_rto
 .text.tcp_keepalive
                0x0000000008006a3c       0x50 ./Middlewares/Third_Party/LwIP/src/core/tcp_out.o
                0x0000000008006a3c                tcp_keepalive
 .text.tcp_zero_window_probe
                0x0000000008006a8c       0xc8 ./Middlewares/Third_Party/LwIP/src/core/tcp_out.o
                0x0000000008006a8c                tcp_zero_window_probe
 .text.sys_timeout_abs
                0x0000000008006b54       0x64 ./Middlewares/Third_Party/LwIP/src/core/timeouts.o
 .text.lwip_cyclic_timer
                0x0000000008006bb8       0x34 ./Middlewares/Third_Party/LwIP/src/core/timeouts.o
 .text.sys_timeout
                0x0000000008006bec       0x3c ./Middlewares/Third_Party/LwIP/src/core/timeouts.o
                0x0000000008006bec                sys_timeout
 .text.tcp_timer_needed
                0x0000000008006c28       0x34 ./Middlewares/Third_Party/LwIP/src/core/timeouts.o
                0x0000000008006c28                tcp_timer_needed
 .text.tcpip_tcp_timer
                0x0000000008006c5c       0x38 ./Middlewares/Third_Party/LwIP/src/core/timeouts.o
 .text.sys_timeouts_init
                0x0000000008006c94       0x2c ./Middlewares/Third_Party/LwIP/src/core/timeouts.o
                0x0000000008006c94                sys_timeouts_init
 .text.sys_check_timeouts
                0x0000000008006cc0       0x58 ./Middlewares/Third_Party/LwIP/src/core/timeouts.o
                0x0000000008006cc0                sys_check_timeouts
 .text.udp_init
                0x0000000008006d18       0x18 ./Middlewares/Third_Party/LwIP/src/core/udp.o
                0x0000000008006d18                udp_init
 .text.udp_input
                0x0000000008006d30      0x1b0 ./Middlewares/Third_Party/LwIP/src/core/udp.o
                0x0000000008006d30                udp_input
 .text.udp_netif_ip_addr_changed
                0x0000000008006ee0       0x2c ./Middlewares/Third_Party/LwIP/src/core/udp.o
                0x0000000008006ee0                udp_netif_ip_addr_changed
 .text.etharp_free_entry
                0x0000000008006f0c       0x28 ./Middlewares/Third_Party/LwIP/src/core/ipv4/etharp.o
 .text.etharp_find_entry
                0x0000000008006f34      0x120 ./Middlewares/Third_Party/LwIP/src/core/ipv4/etharp.o
 .text.etharp_raw
                0x0000000008007054       0xdc ./Middlewares/Third_Party/LwIP/src/core/ipv4/etharp.o
 .text.etharp_cleanup_netif
                0x0000000008007130       0x28 ./Middlewares/Third_Party/LwIP/src/core/ipv4/etharp.o
                0x0000000008007130                etharp_cleanup_netif
 .text.etharp_input
                0x0000000008007158      0x14c ./Middlewares/Third_Party/LwIP/src/core/ipv4/etharp.o
                0x0000000008007158                etharp_input
 .text.etharp_request
                0x00000000080072a4       0x2c ./Middlewares/Third_Party/LwIP/src/core/ipv4/etharp.o
                0x00000000080072a4                etharp_request
 .text.etharp_tmr
                0x00000000080072d0       0x54 ./Middlewares/Third_Party/LwIP/src/core/ipv4/etharp.o
                0x00000000080072d0                etharp_tmr
 .text.etharp_output_to_arp_index
                0x0000000008007324       0xac ./Middlewares/Third_Party/LwIP/src/core/ipv4/etharp.o
 .text.etharp_query
                0x00000000080073d0      0x130 ./Middlewares/Third_Party/LwIP/src/core/ipv4/etharp.o
                0x00000000080073d0                etharp_query
 .text.etharp_output
                0x0000000008007500      0x144 ./Middlewares/Third_Party/LwIP/src/core/ipv4/etharp.o
                0x0000000008007500                etharp_output
 .text.icmp_send_response
                0x0000000008007644       0x90 ./Middlewares/Third_Party/LwIP/src/core/ipv4/icmp.o
 .text.icmp_input
                0x00000000080076d4      0x12c ./Middlewares/Third_Party/LwIP/src/core/ipv4/icmp.o
                0x00000000080076d4                icmp_input
 .text.icmp_dest_unreach
                0x0000000008007800        0x8 ./Middlewares/Third_Party/LwIP/src/core/ipv4/icmp.o
                0x0000000008007800                icmp_dest_unreach
 .text.icmp_time_exceeded
                0x0000000008007808        0x8 ./Middlewares/Third_Party/LwIP/src/core/ipv4/icmp.o
                0x0000000008007808                icmp_time_exceeded
 .text.ip4_input_accept
                0x0000000008007810       0x34 ./Middlewares/Third_Party/LwIP/src/core/ipv4/ip4.o
 .text.ip4_route
                0x0000000008007844       0x5c ./Middlewares/Third_Party/LwIP/src/core/ipv4/ip4.o
                0x0000000008007844                ip4_route
 .text.ip4_input
                0x00000000080078a0      0x168 ./Middlewares/Third_Party/LwIP/src/core/ipv4/ip4.o
                0x00000000080078a0                ip4_input
 .text.ip4_output_if_src
                0x0000000008007a08       0xf8 ./Middlewares/Third_Party/LwIP/src/core/ipv4/ip4.o
                0x0000000008007a08                ip4_output_if_src
 .text.ip4_output_if
                0x0000000008007b00       0x22 ./Middlewares/Third_Party/LwIP/src/core/ipv4/ip4.o
                0x0000000008007b00                ip4_output_if
 .text.ip4_addr_isbroadcast_u32
                0x0000000008007b22       0x36 ./Middlewares/Third_Party/LwIP/src/core/ipv4/ip4_addr.o
                0x0000000008007b22                ip4_addr_isbroadcast_u32
 .text.ip4addr_ntoa_r
                0x0000000008007b58       0x90 ./Middlewares/Third_Party/LwIP/src/core/ipv4/ip4_addr.o
                0x0000000008007b58                ip4addr_ntoa_r
 .text.ip4addr_ntoa
                0x0000000008007be8        0xc ./Middlewares/Third_Party/LwIP/src/core/ipv4/ip4_addr.o
                0x0000000008007be8                ip4addr_ntoa
 .text.ip_reass_dequeue_datagram
                0x0000000008007bf4       0x44 ./Middlewares/Third_Party/LwIP/src/core/ipv4/ip4_frag.o
 .text.ip_reass_free_complete_datagram
                0x0000000008007c38       0xe8 ./Middlewares/Third_Party/LwIP/src/core/ipv4/ip4_frag.o
 .text.ip_reass_remove_oldest_datagram
                0x0000000008007d20       0x78 ./Middlewares/Third_Party/LwIP/src/core/ipv4/ip4_frag.o
 .text.ip_frag_free_pbuf_custom_ref
                0x0000000008007d98       0x2c ./Middlewares/Third_Party/LwIP/src/core/ipv4/ip4_frag.o
 .text.ipfrag_free_pbuf_custom
                0x0000000008007dc4       0x34 ./Middlewares/Third_Party/LwIP/src/core/ipv4/ip4_frag.o
 .text.ip_reass_tmr
                0x0000000008007df8       0x2c ./Middlewares/Third_Party/LwIP/src/core/ipv4/ip4_frag.o
                0x0000000008007df8                ip_reass_tmr
 .text.ip4_reass
                0x0000000008007e24      0x3b4 ./Middlewares/Third_Party/LwIP/src/core/ipv4/ip4_frag.o
                0x0000000008007e24                ip4_reass
 .text.ip4_frag
                0x00000000080081d8      0x1d8 ./Middlewares/Third_Party/LwIP/src/core/ipv4/ip4_frag.o
                0x00000000080081d8                ip4_frag
 .text.ethernet_input
                0x00000000080083b0       0xa0 ./Middlewares/Third_Party/LwIP/src/netif/ethernet.o
                0x00000000080083b0                ethernet_input
 .text.ethernet_output
                0x0000000008008450       0x70 ./Middlewares/Third_Party/LwIP/src/netif/ethernet.o
                0x0000000008008450                ethernet_output
 .text.__libc_init_array
                0x00000000080084c0       0x48 c:/st/stm32cubeide_1.12.1/stm32cubeide/plugins/com.st.stm32cube.ide.mcu.externaltools.gnu-tools-for-stm32.10.3-2021.10.win32_1.0.200.202301161003/tools/bin/../lib/gcc/arm-none-eabi/10.3.1/../../../../arm-none-eabi/lib/thumb/v7e-m+fp/hard\libc_nano.a(lib_a-init.o)
                0x00000000080084c0                __libc_init_array
 .text.memcmp   0x0000000008008508       0x20 c:/st/stm32cubeide_1.12.1/stm32cubeide/plugins/com.st.stm32cube.ide.mcu.externaltools.gnu-tools-for-stm32.10.3-2021.10.win32_1.0.200.202301161003/tools/bin/../lib/gcc/arm-none-eabi/10.3.1/../../../../arm-none-eabi/lib/thumb/v7e-m+fp/hard\libc_nano.a(lib_a-memcmp.o)
                0x0000000008008508                memcmp
 .text.memcpy   0x0000000008008528       0x1c c:/st/stm32cubeide_1.12.1/stm32cubeide/plugins/com.st.stm32cube.ide.mcu.externaltools.gnu-tools-for-stm32.10.3-2021.10.win32_1.0.200.202301161003/tools/bin/../lib/gcc/arm-none-eabi/10.3.1/../../../../arm-none-eabi/lib/thumb/v7e-m+fp/hard\libc_nano.a(lib_a-memcpy-stub.o)
                0x0000000008008528                memcpy
 .text.memset   0x0000000008008544       0x10 c:/st/stm32cubeide_1.12.1/stm32cubeide/plugins/com.st.stm32cube.ide.mcu.externaltools.gnu-tools-for-stm32.10.3-2021.10.win32_1.0.200.202301161003/tools/bin/../lib/gcc/arm-none-eabi/10.3.1/../../../../arm-none-eabi/lib/thumb/v7e-m+fp/hard\libc_nano.a(lib_a-memset.o)
                0x0000000008008544                memset
 .text.printf   0x0000000008008554       0x30 c:/st/stm32cubeide_1.12.1/stm32cubeide/plugins/com.st.stm32cube.ide.mcu.externaltools.gnu-tools-for-stm32.10.3-2021.10.win32_1.0.200.202301161003/tools/bin/../lib/gcc/arm-none-eabi/10.3.1/../../../../arm-none-eabi/lib/thumb/v7e-m+fp/hard\libc_nano.a(lib_a-printf.o)
                0x0000000008008554                iprintf
                0x0000000008008554                printf
 .text.rand     0x0000000008008584       0x7c c:/st/stm32cubeide_1.12.1/stm32cubeide/plugins/com.st.stm32cube.ide.mcu.externaltools.gnu-tools-for-stm32.10.3-2021.10.win32_1.0.200.202301161003/tools/bin/../lib/gcc/arm-none-eabi/10.3.1/../../../../arm-none-eabi/lib/thumb/v7e-m+fp/hard\libc_nano.a(lib_a-rand.o)
                0x0000000008008584                rand
 .text.__assert_func
                0x0000000008008600       0x3c c:/st/stm32cubeide_1.12.1/stm32cubeide/plugins/com.st.stm32cube.ide.mcu.externaltools.gnu-tools-for-stm32.10.3-2021.10.win32_1.0.200.202301161003/tools/bin/../lib/gcc/arm-none-eabi/10.3.1/../../../../arm-none-eabi/lib/thumb/v7e-m+fp/hard\libc_nano.a(lib_a-assert.o)
                0x0000000008008600                __assert_func
 .text.std      0x000000000800863c       0x48 c:/st/stm32cubeide_1.12.1/stm32cubeide/plugins/com.st.stm32cube.ide.mcu.externaltools.gnu-tools-for-stm32.10.3-2021.10.win32_1.0.200.202301161003/tools/bin/../lib/gcc/arm-none-eabi/10.3.1/../../../../arm-none-eabi/lib/thumb/v7e-m+fp/hard\libc_nano.a(lib_a-findfp.o)
 .text._cleanup_r
                0x0000000008008684        0xc c:/st/stm32cubeide_1.12.1/stm32cubeide/plugins/com.st.stm32cube.ide.mcu.externaltools.gnu-tools-for-stm32.10.3-2021.10.win32_1.0.200.202301161003/tools/bin/../lib/gcc/arm-none-eabi/10.3.1/../../../../arm-none-eabi/lib/thumb/v7e-m+fp/hard\libc_nano.a(lib_a-findfp.o)
                0x0000000008008684                _cleanup_r
 .text.__sfmoreglue
                0x0000000008008690       0x2c c:/st/stm32cubeide_1.12.1/stm32cubeide/plugins/com.st.stm32cube.ide.mcu.externaltools.gnu-tools-for-stm32.10.3-2021.10.win32_1.0.200.202301161003/tools/bin/../lib/gcc/arm-none-eabi/10.3.1/../../../../arm-none-eabi/lib/thumb/v7e-m+fp/hard\libc_nano.a(lib_a-findfp.o)
                0x0000000008008690                __sfmoreglue
 .text.__sfp_lock_acquire
                0x00000000080086bc        0xc c:/st/stm32cubeide_1.12.1/stm32cubeide/plugins/com.st.stm32cube.ide.mcu.externaltools.gnu-tools-for-stm32.10.3-2021.10.win32_1.0.200.202301161003/tools/bin/../lib/gcc/arm-none-eabi/10.3.1/../../../../arm-none-eabi/lib/thumb/v7e-m+fp/hard\libc_nano.a(lib_a-findfp.o)
                0x00000000080086bc                __sfp_lock_acquire
 .text.__sfp_lock_release
                0x00000000080086c8        0xc c:/st/stm32cubeide_1.12.1/stm32cubeide/plugins/com.st.stm32cube.ide.mcu.externaltools.gnu-tools-for-stm32.10.3-2021.10.win32_1.0.200.202301161003/tools/bin/../lib/gcc/arm-none-eabi/10.3.1/../../../../arm-none-eabi/lib/thumb/v7e-m+fp/hard\libc_nano.a(lib_a-findfp.o)
                0x00000000080086c8                __sfp_lock_release
 .text.__sinit_lock_acquire
                0x00000000080086d4        0xc c:/st/stm32cubeide_1.12.1/stm32cubeide/plugins/com.st.stm32cube.ide.mcu.externaltools.gnu-tools-for-stm32.10.3-2021.10.win32_1.0.200.202301161003/tools/bin/../lib/gcc/arm-none-eabi/10.3.1/../../../../arm-none-eabi/lib/thumb/v7e-m+fp/hard\libc_nano.a(lib_a-findfp.o)
                0x00000000080086d4                __sinit_lock_acquire
 .text.__sinit_lock_release
                0x00000000080086e0        0xc c:/st/stm32cubeide_1.12.1/stm32cubeide/plugins/com.st.stm32cube.ide.mcu.externaltools.gnu-tools-for-stm32.10.3-2021.10.win32_1.0.200.202301161003/tools/bin/../lib/gcc/arm-none-eabi/10.3.1/../../../../arm-none-eabi/lib/thumb/v7e-m+fp/hard\libc_nano.a(lib_a-findfp.o)
                0x00000000080086e0                __sinit_lock_release
 .text.__sinit  0x00000000080086ec       0x70 c:/st/stm32cubeide_1.12.1/stm32cubeide/plugins/com.st.stm32cube.ide.mcu.externaltools.gnu-tools-for-stm32.10.3-2021.10.win32_1.0.200.202301161003/tools/bin/../lib/gcc/arm-none-eabi/10.3.1/../../../../arm-none-eabi/lib/thumb/v7e-m+fp/hard\libc_nano.a(lib_a-findfp.o)
                0x00000000080086ec                __sinit
 .text.__sfp    0x000000000800875c       0x8c c:/st/stm32cubeide_1.12.1/stm32cubeide/plugins/com.st.stm32cube.ide.mcu.externaltools.gnu-tools-for-stm32.10.3-2021.10.win32_1.0.200.202301161003/tools/bin/../lib/gcc/arm-none-eabi/10.3.1/../../../../arm-none-eabi/lib/thumb/v7e-m+fp/hard\libc_nano.a(lib_a-findfp.o)
                0x000000000800875c                __sfp
 .text.fprintf  0x00000000080087e8       0x24 c:/st/stm32cubeide_1.12.1/stm32cubeide/plugins/com.st.stm32cube.ide.mcu.externaltools.gnu-tools-for-stm32.10.3-2021.10.win32_1.0.200.202301161003/tools/bin/../lib/gcc/arm-none-eabi/10.3.1/../../../../arm-none-eabi/lib/thumb/v7e-m+fp/hard\libc_nano.a(lib_a-fprintf.o)
                0x00000000080087e8                fiprintf
                0x00000000080087e8                fprintf
 .text._fwalk_reent
                0x000000000800880c       0x3e c:/st/stm32cubeide_1.12.1/stm32cubeide/plugins/com.st.stm32cube.ide.mcu.externaltools.gnu-tools-for-stm32.10.3-2021.10.win32_1.0.200.202301161003/tools/bin/../lib/gcc/arm-none-eabi/10.3.1/../../../../arm-none-eabi/lib/thumb/v7e-m+fp/hard\libc_nano.a(lib_a-fwalk.o)
                0x000000000800880c                _fwalk_reent
 .text.__retarget_lock_init_recursive
                0x000000000800884a        0x2 c:/st/stm32cubeide_1.12.1/stm32cubeide/plugins/com.st.stm32cube.ide.mcu.externaltools.gnu-tools-for-stm32.10.3-2021.10.win32_1.0.200.202301161003/tools/bin/../lib/gcc/arm-none-eabi/10.3.1/../../../../arm-none-eabi/lib/thumb/v7e-m+fp/hard\libc_nano.a(lib_a-lock.o)
                0x000000000800884a                __retarget_lock_init_recursive
 .text.__retarget_lock_acquire_recursive
                0x000000000800884c        0x2 c:/st/stm32cubeide_1.12.1/stm32cubeide/plugins/com.st.stm32cube.ide.mcu.externaltools.gnu-tools-for-stm32.10.3-2021.10.win32_1.0.200.202301161003/tools/bin/../lib/gcc/arm-none-eabi/10.3.1/../../../../arm-none-eabi/lib/thumb/v7e-m+fp/hard\libc_nano.a(lib_a-lock.o)
                0x000000000800884c                __retarget_lock_acquire_recursive
 .text.__retarget_lock_release_recursive
                0x000000000800884e        0x2 c:/st/stm32cubeide_1.12.1/stm32cubeide/plugins/com.st.stm32cube.ide.mcu.externaltools.gnu-tools-for-stm32.10.3-2021.10.win32_1.0.200.202301161003/tools/bin/../lib/gcc/arm-none-eabi/10.3.1/../../../../arm-none-eabi/lib/thumb/v7e-m+fp/hard\libc_nano.a(lib_a-lock.o)
                0x000000000800884e                __retarget_lock_release_recursive
 .text.malloc   0x0000000008008850       0x10 c:/st/stm32cubeide_1.12.1/stm32cubeide/plugins/com.st.stm32cube.ide.mcu.externaltools.gnu-tools-for-stm32.10.3-2021.10.win32_1.0.200.202301161003/tools/bin/../lib/gcc/arm-none-eabi/10.3.1/../../../../arm-none-eabi/lib/thumb/v7e-m+fp/hard\libc_nano.a(lib_a-malloc.o)
                0x0000000008008850                malloc
 .text._free_r  0x0000000008008860       0x98 c:/st/stm32cubeide_1.12.1/stm32cubeide/plugins/com.st.stm32cube.ide.mcu.externaltools.gnu-tools-for-stm32.10.3-2021.10.win32_1.0.200.202301161003/tools/bin/../lib/gcc/arm-none-eabi/10.3.1/../../../../arm-none-eabi/lib/thumb/v7e-m+fp/hard\libc_nano.a(lib_a-nano-freer.o)
                0x0000000008008860                _free_r
 .text.sbrk_aligned
                0x00000000080088f8       0x40 c:/st/stm32cubeide_1.12.1/stm32cubeide/plugins/com.st.stm32cube.ide.mcu.externaltools.gnu-tools-for-stm32.10.3-2021.10.win32_1.0.200.202301161003/tools/bin/../lib/gcc/arm-none-eabi/10.3.1/../../../../arm-none-eabi/lib/thumb/v7e-m+fp/hard\libc_nano.a(lib_a-nano-mallocr.o)
 .text._malloc_r
                0x0000000008008938       0xe8 c:/st/stm32cubeide_1.12.1/stm32cubeide/plugins/com.st.stm32cube.ide.mcu.externaltools.gnu-tools-for-stm32.10.3-2021.10.win32_1.0.200.202301161003/tools/bin/../lib/gcc/arm-none-eabi/10.3.1/../../../../arm-none-eabi/lib/thumb/v7e-m+fp/hard\libc_nano.a(lib_a-nano-mallocr.o)
                0x0000000008008938                _malloc_r
 .text.__sfputc_r
                0x0000000008008a20       0x2e c:/st/stm32cubeide_1.12.1/stm32cubeide/plugins/com.st.stm32cube.ide.mcu.externaltools.gnu-tools-for-stm32.10.3-2021.10.win32_1.0.200.202301161003/tools/bin/../lib/gcc/arm-none-eabi/10.3.1/../../../../arm-none-eabi/lib/thumb/v7e-m+fp/hard\libc_nano.a(lib_a-nano-vfprintf.o)
 .text.__sfputs_r
                0x0000000008008a4e       0x24 c:/st/stm32cubeide_1.12.1/stm32cubeide/plugins/com.st.stm32cube.ide.mcu.externaltools.gnu-tools-for-stm32.10.3-2021.10.win32_1.0.200.202301161003/tools/bin/../lib/gcc/arm-none-eabi/10.3.1/../../../../arm-none-eabi/lib/thumb/v7e-m+fp/hard\libc_nano.a(lib_a-nano-vfprintf.o)
                0x0000000008008a4e                __sfputs_r
 *fill*         0x0000000008008a72        0x2 
 .text._vfprintf_r
                0x0000000008008a74      0x260 c:/st/stm32cubeide_1.12.1/stm32cubeide/plugins/com.st.stm32cube.ide.mcu.externaltools.gnu-tools-for-stm32.10.3-2021.10.win32_1.0.200.202301161003/tools/bin/../lib/gcc/arm-none-eabi/10.3.1/../../../../arm-none-eabi/lib/thumb/v7e-m+fp/hard\libc_nano.a(lib_a-nano-vfprintf.o)
                0x0000000008008a74                _vfprintf_r
                0x0000000008008a74                _vfiprintf_r
 .text._printf_common
                0x0000000008008cd4       0xda c:/st/stm32cubeide_1.12.1/stm32cubeide/plugins/com.st.stm32cube.ide.mcu.externaltools.gnu-tools-for-stm32.10.3-2021.10.win32_1.0.200.202301161003/tools/bin/../lib/gcc/arm-none-eabi/10.3.1/../../../../arm-none-eabi/lib/thumb/v7e-m+fp/hard\libc_nano.a(lib_a-nano-vfprintf_i.o)
                0x0000000008008cd4                _printf_common
 *fill*         0x0000000008008dae        0x2 
 .text._printf_i
                0x0000000008008db0      0x24c c:/st/stm32cubeide_1.12.1/stm32cubeide/plugins/com.st.stm32cube.ide.mcu.externaltools.gnu-tools-for-stm32.10.3-2021.10.win32_1.0.200.202301161003/tools/bin/../lib/gcc/arm-none-eabi/10.3.1/../../../../arm-none-eabi/lib/thumb/v7e-m+fp/hard\libc_nano.a(lib_a-nano-vfprintf_i.o)
                0x0000000008008db0                _printf_i
 .text._sbrk_r  0x0000000008008ffc       0x20 c:/st/stm32cubeide_1.12.1/stm32cubeide/plugins/com.st.stm32cube.ide.mcu.externaltools.gnu-tools-for-stm32.10.3-2021.10.win32_1.0.200.202301161003/tools/bin/../lib/gcc/arm-none-eabi/10.3.1/../../../../arm-none-eabi/lib/thumb/v7e-m+fp/hard\libc_nano.a(lib_a-sbrkr.o)
                0x0000000008008ffc                _sbrk_r
 .text.__sread  0x000000000800901c       0x22 c:/st/stm32cubeide_1.12.1/stm32cubeide/plugins/com.st.stm32cube.ide.mcu.externaltools.gnu-tools-for-stm32.10.3-2021.10.win32_1.0.200.202301161003/tools/bin/../lib/gcc/arm-none-eabi/10.3.1/../../../../arm-none-eabi/lib/thumb/v7e-m+fp/hard\libc_nano.a(lib_a-stdio.o)
                0x000000000800901c                __sread
 .text.__swrite
                0x000000000800903e       0x38 c:/st/stm32cubeide_1.12.1/stm32cubeide/plugins/com.st.stm32cube.ide.mcu.externaltools.gnu-tools-for-stm32.10.3-2021.10.win32_1.0.200.202301161003/tools/bin/../lib/gcc/arm-none-eabi/10.3.1/../../../../arm-none-eabi/lib/thumb/v7e-m+fp/hard\libc_nano.a(lib_a-stdio.o)
                0x000000000800903e                __swrite
 .text.__sseek  0x0000000008009076       0x24 c:/st/stm32cubeide_1.12.1/stm32cubeide/plugins/com.st.stm32cube.ide.mcu.externaltools.gnu-tools-for-stm32.10.3-2021.10.win32_1.0.200.202301161003/tools/bin/../lib/gcc/arm-none-eabi/10.3.1/../../../../arm-none-eabi/lib/thumb/v7e-m+fp/hard\libc_nano.a(lib_a-stdio.o)
                0x0000000008009076                __sseek
 .text.__sclose
                0x000000000800909a        0x8 c:/st/stm32cubeide_1.12.1/stm32cubeide/plugins/com.st.stm32cube.ide.mcu.externaltools.gnu-tools-for-stm32.10.3-2021.10.win32_1.0.200.202301161003/tools/bin/../lib/gcc/arm-none-eabi/10.3.1/../../../../arm-none-eabi/lib/thumb/v7e-m+fp/hard\libc_nano.a(lib_a-stdio.o)
                0x000000000800909a                __sclose
 *fill*         0x00000000080090a2        0x2 
 .text.__swbuf_r
                0x00000000080090a4       0xa4 c:/st/stm32cubeide_1.12.1/stm32cubeide/plugins/com.st.stm32cube.ide.mcu.externaltools.gnu-tools-for-stm32.10.3-2021.10.win32_1.0.200.202301161003/tools/bin/../lib/gcc/arm-none-eabi/10.3.1/../../../../arm-none-eabi/lib/thumb/v7e-m+fp/hard\libc_nano.a(lib_a-wbuf.o)
                0x00000000080090a4                __swbuf_r
 .text._write_r
                0x0000000008009148       0x24 c:/st/stm32cubeide_1.12.1/stm32cubeide/plugins/com.st.stm32cube.ide.mcu.externaltools.gnu-tools-for-stm32.10.3-2021.10.win32_1.0.200.202301161003/tools/bin/../lib/gcc/arm-none-eabi/10.3.1/../../../../arm-none-eabi/lib/thumb/v7e-m+fp/hard\libc_nano.a(lib_a-writer.o)
                0x0000000008009148                _write_r
 .text.__swsetup_r
                0x000000000800916c       0xdc c:/st/stm32cubeide_1.12.1/stm32cubeide/plugins/com.st.stm32cube.ide.mcu.externaltools.gnu-tools-for-stm32.10.3-2021.10.win32_1.0.200.202301161003/tools/bin/../lib/gcc/arm-none-eabi/10.3.1/../../../../arm-none-eabi/lib/thumb/v7e-m+fp/hard\libc_nano.a(lib_a-wsetup.o)
                0x000000000800916c                __swsetup_r
 .text.abort    0x0000000008009248        0xe c:/st/stm32cubeide_1.12.1/stm32cubeide/plugins/com.st.stm32cube.ide.mcu.externaltools.gnu-tools-for-stm32.10.3-2021.10.win32_1.0.200.202301161003/tools/bin/../lib/gcc/arm-none-eabi/10.3.1/../../../../arm-none-eabi/lib/thumb/v7e-m+fp/hard\libc_nano.a(lib_a-abort.o)
                0x0000000008009248                abort
 *fill*         0x0000000008009256        0x2 
 .text._close_r
                0x0000000008009258       0x20 c:/st/stm32cubeide_1.12.1/stm32cubeide/plugins/com.st.stm32cube.ide.mcu.externaltools.gnu-tools-for-stm32.10.3-2021.10.win32_1.0.200.202301161003/tools/bin/../lib/gcc/arm-none-eabi/10.3.1/../../../../arm-none-eabi/lib/thumb/v7e-m+fp/hard\libc_nano.a(lib_a-closer.o)
                0x0000000008009258                _close_r
 .text.__sflush_r
                0x0000000008009278      0x10c c:/st/stm32cubeide_1.12.1/stm32cubeide/plugins/com.st.stm32cube.ide.mcu.externaltools.gnu-tools-for-stm32.10.3-2021.10.win32_1.0.200.202301161003/tools/bin/../lib/gcc/arm-none-eabi/10.3.1/../../../../arm-none-eabi/lib/thumb/v7e-m+fp/hard\libc_nano.a(lib_a-fflush.o)
                0x0000000008009278                __sflush_r
 .text._fflush_r
                0x0000000008009384       0x78 c:/st/stm32cubeide_1.12.1/stm32cubeide/plugins/com.st.stm32cube.ide.mcu.externaltools.gnu-tools-for-stm32.10.3-2021.10.win32_1.0.200.202301161003/tools/bin/../lib/gcc/arm-none-eabi/10.3.1/../../../../arm-none-eabi/lib/thumb/v7e-m+fp/hard\libc_nano.a(lib_a-fflush.o)
                0x0000000008009384                _fflush_r
 .text._lseek_r
                0x00000000080093fc       0x24 c:/st/stm32cubeide_1.12.1/stm32cubeide/plugins/com.st.stm32cube.ide.mcu.externaltools.gnu-tools-for-stm32.10.3-2021.10.win32_1.0.200.202301161003/tools/bin/../lib/gcc/arm-none-eabi/10.3.1/../../../../arm-none-eabi/lib/thumb/v7e-m+fp/hard\libc_nano.a(lib_a-lseekr.o)
                0x00000000080093fc                _lseek_r
 .text.__swhatbuf_r
                0x0000000008009420       0x4a c:/st/stm32cubeide_1.12.1/stm32cubeide/plugins/com.st.stm32cube.ide.mcu.externaltools.gnu-tools-for-stm32.10.3-2021.10.win32_1.0.200.202301161003/tools/bin/../lib/gcc/arm-none-eabi/10.3.1/../../../../arm-none-eabi/lib/thumb/v7e-m+fp/hard\libc_nano.a(lib_a-makebuf.o)
                0x0000000008009420                __swhatbuf_r
 *fill*         0x000000000800946a        0x2 
 .text.__smakebuf_r
                0x000000000800946c       0x80 c:/st/stm32cubeide_1.12.1/stm32cubeide/plugins/com.st.stm32cube.ide.mcu.externaltools.gnu-tools-for-stm32.10.3-2021.10.win32_1.0.200.202301161003/tools/bin/../lib/gcc/arm-none-eabi/10.3.1/../../../../arm-none-eabi/lib/thumb/v7e-m+fp/hard\libc_nano.a(lib_a-makebuf.o)
                0x000000000800946c                __smakebuf_r
 .text.__malloc_lock
                0x00000000080094ec        0xc c:/st/stm32cubeide_1.12.1/stm32cubeide/plugins/com.st.stm32cube.ide.mcu.externaltools.gnu-tools-for-stm32.10.3-2021.10.win32_1.0.200.202301161003/tools/bin/../lib/gcc/arm-none-eabi/10.3.1/../../../../arm-none-eabi/lib/thumb/v7e-m+fp/hard\libc_nano.a(lib_a-mlock.o)
                0x00000000080094ec                __malloc_lock
 .text.__malloc_unlock
                0x00000000080094f8        0xc c:/st/stm32cubeide_1.12.1/stm32cubeide/plugins/com.st.stm32cube.ide.mcu.externaltools.gnu-tools-for-stm32.10.3-2021.10.win32_1.0.200.202301161003/tools/bin/../lib/gcc/arm-none-eabi/10.3.1/../../../../arm-none-eabi/lib/thumb/v7e-m+fp/hard\libc_nano.a(lib_a-mlock.o)
                0x00000000080094f8                __malloc_unlock
 .text._read_r  0x0000000008009504       0x24 c:/st/stm32cubeide_1.12.1/stm32cubeide/plugins/com.st.stm32cube.ide.mcu.externaltools.gnu-tools-for-stm32.10.3-2021.10.win32_1.0.200.202301161003/tools/bin/../lib/gcc/arm-none-eabi/10.3.1/../../../../arm-none-eabi/lib/thumb/v7e-m+fp/hard\libc_nano.a(lib_a-readr.o)
                0x0000000008009504                _read_r
 .text._raise_r
                0x0000000008009528       0x50 c:/st/stm32cubeide_1.12.1/stm32cubeide/plugins/com.st.stm32cube.ide.mcu.externaltools.gnu-tools-for-stm32.10.3-2021.10.win32_1.0.200.202301161003/tools/bin/../lib/gcc/arm-none-eabi/10.3.1/../../../../arm-none-eabi/lib/thumb/v7e-m+fp/hard\libc_nano.a(lib_a-signal.o)
                0x0000000008009528                _raise_r
 .text.raise    0x0000000008009578       0x10 c:/st/stm32cubeide_1.12.1/stm32cubeide/plugins/com.st.stm32cube.ide.mcu.externaltools.gnu-tools-for-stm32.10.3-2021.10.win32_1.0.200.202301161003/tools/bin/../lib/gcc/arm-none-eabi/10.3.1/../../../../arm-none-eabi/lib/thumb/v7e-m+fp/hard\libc_nano.a(lib_a-signal.o)
                0x0000000008009578                raise
 .text._kill_r  0x0000000008009588       0x24 c:/st/stm32cubeide_1.12.1/stm32cubeide/plugins/com.st.stm32cube.ide.mcu.externaltools.gnu-tools-for-stm32.10.3-2021.10.win32_1.0.200.202301161003/tools/bin/../lib/gcc/arm-none-eabi/10.3.1/../../../../arm-none-eabi/lib/thumb/v7e-m+fp/hard\libc_nano.a(lib_a-signalr.o)
                0x0000000008009588                _kill_r
 .text._getpid_r
                0x00000000080095ac        0x4 c:/st/stm32cubeide_1.12.1/stm32cubeide/plugins/com.st.stm32cube.ide.mcu.externaltools.gnu-tools-for-stm32.10.3-2021.10.win32_1.0.200.202301161003/tools/bin/../lib/gcc/arm-none-eabi/10.3.1/../../../../arm-none-eabi/lib/thumb/v7e-m+fp/hard\libc_nano.a(lib_a-signalr.o)
                0x00000000080095ac                _getpid_r
 .text._fstat_r
                0x00000000080095b0       0x24 c:/st/stm32cubeide_1.12.1/stm32cubeide/plugins/com.st.stm32cube.ide.mcu.externaltools.gnu-tools-for-stm32.10.3-2021.10.win32_1.0.200.202301161003/tools/bin/../lib/gcc/arm-none-eabi/10.3.1/../../../../arm-none-eabi/lib/thumb/v7e-m+fp/hard\libc_nano.a(lib_a-fstatr.o)
                0x00000000080095b0                _fstat_r
 .text._isatty_r
                0x00000000080095d4       0x20 c:/st/stm32cubeide_1.12.1/stm32cubeide/plugins/com.st.stm32cube.ide.mcu.externaltools.gnu-tools-for-stm32.10.3-2021.10.win32_1.0.200.202301161003/tools/bin/../lib/gcc/arm-none-eabi/10.3.1/../../../../arm-none-eabi/lib/thumb/v7e-m+fp/hard\libc_nano.a(lib_a-isattyr.o)
                0x00000000080095d4                _isatty_r
 *(.glue_7)
 .glue_7        0x00000000080095f4        0x0 linker stubs
 *(.glue_7t)
 .glue_7t       0x00000000080095f4        0x0 linker stubs
 *(.eh_frame)
 .eh_frame      0x00000000080095f4        0x0 c:/st/stm32cubeide_1.12.1/stm32cubeide/plugins/com.st.stm32cube.ide.mcu.externaltools.gnu-tools-for-stm32.10.3-2021.10.win32_1.0.200.202301161003/tools/bin/../lib/gcc/arm-none-eabi/10.3.1/thumb/v7e-m+fp/hard/crtbegin.o
 *(.init)
 .init          0x00000000080095f4        0x4 c:/st/stm32cubeide_1.12.1/stm32cubeide/plugins/com.st.stm32cube.ide.mcu.externaltools.gnu-tools-for-stm32.10.3-2021.10.win32_1.0.200.202301161003/tools/bin/../lib/gcc/arm-none-eabi/10.3.1/thumb/v7e-m+fp/hard/crti.o
                0x00000000080095f4                _init
 .init          0x00000000080095f8        0x8 c:/st/stm32cubeide_1.12.1/stm32cubeide/plugins/com.st.stm32cube.ide.mcu.externaltools.gnu-tools-for-stm32.10.3-2021.10.win32_1.0.200.202301161003/tools/bin/../lib/gcc/arm-none-eabi/10.3.1/thumb/v7e-m+fp/hard/crtn.o
 *(.fini)
 .fini          0x0000000008009600        0x4 c:/st/stm32cubeide_1.12.1/stm32cubeide/plugins/com.st.stm32cube.ide.mcu.externaltools.gnu-tools-for-stm32.10.3-2021.10.win32_1.0.200.202301161003/tools/bin/../lib/gcc/arm-none-eabi/10.3.1/thumb/v7e-m+fp/hard/crti.o
                0x0000000008009600                _fini
 .fini          0x0000000008009604        0x8 c:/st/stm32cubeide_1.12.1/stm32cubeide/plugins/com.st.stm32cube.ide.mcu.externaltools.gnu-tools-for-stm32.10.3-2021.10.win32_1.0.200.202301161003/tools/bin/../lib/gcc/arm-none-eabi/10.3.1/thumb/v7e-m+fp/hard/crtn.o
                0x000000000800960c                . = ALIGN (0x4)
                0x000000000800960c                _etext = .

.vfp11_veneer   0x000000000800960c        0x0
 .vfp11_veneer  0x000000000800960c        0x0 linker stubs

.v4_bx          0x000000000800960c        0x0
 .v4_bx         0x000000000800960c        0x0 linker stubs

.iplt           0x000000000800960c        0x0
 .iplt          0x000000000800960c        0x0 c:/st/stm32cubeide_1.12.1/stm32cubeide/plugins/com.st.stm32cube.ide.mcu.externaltools.gnu-tools-for-stm32.10.3-2021.10.win32_1.0.200.202301161003/tools/bin/../lib/gcc/arm-none-eabi/10.3.1/thumb/v7e-m+fp/hard/crtbegin.o

.rodata         0x000000000800960c     0x1fd4
                0x000000000800960c                . = ALIGN (0x4)
 *(.rodata)
 *(.rodata*)
 .rodata.AHBPrescTable
                0x000000000800960c       0x10 ./Core/Src/system_stm32f4xx.o
                0x000000000800960c                AHBPrescTable
 .rodata.ethernetif_init.str1.1
                0x000000000800961c       0x52 ./LWIP/Target/ethernetif.o
 .rodata.CSWTCH.21
                0x000000000800966e        0x8 ./LWIP/Target/ethernetif.o
 .rodata.CSWTCH.22
                0x0000000008009676        0x8 ./LWIP/Target/ethernetif.o
 *fill*         0x000000000800967e        0x2 
 .rodata.memp_RX_POOL
                0x0000000008009680        0xc ./LWIP/Target/ethernetif.o
                0x0000000008009680                memp_RX_POOL
 .rodata.mem_free.str1.1
                0x000000000800968c      0x120 ./Middlewares/Third_Party/LwIP/src/core/mem.o
                                        0x148 (size before relaxing)
 .rodata.mem_trim.str1.1
                0x00000000080097ac       0x48 ./Middlewares/Third_Party/LwIP/src/core/mem.o
 .rodata.mem_malloc.str1.1
                0x00000000080097f4       0x9b ./Middlewares/Third_Party/LwIP/src/core/mem.o
 .rodata.do_memp_free_pool.str1.1
                0x000000000800988f       0x50 ./Middlewares/Third_Party/LwIP/src/core/memp.o
                                         0x78 (size before relaxing)
 .rodata.do_memp_malloc_pool.isra.0.str1.1
                0x00000000080098df       0x23 ./Middlewares/Third_Party/LwIP/src/core/memp.o
 .rodata.memp_malloc_pool.str1.1
                0x0000000008009902       0x12 ./Middlewares/Third_Party/LwIP/src/core/memp.o
 .rodata.memp_malloc.str1.1
                0x0000000008009914       0x1d ./Middlewares/Third_Party/LwIP/src/core/memp.o
 .rodata.memp_free.str1.1
                0x0000000008009931       0x1b ./Middlewares/Third_Party/LwIP/src/core/memp.o
 .rodata.memp_FRAG_PBUF
                0x000000000800994c        0xc ./Middlewares/Third_Party/LwIP/src/core/memp.o
                0x000000000800994c                memp_FRAG_PBUF
 .rodata.memp_PBUF
                0x0000000008009958        0xc ./Middlewares/Third_Party/LwIP/src/core/memp.o
                0x0000000008009958                memp_PBUF
 .rodata.memp_PBUF_POOL
                0x0000000008009964        0xc ./Middlewares/Third_Party/LwIP/src/core/memp.o
                0x0000000008009964                memp_PBUF_POOL
 .rodata.memp_REASSDATA
                0x0000000008009970        0xc ./Middlewares/Third_Party/LwIP/src/core/memp.o
                0x0000000008009970                memp_REASSDATA
 .rodata.memp_SYS_TIMEOUT
                0x000000000800997c        0xc ./Middlewares/Third_Party/LwIP/src/core/memp.o
                0x000000000800997c                memp_SYS_TIMEOUT
 .rodata.memp_TCP_PCB
                0x0000000008009988        0xc ./Middlewares/Third_Party/LwIP/src/core/memp.o
                0x0000000008009988                memp_TCP_PCB
 .rodata.memp_TCP_PCB_LISTEN
                0x0000000008009994        0xc ./Middlewares/Third_Party/LwIP/src/core/memp.o
                0x0000000008009994                memp_TCP_PCB_LISTEN
 .rodata.memp_TCP_SEG
                0x00000000080099a0        0xc ./Middlewares/Third_Party/LwIP/src/core/memp.o
                0x00000000080099a0                memp_TCP_SEG
 .rodata.memp_UDP_PCB
                0x00000000080099ac        0xc ./Middlewares/Third_Party/LwIP/src/core/memp.o
                0x00000000080099ac                memp_UDP_PCB
 .rodata.memp_pools
                0x00000000080099b8       0x24 ./Middlewares/Third_Party/LwIP/src/core/memp.o
                0x00000000080099b8                memp_pools
 .rodata.netif_issue_reports.str1.1
                0x00000000080099dc       0x54 ./Middlewares/Third_Party/LwIP/src/core/netif.o
                                         0x7c (size before relaxing)
 .rodata.netif_do_set_ipaddr.isra.0.str1.1
                0x0000000008009a30       0x10 ./Middlewares/Third_Party/LwIP/src/core/netif.o
 .rodata.netif_add.str1.1
                0x0000000008009a40       0x7d ./Middlewares/Third_Party/LwIP/src/core/netif.o
 .rodata.netif_set_up.str1.1
                0x0000000008009abd       0x1c ./Middlewares/Third_Party/LwIP/src/core/netif.o
 .rodata.netif_set_down.str1.1
                0x0000000008009ad9       0x1e ./Middlewares/Third_Party/LwIP/src/core/netif.o
 .rodata.netif_set_link_up.str1.1
                0x0000000008009af7       0x21 ./Middlewares/Third_Party/LwIP/src/core/netif.o
 .rodata.netif_set_link_down.str1.1
                0x0000000008009b18       0x23 ./Middlewares/Third_Party/LwIP/src/core/netif.o
 .rodata.pbuf_add_header_impl.str1.1
                0x0000000008009b3b       0x30 ./Middlewares/Third_Party/LwIP/src/core/pbuf.o
                                         0x62 (size before relaxing)
 .rodata.pbuf_alloc_reference.str1.1
                0x0000000008009b6b       0x12 ./Middlewares/Third_Party/LwIP/src/core/pbuf.o
 .rodata.pbuf_remove_header.str1.1
                0x0000000008009b7d       0x1e ./Middlewares/Third_Party/LwIP/src/core/pbuf.o
 .rodata.pbuf_free.str1.1
                0x0000000008009b9b       0x49 ./Middlewares/Third_Party/LwIP/src/core/pbuf.o
 .rodata.pbuf_alloc.str1.1
                0x0000000008009be4       0x1b ./Middlewares/Third_Party/LwIP/src/core/pbuf.o
 .rodata.pbuf_realloc.str1.1
                0x0000000008009bff       0x4c ./Middlewares/Third_Party/LwIP/src/core/pbuf.o
 .rodata.pbuf_ref.str1.1
                0x0000000008009c4b       0x12 ./Middlewares/Third_Party/LwIP/src/core/pbuf.o
 .rodata.pbuf_cat.str1.1
                0x0000000008009c5d       0x72 ./Middlewares/Third_Party/LwIP/src/core/pbuf.o
 .rodata.pbuf_copy.str1.1
                0x0000000008009ccf       0x99 ./Middlewares/Third_Party/LwIP/src/core/pbuf.o
 .rodata.pbuf_copy_partial.str1.1
                0x0000000008009d68       0x42 ./Middlewares/Third_Party/LwIP/src/core/pbuf.o
 .rodata.pbuf_clone.str1.1
                0x0000000008009daa       0x11 ./Middlewares/Third_Party/LwIP/src/core/pbuf.o
 .rodata.tcp_close_shutdown_fin.str1.1
                0x0000000008009dbb       0x3b ./Middlewares/Third_Party/LwIP/src/core/tcp.o
                                         0x63 (size before relaxing)
 .rodata.tcp_free.str1.1
                0x0000000008009df6       0x11 ./Middlewares/Third_Party/LwIP/src/core/tcp.o
 .rodata.tcp_update_rcv_ann_wnd.str1.1
                0x0000000008009e07       0x3e ./Middlewares/Third_Party/LwIP/src/core/tcp.o
 .rodata.tcp_recved.str1.1
                0x0000000008009e45       0x3e ./Middlewares/Third_Party/LwIP/src/core/tcp.o
 .rodata.tcp_seg_copy.str1.1
                0x0000000008009e83       0x1a ./Middlewares/Third_Party/LwIP/src/core/tcp.o
 .rodata.tcp_recv.str1.1
                0x0000000008009e9d       0x27 ./Middlewares/Third_Party/LwIP/src/core/tcp.o
 .rodata.tcp_sent.str1.1
                0x0000000008009ec4       0x27 ./Middlewares/Third_Party/LwIP/src/core/tcp.o
 .rodata.tcp_err.str1.1
                0x0000000008009eeb       0x26 ./Middlewares/Third_Party/LwIP/src/core/tcp.o
 .rodata.tcp_poll.str1.1
                0x0000000008009f11       0x34 ./Middlewares/Third_Party/LwIP/src/core/tcp.o
 .rodata.tcp_next_iss.str1.1
                0x0000000008009f45       0x1a ./Middlewares/Third_Party/LwIP/src/core/tcp.o
 .rodata.tcp_eff_send_mss_netif.str1.1
                0x0000000008009f5f       0x27 ./Middlewares/Third_Party/LwIP/src/core/tcp.o
 .rodata.tcp_connect.str1.1
                0x0000000008009f86       0x65 ./Middlewares/Third_Party/LwIP/src/core/tcp.o
 .rodata.tcp_pcb_purge.str1.1
                0x0000000008009feb       0x1b ./Middlewares/Third_Party/LwIP/src/core/tcp.o
 .rodata.tcp_pcb_remove.str1.1
                0x000000000800a006       0x84 ./Middlewares/Third_Party/LwIP/src/core/tcp.o
 .rodata.tcp_abandon.str1.1
                0x000000000800a08a       0x4a ./Middlewares/Third_Party/LwIP/src/core/tcp.o
 .rodata.tcp_netif_ip_addr_changed_pcblist.str1.1
                0x000000000800a0d4       0x34 ./Middlewares/Third_Party/LwIP/src/core/tcp.o
 .rodata.tcp_close_shutdown.str1.1
                0x000000000800a108       0x52 ./Middlewares/Third_Party/LwIP/src/core/tcp.o
 .rodata.tcp_close.str1.1
                0x000000000800a15a       0x17 ./Middlewares/Third_Party/LwIP/src/core/tcp.o
 .rodata.tcp_recv_null.str1.1
                0x000000000800a171       0x1b ./Middlewares/Third_Party/LwIP/src/core/tcp.o
 .rodata.tcp_process_refused_data.str1.1
                0x000000000800a18c       0x26 ./Middlewares/Third_Party/LwIP/src/core/tcp.o
 .rodata.tcp_slowtmr.str1.1
                0x000000000800a1b2      0x1b9 ./Middlewares/Third_Party/LwIP/src/core/tcp.o
 .rodata.tcp_backoff
                0x000000000800a36b        0xd ./Middlewares/Third_Party/LwIP/src/core/tcp.o
 .rodata.tcp_pcb_lists
                0x000000000800a378       0x10 ./Middlewares/Third_Party/LwIP/src/core/tcp.o
                0x000000000800a378                tcp_pcb_lists
 .rodata.tcp_persist_backoff
                0x000000000800a388        0x7 ./Middlewares/Third_Party/LwIP/src/core/tcp.o
 .rodata.tcp_oos_insert_segment.str1.1
                0x000000000800a38f       0x57 ./Middlewares/Third_Party/LwIP/src/core/tcp_in.o
                                         0x7f (size before relaxing)
 .rodata.tcp_parseopt.str1.1
                0x000000000800a3e6       0x1a ./Middlewares/Third_Party/LwIP/src/core/tcp_in.o
 .rodata.tcp_input_delayed_close.str1.1
                0x000000000800a400       0x25 ./Middlewares/Third_Party/LwIP/src/core/tcp_in.o
 .rodata.tcp_free_acked_segments.constprop.0.str1.1
                0x000000000800a425       0x48 ./Middlewares/Third_Party/LwIP/src/core/tcp_in.o
 .rodata.tcp_receive.str1.1
                0x000000000800a46d      0x117 ./Middlewares/Third_Party/LwIP/src/core/tcp_in.o
 .rodata.tcp_input.str1.1
                0x000000000800a584      0x1ce ./Middlewares/Third_Party/LwIP/src/core/tcp_in.o
 .rodata.tcp_output_segment_busy.str1.1
                0x000000000800a752       0x58 ./Middlewares/Third_Party/LwIP/src/core/tcp_out.o
                                         0x80 (size before relaxing)
 .rodata.tcp_pbuf_prealloc.str1.1
                0x000000000800a7aa       0x33 ./Middlewares/Third_Party/LwIP/src/core/tcp_out.o
 .rodata.tcp_create_segment.str1.1
                0x000000000800a7dd       0x56 ./Middlewares/Third_Party/LwIP/src/core/tcp_out.o
 .rodata.tcp_output_alloc_header_common.constprop.0.str1.1
                0x000000000800a833       0x2e ./Middlewares/Third_Party/LwIP/src/core/tcp_out.o
 .rodata.tcp_output_alloc_header.constprop.0.str1.1
                0x000000000800a861       0x25 ./Middlewares/Third_Party/LwIP/src/core/tcp_out.o
 .rodata.tcp_output_fill_options.constprop.0.str1.1
                0x000000000800a886       0x26 ./Middlewares/Third_Party/LwIP/src/core/tcp_out.o
 .rodata.tcp_output_control_segment.str1.1
                0x000000000800a8ac       0x29 ./Middlewares/Third_Party/LwIP/src/core/tcp_out.o
 .rodata.tcp_write.str1.1
                0x000000000800a8d5      0x249 ./Middlewares/Third_Party/LwIP/src/core/tcp_out.o
 .rodata.tcp_split_unsent_seg.str1.1
                0x000000000800ab1e       0x5f ./Middlewares/Third_Party/LwIP/src/core/tcp_out.o
 .rodata.tcp_enqueue_flags.str1.1
                0x000000000800ab7d      0x117 ./Middlewares/Third_Party/LwIP/src/core/tcp_out.o
 .rodata.tcp_send_fin.str1.1
                0x000000000800ac94       0x1a ./Middlewares/Third_Party/LwIP/src/core/tcp_out.o
 .rodata.tcp_rexmit_rto_prepare.str1.1
                0x000000000800acae       0x24 ./Middlewares/Third_Party/LwIP/src/core/tcp_out.o
 .rodata.tcp_rexmit.str1.1
                0x000000000800acd2       0x18 ./Middlewares/Third_Party/LwIP/src/core/tcp_out.o
 .rodata.tcp_rexmit_fast.str1.1
                0x000000000800acea       0x1d ./Middlewares/Third_Party/LwIP/src/core/tcp_out.o
 .rodata.tcp_rst.str1.1
                0x000000000800ad07       0x35 ./Middlewares/Third_Party/LwIP/src/core/tcp_out.o
 .rodata.tcp_send_empty_ack.str1.1
                0x000000000800ad3c       0x20 ./Middlewares/Third_Party/LwIP/src/core/tcp_out.o
 .rodata.tcp_output.str1.1
                0x000000000800ad5c       0x68 ./Middlewares/Third_Party/LwIP/src/core/tcp_out.o
 .rodata.tcp_rexmit_rto_commit.str1.1
                0x000000000800adc4       0x23 ./Middlewares/Third_Party/LwIP/src/core/tcp_out.o
 .rodata.tcp_rexmit_rto.str1.1
                0x000000000800ade7       0x1c ./Middlewares/Third_Party/LwIP/src/core/tcp_out.o
 .rodata.tcp_keepalive.str1.1
                0x000000000800ae03       0x1b ./Middlewares/Third_Party/LwIP/src/core/tcp_out.o
 .rodata.tcp_zero_window_probe.str1.1
                0x000000000800ae1e       0x23 ./Middlewares/Third_Party/LwIP/src/core/tcp_out.o
 .rodata.sys_timeout_abs.str1.1
                0x000000000800ae41       0x71 ./Middlewares/Third_Party/LwIP/src/core/timeouts.o
                                         0x99 (size before relaxing)
 .rodata.sys_timeout.str1.1
                0x000000000800aeb2       0x36 ./Middlewares/Third_Party/LwIP/src/core/timeouts.o
 .rodata.lwip_cyclic_timers
                0x000000000800aee8       0x18 ./Middlewares/Third_Party/LwIP/src/core/timeouts.o
                0x000000000800aee8                lwip_cyclic_timers
 .rodata.udp_input.str1.1
                0x000000000800af00       0xa0 ./Middlewares/Third_Party/LwIP/src/core/udp.o
                                         0xc8 (size before relaxing)
 .rodata.etharp_find_entry.str1.1
                0x000000000800afa0       0x77 ./Middlewares/Third_Party/LwIP/src/core/ipv4/etharp.o
                                         0x9f (size before relaxing)
 .rodata.etharp_raw.str1.1
                0x000000000800b017       0x72 ./Middlewares/Third_Party/LwIP/src/core/ipv4/etharp.o