###############################################################################
#
# IAR ELF Linker V9.32.2.340/W64 for ARM                  08/Jul/2024  14:55:52
# Copyright 2007-2023 IAR Systems AB.
#
#    Output file  =  D:\MicroController\USB_SD\EWARM\USB_SD\Exe\USB_SD.out
#    Map file     =  D:\MicroController\USB_SD\EWARM\USB_SD\List\USB_SD.map
#    Command line =
#        -f D:\MicroController\USB_SD\EWARM\USB_SD\Exe\USB_SD.out.rsp
#        (D:\MicroController\USB_SD\EWARM\USB_SD\Obj\Application\User\FATFS\Target\bsp_driver_sd.o
#        D:\MicroController\USB_SD\EWARM\USB_SD\Obj\Middlewares\FatFs\diskio.o
#        D:\MicroController\USB_SD\EWARM\USB_SD\Obj\Application\User\FATFS\App\fatfs.o
#        D:\MicroController\USB_SD\EWARM\USB_SD\Obj\Middlewares\FatFs\ff.o
#        D:\MicroController\USB_SD\EWARM\USB_SD\Obj\Middlewares\FatFs\ff_gen_drv.o
#        D:\MicroController\USB_SD\EWARM\USB_SD\Obj\Application\User\Core\main.o
#        D:\MicroController\USB_SD\EWARM\USB_SD\Obj\Application\User\FATFS\Target\sd_diskio.o
#        D:\MicroController\USB_SD\EWARM\USB_SD\Obj\Application\User\Core\SDFileHandling.o
#        D:\MicroController\USB_SD\EWARM\USB_SD\Obj\Application\EWARM\startup_stm32f407xx.o
#        D:\MicroController\USB_SD\EWARM\USB_SD\Obj\Drivers\STM32F4xx_HAL_Driver\stm32f4xx_hal.o
#        D:\MicroController\USB_SD\EWARM\USB_SD\Obj\Drivers\STM32F4xx_HAL_Driver\stm32f4xx_hal_cortex.o
#        D:\MicroController\USB_SD\EWARM\USB_SD\Obj\Drivers\STM32F4xx_HAL_Driver\stm32f4xx_hal_dma.o
#        D:\MicroController\USB_SD\EWARM\USB_SD\Obj\Drivers\STM32F4xx_HAL_Driver\stm32f4xx_hal_dma_ex.o
#        D:\MicroController\USB_SD\EWARM\USB_SD\Obj\Drivers\STM32F4xx_HAL_Driver\stm32f4xx_hal_exti.o
#        D:\MicroController\USB_SD\EWARM\USB_SD\Obj\Drivers\STM32F4xx_HAL_Driver\stm32f4xx_hal_flash.o
#        D:\MicroController\USB_SD\EWARM\USB_SD\Obj\Drivers\STM32F4xx_HAL_Driver\stm32f4xx_hal_flash_ex.o
#        D:\MicroController\USB_SD\EWARM\USB_SD\Obj\Drivers\STM32F4xx_HAL_Driver\stm32f4xx_hal_flash_ramfunc.o
#        D:\MicroController\USB_SD\EWARM\USB_SD\Obj\Drivers\STM32F4xx_HAL_Driver\stm32f4xx_hal_gpio.o
#        D:\MicroController\USB_SD\EWARM\USB_SD\Obj\Drivers\STM32F4xx_HAL_Driver\stm32f4xx_hal_hcd.o
#        D:\MicroController\USB_SD\EWARM\USB_SD\Obj\Application\User\Core\stm32f4xx_hal_msp.o
#        D:\MicroController\USB_SD\EWARM\USB_SD\Obj\Drivers\STM32F4xx_HAL_Driver\stm32f4xx_hal_pwr.o
#        D:\MicroController\USB_SD\EWARM\USB_SD\Obj\Drivers\STM32F4xx_HAL_Driver\stm32f4xx_hal_pwr_ex.o
#        D:\MicroController\USB_SD\EWARM\USB_SD\Obj\Drivers\STM32F4xx_HAL_Driver\stm32f4xx_hal_rcc.o
#        D:\MicroController\USB_SD\EWARM\USB_SD\Obj\Drivers\STM32F4xx_HAL_Driver\stm32f4xx_hal_rcc_ex.o
#        D:\MicroController\USB_SD\EWARM\USB_SD\Obj\Drivers\STM32F4xx_HAL_Driver\stm32f4xx_hal_sd.o
#        D:\MicroController\USB_SD\EWARM\USB_SD\Obj\Drivers\STM32F4xx_HAL_Driver\stm32f4xx_hal_tim.o
#        D:\MicroController\USB_SD\EWARM\USB_SD\Obj\Drivers\STM32F4xx_HAL_Driver\stm32f4xx_hal_tim_ex.o
#        D:\MicroController\USB_SD\EWARM\USB_SD\Obj\Application\User\Core\stm32f4xx_it.o
#        D:\MicroController\USB_SD\EWARM\USB_SD\Obj\Drivers\STM32F4xx_HAL_Driver\stm32f4xx_ll_sdmmc.o
#        D:\MicroController\USB_SD\EWARM\USB_SD\Obj\Drivers\STM32F4xx_HAL_Driver\stm32f4xx_ll_usb.o
#        D:\MicroController\USB_SD\EWARM\USB_SD\Obj\Middlewares\FatFs\syscall.o
#        D:\MicroController\USB_SD\EWARM\USB_SD\Obj\Drivers\CMSIS\system_stm32f4xx.o
#        D:\MicroController\USB_SD\EWARM\USB_SD\Obj\Application\User\USB_HOST\App\usb_host.o
#        D:\MicroController\USB_SD\EWARM\USB_SD\Obj\Application\User\Core\USBFileHandling.o
#        D:\MicroController\USB_SD\EWARM\USB_SD\Obj\Application\User\USB_HOST\Target\usbh_conf.o
#        D:\MicroController\USB_SD\EWARM\USB_SD\Obj\Middlewares\USB_Host_Library\usbh_core.o
#        D:\MicroController\USB_SD\EWARM\USB_SD\Obj\Middlewares\USB_Host_Library\usbh_ctlreq.o
#        D:\MicroController\USB_SD\EWARM\USB_SD\Obj\Application\User\FATFS\Target\usbh_diskio.o
#        D:\MicroController\USB_SD\EWARM\USB_SD\Obj\Middlewares\USB_Host_Library\usbh_ioreq.o
#        D:\MicroController\USB_SD\EWARM\USB_SD\Obj\Middlewares\USB_Host_Library\usbh_msc.o
#        D:\MicroController\USB_SD\EWARM\USB_SD\Obj\Middlewares\USB_Host_Library\usbh_msc_bot.o
#        D:\MicroController\USB_SD\EWARM\USB_SD\Obj\Middlewares\USB_Host_Library\usbh_msc_scsi.o
#        D:\MicroController\USB_SD\EWARM\USB_SD\Obj\Middlewares\USB_Host_Library\usbh_pipes.o
#        D:\MicroController\USB_SD\EWARM\USB_SD\Obj\Application\User\USB_HOST\Target\usbh_platform.o
#        --no_out_extension -o
#        D:\MicroController\USB_SD\EWARM\USB_SD\Exe\USB_SD.out --redirect
#        _Printf=_PrintfFullNoMb --redirect _Scanf=_ScanfFullNoMb --map
#        D:\MicroController\USB_SD\EWARM\USB_SD\List\USB_SD.map --config
#        D:\MicroController\USB_SD\EWARM/stm32f407xx_flash.icf --semihosting
#        --entry __iar_program_start --vfe --text_out locale --cpu=Cortex-M4
#        --fpu=VFPv4_sp)
#
###############################################################################

*******************************************************************************
*** RUNTIME MODEL ATTRIBUTES
***

CppFlavor       = *
__CPP_Runtime   = 1
__Heap_Handler  = Basic
__SystemLibrary = DLib
__dlib_version  = 6


*******************************************************************************
*** HEAP SELECTION
***

The basic heap was selected because --advanced_heap
was not specified and the application did not appear to
be primarily optimized for speed.


*******************************************************************************
*** PLACEMENT SUMMARY
***

"A0":  place at address 0x800'0000 { ro section .intvec };
"P1":  place in [from 0x800'0000 to 0x80f'ffff] { ro };
define block CSTACK with size = 1K, alignment = 8 { };
define block HEAP with size = 512, alignment = 8 { };
"P2":  place in [from 0x2000'0000 to 0x2001'ffff] {
          rw, block CSTACK, block HEAP };
initialize by copy { rw };

  Section            Kind         Address    Size  Object
  -------            ----         -------    ----  ------
"A0":                                       0x188
  .intvec            ro code   0x800'0000   0x188  startup_stm32f407xx.o [1]
                             - 0x800'0188   0x188

"P1":                                      0x5c8c
  .text              ro code   0x800'0188  0x129a  ff.o [9]
  .text              ro code   0x800'1422    0x2a  copy_init3.o [13]
  .text              ro code   0x800'144c    0x80  diskio.o [9]
  .text              ro code   0x800'14cc     0x4  fatfs.o [3]
  .text              ro code   0x800'14d0   0x7c6  stm32f4xx_hal_sd.o [8]
  .text              ro code   0x800'1c98    0xe0  stm32f4xx_hal_msp.o [2]
  .text              ro code   0x800'1d78    0x18  ABImemcpy_small.o [13]
  .text              ro code   0x800'1d90   0x542  stm32f4xx_ll_sdmmc.o [8]
  .text              ro code   0x800'22d4    0x28  stm32f4xx_hal.o [8]
  .text              ro code   0x800'22fc     0xc  stm32f4xx_hal.o [8]
  .text              ro code   0x800'2308    0x14  memset.o [13]
  .text              ro code   0x800'231c   0x20c  stm32f4xx_hal_gpio.o [8]
  .text              ro code   0x800'2528    0x66  ABImemset.o [13]
  .text              ro code   0x800'2590   0x786  stm32f4xx_hal_hcd.o [8]
  .text              ro code   0x800'2d18   0x226  usbh_conf.o [6]
  .text              ro code   0x800'2f40   0x766  stm32f4xx_ll_usb.o [8]
  .text              ro code   0x800'36a8     0x6  ABImemclr4.o [13]
  .text              ro code   0x800'36b0    0xc4  stm32f4xx_hal_cortex.o [8]
  .text              ro code   0x800'3774   0x4dc  usbh_core.o [10]
  .text              ro code   0x800'3c50   0x1f4  main.o [2]
  .text              ro code   0x800'3e44    0x14  usbh_platform.o [6]
  .text              ro code   0x800'3e58    0x32  ABImemset48.o [13]
  .text              ro code   0x800'3e8a    0x6e  usbh_pipes.o [10]
  .text              ro code   0x800'3ef8   0x502  usbh_ctlreq.o [10]
  .text              ro code   0x800'43fc    0x34  stm32f4xx_hal.o [8]
  .text              ro code   0x800'4430    0xa8  usb_host.o [5]
  .text              ro code   0x800'44d8    0x78  ff_gen_drv.o [9]
  .text              ro code   0x800'4550    0xa8  SDFileHandling.o [2]
  .text              ro code   0x800'45f8   0x320  stm32f4xx_hal_rcc.o [8]
  .text              ro code   0x800'4918   0x120  stm32f4xx_hal_rcc.o [8]
  .text              ro code   0x800'4a38    0x82  usbh_ioreq.o [10]
  .text              ro code   0x800'4abc    0x40  stm32f4xx_hal.o [8]
  .text              ro code   0x800'4afc    0xa8  USBFileHandling.o [2]
  .text              ro code   0x800'4ba4    0x14  strlen_small.o [13]
  .text              ro code   0x800'4bb8    0x60  stm32f4xx_hal_rcc.o [8]
  .text              ro code   0x800'4c18   0x106  I64DivMod_small.o [13]
  .text              ro code   0x800'4d20     0x2  I64DivZer.o [13]
  .text              ro code   0x800'4d24   0x4ec  usbh_msc.o [10]
  .text              ro code   0x800'5210   0x13c  heap0.o [11]
  .text              ro code   0x800'534c   0x214  usbh_msc_bot.o [10]
  .text              ro code   0x800'5560     0x4  heaptramp0.o [11]
  .text              ro code   0x800'5564   0x2ba  usbh_msc_scsi.o [10]
  .text              ro code   0x800'5820    0x2c  xgetmemchunk.o [11]
  .text              ro code   0x800'584c     0x6  ABImemclr.o [13]
  .text              ro code   0x800'5854    0xe8  usbh_diskio.o [4]
  .text              ro code   0x800'593c    0xbc  sd_diskio.o [4]
  .text              ro code   0x800'59f8    0x18  bsp_driver_sd.o [4]
  .text              ro code   0x800'5a10    0x1c  bsp_driver_sd.o [4]
  .text              ro code   0x800'5a2c    0x20  bsp_driver_sd.o [4]
  .text              ro code   0x800'5a4c    0x20  bsp_driver_sd.o [4]
  .text              ro code   0x800'5a6c     0xc  bsp_driver_sd.o [4]
  .text              ro code   0x800'5a78    0x10  bsp_driver_sd.o [4]
  .rodata            const     0x800'5a88    0x80  ff.o [9]
  .text              ro code   0x800'5b08    0x38  zero_init3.o [13]
  Initializer bytes  const     0x800'5b40    0x34  <for P2-1>
  .text              ro code   0x800'5b74    0x28  data_init.o [13]
  .text              ro code   0x800'5b9c    0x22  fpinit_M.o [12]
  .iar.init_table    const     0x800'5bc0    0x24  - Linker created -
  .text              ro code   0x800'5be4    0x20  stm32f4xx_it.o [2]
  .text              ro code   0x800'5c04    0x10  stm32f4xx_hal.o [8]
  .text              ro code   0x800'5c14    0x20  system_stm32f4xx.o [7]
  .text              ro code   0x800'5c34    0x1e  cmain.o [13]
  .text              ro code   0x800'5c52     0x4  low_level_init.o [11]
  .text              ro code   0x800'5c56     0x4  exit.o [11]
  .text              ro code   0x800'5c5c     0xa  cexit.o [13]
  .text              ro code   0x800'5c68    0x14  exit.o [14]
  .text              ro code   0x800'5c7c    0x1c  cstartup_M.o [13]
  .rodata            const     0x800'5c98    0x14  sd_diskio.o [4]
  .rodata            const     0x800'5cac    0x14  usbh_diskio.o [4]
  .text              ro code   0x800'5cc0    0x10  startup_stm32f407xx.o [1]
  .rodata            const     0x800'5cd0     0x4  usbh_msc.o [10]
  .text              ro code   0x800'5cd4     0x4  startup_stm32f407xx.o [1]
  .text              ro code   0x800'5cd8     0x4  startup_stm32f407xx.o [1]
  .text              ro code   0x800'5cdc     0x4  startup_stm32f407xx.o [1]
  .text              ro code   0x800'5ce0     0x4  startup_stm32f407xx.o [1]
  .text              ro code   0x800'5ce4     0x4  startup_stm32f407xx.o [1]
  .text              ro code   0x800'5ce8     0x4  startup_stm32f407xx.o [1]
  .text              ro code   0x800'5cec     0x4  startup_stm32f407xx.o [1]
  .text              ro code   0x800'5cf0     0x4  startup_stm32f407xx.o [1]
  .text              ro code   0x800'5cf4     0x4  startup_stm32f407xx.o [1]
  .text              ro code   0x800'5cf8     0x4  startup_stm32f407xx.o [1]
  .text              ro code   0x800'5cfc     0x4  startup_stm32f407xx.o [1]
  .text              ro code   0x800'5d00     0x4  startup_stm32f407xx.o [1]
  .text              ro code   0x800'5d04     0x4  startup_stm32f407xx.o [1]
  .text              ro code   0x800'5d08     0x4  startup_stm32f407xx.o [1]
  .text              ro code   0x800'5d0c     0x4  startup_stm32f407xx.o [1]
  .text              ro code   0x800'5d10     0x4  startup_stm32f407xx.o [1]
  .text              ro code   0x800'5d14     0x4  startup_stm32f407xx.o [1]
  .text              ro code   0x800'5d18     0x4  startup_stm32f407xx.o [1]
  .text              ro code   0x800'5d1c     0x4  startup_stm32f407xx.o [1]
  .text              ro code   0x800'5d20     0x4  startup_stm32f407xx.o [1]
  .text              ro code   0x800'5d24     0x4  startup_stm32f407xx.o [1]
  .text              ro code   0x800'5d28     0x4  startup_stm32f407xx.o [1]
  .text              ro code   0x800'5d2c     0x4  startup_stm32f407xx.o [1]
  .text              ro code   0x800'5d30     0x4  startup_stm32f407xx.o [1]
  .text              ro code   0x800'5d34     0x4  startup_stm32f407xx.o [1]
  .text              ro code   0x800'5d38     0x4  startup_stm32f407xx.o [1]
  .text              ro code   0x800'5d3c     0x4  startup_stm32f407xx.o [1]
  .text              ro code   0x800'5d40     0x4  startup_stm32f407xx.o [1]
  .text              ro code   0x800'5d44     0x4  startup_stm32f407xx.o [1]
  .text              ro code   0x800'5d48     0x4  startup_stm32f407xx.o [1]
  .text              ro code   0x800'5d4c     0x4  startup_stm32f407xx.o [1]
  .text              ro code   0x800'5d50     0x4  startup_stm32f407xx.o [1]
  .text              ro code   0x800'5d54     0x4  startup_stm32f407xx.o [1]
  .text              ro code   0x800'5d58     0x4  startup_stm32f407xx.o [1]
  .text              ro code   0x800'5d5c     0x4  startup_stm32f407xx.o [1]
  .text              ro code   0x800'5d60     0x4  startup_stm32f407xx.o [1]
  .text              ro code   0x800'5d64     0x4  startup_stm32f407xx.o [1]
  .text              ro code   0x800'5d68     0x4  startup_stm32f407xx.o [1]
  .text              ro code   0x800'5d6c     0x4  startup_stm32f407xx.o [1]
  .text              ro code   0x800'5d70     0x4  startup_stm32f407xx.o [1]
  .text              ro code   0x800'5d74     0x4  startup_stm32f407xx.o [1]
  .text              ro code   0x800'5d78     0x4  startup_stm32f407xx.o [1]
  .text              ro code   0x800'5d7c     0x4  startup_stm32f407xx.o [1]
  .text              ro code   0x800'5d80     0x4  startup_stm32f407xx.o [1]
  .text              ro code   0x800'5d84     0x4  startup_stm32f407xx.o [1]
  .text              ro code   0x800'5d88     0x4  startup_stm32f407xx.o [1]
  .text              ro code   0x800'5d8c     0x4  startup_stm32f407xx.o [1]
  .text              ro code   0x800'5d90     0x4  startup_stm32f407xx.o [1]
  .text              ro code   0x800'5d94     0x4  startup_stm32f407xx.o [1]
  .text              ro code   0x800'5d98     0x4  startup_stm32f407xx.o [1]
  .text              ro code   0x800'5d9c     0x4  startup_stm32f407xx.o [1]
  .text              ro code   0x800'5da0     0x4  startup_stm32f407xx.o [1]
  .text              ro code   0x800'5da4     0x4  startup_stm32f407xx.o [1]
  .text              ro code   0x800'5da8     0x4  startup_stm32f407xx.o [1]
  .text              ro code   0x800'5dac     0x4  startup_stm32f407xx.o [1]
  .text              ro code   0x800'5db0     0x4  startup_stm32f407xx.o [1]
  .text              ro code   0x800'5db4     0x4  startup_stm32f407xx.o [1]
  .text              ro code   0x800'5db8     0x4  startup_stm32f407xx.o [1]
  .text              ro code   0x800'5dbc     0x4  startup_stm32f407xx.o [1]
  .text              ro code   0x800'5dc0     0x4  startup_stm32f407xx.o [1]
  .text              ro code   0x800'5dc4     0x4  startup_stm32f407xx.o [1]
  .text              ro code   0x800'5dc8     0x4  startup_stm32f407xx.o [1]
  .text              ro code   0x800'5dcc     0x4  startup_stm32f407xx.o [1]
  .text              ro code   0x800'5dd0     0x4  startup_stm32f407xx.o [1]
  .text              ro code   0x800'5dd4     0x4  startup_stm32f407xx.o [1]
  .text              ro code   0x800'5dd8     0x4  startup_stm32f407xx.o [1]
  .text              ro code   0x800'5ddc     0x4  startup_stm32f407xx.o [1]
  .text              ro code   0x800'5de0     0x4  startup_stm32f407xx.o [1]
  .text              ro code   0x800'5de4     0x4  startup_stm32f407xx.o [1]
  .text              ro code   0x800'5de8     0x4  startup_stm32f407xx.o [1]
  .text              ro code   0x800'5dec     0x4  startup_stm32f407xx.o [1]
  .text              ro code   0x800'5df0     0x4  startup_stm32f407xx.o [1]
  .text              ro code   0x800'5df4     0x4  startup_stm32f407xx.o [1]
  .text              ro code   0x800'5df8     0x4  startup_stm32f407xx.o [1]
  .text              ro code   0x800'5dfc     0x4  startup_stm32f407xx.o [1]
  .text              ro code   0x800'5e00     0x4  startup_stm32f407xx.o [1]
  .text              ro code   0x800'5e04     0x4  startup_stm32f407xx.o [1]
  .text              ro code   0x800'5e08     0x4  startup_stm32f407xx.o [1]
  .text              ro code   0x800'5e0c     0x4  startup_stm32f407xx.o [1]
  .text              ro code   0x800'5e10     0x4  startup_stm32f407xx.o [1]
  .rodata            const     0x800'5e14     0x0  zero_init3.o [13]
  .rodata            const     0x800'5e14     0x0  copy_init3.o [13]
                             - 0x800'5e14  0x5c8c

"P2", part 1 of 3:                           0x34
  P2-1                        0x2000'0000    0x31  <Init block>
    .data            inited   0x2000'0000     0xc  stm32f4xx_hal.o [8]
    .data            inited   0x2000'000c     0x4  system_stm32f4xx.o [7]
    .data            inited   0x2000'0010    0x20  usbh_msc.o [10]
    .data            inited   0x2000'0030     0x1  sd_diskio.o [4]
                            - 0x2000'0031    0x31

"P2", part 2 of 3:                         0x48c8
  .bss               zero     0x2000'0034  0x1034  fatfs.o [3]
  .bss               zero     0x2000'1068  0x1034  fatfs.o [3]
  .bss               zero     0x2000'209c  0x1030  fatfs.o [3]
  .bss               zero     0x2000'30cc  0x1030  fatfs.o [3]
  .bss               zero     0x2000'40fc   0x3d8  usb_host.o [5]
  .bss               zero     0x2000'44d4   0x304  usbh_conf.o [6]
  .bss               zero     0x2000'47d8    0x84  main.o [2]
  .bss               zero     0x2000'485c    0x24  SDFileHandling.o [2]
  .bss               zero     0x2000'4880    0x24  USBFileHandling.o [2]
  .bss               zero     0x2000'48a4    0x20  ff.o [9]
  .bss               zero     0x2000'48c4    0x10  ff_gen_drv.o [9]
  .bss               zero     0x2000'48d4     0xc  fatfs.o [3]
  .bss               zero     0x2000'48e0     0xc  ff.o [9]
  .bss               zero     0x2000'48ec     0x8  heap0.o [11]
  .bss               zero     0x2000'48f4     0x4  xgetmemchunk.o [11]
  .bss               zero     0x2000'48f8     0x1  usb_host.o [5]
                            - 0x2000'48f9  0x48c5

"P2", part 3 of 3:                          0x600
  CSTACK                      0x2000'4900   0x400  <Block>
    CSTACK           uninit   0x2000'4900   0x400  <Block tail>
  HEAP                        0x2000'4d00   0x200  <Block>
    HEAP             uninit   0x2000'4d00   0x200  <Block tail>
                            - 0x2000'4f00   0x600

Unused ranges:

         From           To      Size
         ----           --      ----
   0x800'5e14   0x80f'ffff  0xf'a1ec
  0x2000'48fc  0x2000'48ff       0x4
  0x2000'4f00  0x2001'ffff  0x1'b100


*******************************************************************************
*** INIT TABLE
***

          Address      Size
          -------      ----
Zero (__iar_zero_init3)
    1 destination range, total size 0x48c5:
          0x2000'0034  0x48c5

Copy (__iar_copy_init3)
    1 source range, total size 0x34 (106% of destination):
           0x800'5b40    0x34
    1 destination range, total size 0x31:
          0x2000'0000    0x31



*******************************************************************************
*** MODULE SUMMARY
***

    Module                  ro code  ro data  rw data
    ------                  -------  -------  -------
command line/config:
    -------------------------------------------------
    Total:

D:\MicroController\USB_SD\EWARM\USB_SD\Obj\Application\EWARM: [1]
    startup_stm32f407xx.o       728
    -------------------------------------------------
    Total:                      728

D:\MicroController\USB_SD\EWARM\USB_SD\Obj\Application\User\Core: [2]
    SDFileHandling.o            168                36
    USBFileHandling.o           168                36
    main.o                      500               132
    stm32f4xx_hal_msp.o         224
    stm32f4xx_it.o               32
    -------------------------------------------------
    Total:                    1'092               204

D:\MicroController\USB_SD\EWARM\USB_SD\Obj\Application\User\FATFS\App: [3]
    fatfs.o                       4            16'596
    -------------------------------------------------
    Total:                        4            16'596

D:\MicroController\USB_SD\EWARM\USB_SD\Obj\Application\User\FATFS\Target: [4]
    bsp_driver_sd.o             144
    sd_diskio.o                 188       21        1
    usbh_diskio.o               232       20
    -------------------------------------------------
    Total:                      564       41        1

D:\MicroController\USB_SD\EWARM\USB_SD\Obj\Application\User\USB_HOST\App: [5]
    usb_host.o                  168               985
    -------------------------------------------------
    Total:                      168               985

D:\MicroController\USB_SD\EWARM\USB_SD\Obj\Application\User\USB_HOST\Target: [6]
    usbh_conf.o                 550               772
    usbh_platform.o              20
    -------------------------------------------------
    Total:                      570               772

D:\MicroController\USB_SD\EWARM\USB_SD\Obj\Drivers\CMSIS: [7]
    system_stm32f4xx.o           32        4        4
    -------------------------------------------------
    Total:                       32        4        4

D:\MicroController\USB_SD\EWARM\USB_SD\Obj\Drivers\STM32F4xx_HAL_Driver: [8]
    stm32f4xx_hal.o             184       12       12
    stm32f4xx_hal_cortex.o      196
    stm32f4xx_hal_gpio.o        524
    stm32f4xx_hal_hcd.o       1'926
    stm32f4xx_hal_rcc.o       1'184
    stm32f4xx_hal_sd.o        1'990
    stm32f4xx_ll_sdmmc.o      1'346
    stm32f4xx_ll_usb.o        1'894
    -------------------------------------------------
    Total:                    9'244       12       12

D:\MicroController\USB_SD\EWARM\USB_SD\Obj\Middlewares\FatFs: [9]
    diskio.o                    128
    ff.o                      4'762      128       44
    ff_gen_drv.o                120                16
    -------------------------------------------------
    Total:                    5'010      128       60

D:\MicroController\USB_SD\EWARM\USB_SD\Obj\Middlewares\USB_Host_Library: [10]
    usbh_core.o               1'244
    usbh_ctlreq.o             1'282
    usbh_ioreq.o                130
    usbh_msc.o                1'260       36       32
    usbh_msc_bot.o              532
    usbh_msc_scsi.o             698
    usbh_pipes.o                110
    -------------------------------------------------
    Total:                    5'256       36       32

dl7M_tlf.a: [11]
    exit.o                        4
    heap0.o                     316                 8
    heaptramp0.o                  4
    low_level_init.o              4
    xgetmemchunk.o               44                 4
    -------------------------------------------------
    Total:                      372                12

m7M_tls.a: [12]
    fpinit_M.o                   34
    -------------------------------------------------
    Total:                       34

rt7M_tl.a: [13]
    ABImemclr.o                   6
    ABImemclr4.o                  6
    ABImemcpy_small.o            24
    ABImemset.o                 102
    ABImemset48.o                50
    I64DivMod_small.o           262
    I64DivZer.o                   2
    cexit.o                      10
    cmain.o                      30
    copy_init3.o                 42
    cstartup_M.o                 28
    data_init.o                  40
    memset.o                     20
    strlen_small.o               20
    zero_init3.o                 56
    -------------------------------------------------
    Total:                      698

shb_l.a: [14]
    exit.o                       20
    -------------------------------------------------
    Total:                       20

    Gaps                         30        2
    Linker created                        39    1'536
-----------------------------------------------------
    Grand Total:             23'822      262   20'214


*******************************************************************************
*** ENTRY LIST
***

Entry                       Address    Size  Type      Object
-----                       -------    ----  ----      ------
.iar.init_table$$Base    0x800'5bc0           --   Gb  - Linker created -
.iar.init_table$$Limit   0x800'5be4           --   Gb  - Linker created -
?main                    0x800'5c35          Code  Gb  cmain.o [13]
ADC_IRQHandler           0x800'5d1d          Code  Wk  startup_stm32f407xx.o [1]
AHBPrescTable            0x800'5c24    0x10  Data  Gb  system_stm32f4xx.o [7]
Aldata                  0x2000'48ec     0x8  Data  Lc  heap0.o [11]
Appli_state             0x2000'48f8     0x1  Data  Gb  usb_host.o [5]
BSP_SD_GetCardInfo       0x800'5a6d     0xc  Code  Wk  bsp_driver_sd.o [4]
BSP_SD_GetCardState      0x800'59f9    0x18  Code  Wk  bsp_driver_sd.o [4]
BSP_SD_Init              0x800'5a11    0x1c  Code  Wk  bsp_driver_sd.o [4]
BSP_SD_IsDetected        0x800'5a79    0x10  Code  Wk  bsp_driver_sd.o [4]
BSP_SD_ReadBlocks        0x800'5a2d    0x20  Code  Wk  bsp_driver_sd.o [4]
BSP_SD_WriteBlocks       0x800'5a4d    0x20  Code  Wk  bsp_driver_sd.o [4]
BusFault_Handler         0x800'5beb     0x2  Code  Gb  stm32f4xx_it.o [2]
CAN1_RX0_IRQHandler      0x800'5d25          Code  Wk  startup_stm32f407xx.o [1]
CAN1_RX1_IRQHandler      0x800'5d29          Code  Wk  startup_stm32f407xx.o [1]
CAN1_SCE_IRQHandler      0x800'5d2d          Code  Wk  startup_stm32f407xx.o [1]
CAN1_TX_IRQHandler       0x800'5d21          Code  Wk  startup_stm32f407xx.o [1]
CAN2_RX0_IRQHandler      0x800'5dd5          Code  Wk  startup_stm32f407xx.o [1]
CAN2_RX1_IRQHandler      0x800'5dd9          Code  Wk  startup_stm32f407xx.o [1]
CAN2_SCE_IRQHandler      0x800'5ddd          Code  Wk  startup_stm32f407xx.o [1]
CAN2_TX_IRQHandler       0x800'5dd1          Code  Wk  startup_stm32f407xx.o [1]
CSTACK$$Base            0x2000'4900           --   Gb  - Linker created -
CSTACK$$Limit           0x2000'4d00           --   Gb  - Linker created -
DCMI_IRQHandler          0x800'5e09          Code  Wk  startup_stm32f407xx.o [1]
DMA1_Stream0_IRQHandler
                         0x800'5d01          Code  Wk  startup_stm32f407xx.o [1]
DMA1_Stream1_IRQHandler
                         0x800'5d05          Code  Wk  startup_stm32f407xx.o [1]
DMA1_Stream2_IRQHandler
                         0x800'5d09          Code  Wk  startup_stm32f407xx.o [1]
DMA1_Stream3_IRQHandler
                         0x800'5d0d          Code  Wk  startup_stm32f407xx.o [1]
DMA1_Stream4_IRQHandler
                         0x800'5d11          Code  Wk  startup_stm32f407xx.o [1]
DMA1_Stream5_IRQHandler
                         0x800'5d15          Code  Wk  startup_stm32f407xx.o [1]
DMA1_Stream6_IRQHandler
                         0x800'5d19          Code  Wk  startup_stm32f407xx.o [1]
DMA1_Stream7_IRQHandler
                         0x800'5d91          Code  Wk  startup_stm32f407xx.o [1]
DMA2_Stream0_IRQHandler
                         0x800'5db5          Code  Wk  startup_stm32f407xx.o [1]
DMA2_Stream1_IRQHandler
                         0x800'5db9          Code  Wk  startup_stm32f407xx.o [1]
DMA2_Stream2_IRQHandler
                         0x800'5dbd          Code  Wk  startup_stm32f407xx.o [1]
DMA2_Stream3_IRQHandler
                         0x800'5dc1          Code  Wk  startup_stm32f407xx.o [1]
DMA2_Stream4_IRQHandler
                         0x800'5dc5          Code  Wk  startup_stm32f407xx.o [1]
DMA2_Stream5_IRQHandler
                         0x800'5de1          Code  Wk  startup_stm32f407xx.o [1]
DMA2_Stream6_IRQHandler
                         0x800'5de5          Code  Wk  startup_stm32f407xx.o [1]
DMA2_Stream7_IRQHandler
                         0x800'5de9          Code  Wk  startup_stm32f407xx.o [1]
DeInitStateMachine       0x800'37b5    0x46  Code  Lc  usbh_core.o [10]
DebugMon_Handler         0x800'5bf1     0x2  Code  Gb  stm32f4xx_it.o [2]
ETH_IRQHandler           0x800'5dc9          Code  Wk  startup_stm32f407xx.o [1]
ETH_WKUP_IRQHandler      0x800'5dcd          Code  Wk  startup_stm32f407xx.o [1]
EXTI0_IRQHandler         0x800'5ced          Code  Wk  startup_stm32f407xx.o [1]
EXTI15_10_IRQHandler     0x800'5d75          Code  Wk  startup_stm32f407xx.o [1]
EXTI1_IRQHandler         0x800'5cf1          Code  Wk  startup_stm32f407xx.o [1]
EXTI2_IRQHandler         0x800'5cf5          Code  Wk  startup_stm32f407xx.o [1]
EXTI3_IRQHandler         0x800'5cf9          Code  Wk  startup_stm32f407xx.o [1]
EXTI4_IRQHandler         0x800'5cfd          Code  Wk  startup_stm32f407xx.o [1]
EXTI9_5_IRQHandler       0x800'5d31          Code  Wk  startup_stm32f407xx.o [1]
Error_Handler            0x800'3e1d     0x4  Code  Gb  main.o [2]
ExCvt                    0x800'5a88    0x80  Data  Lc  ff.o [9]
FATFS_LinkDriver         0x800'4513     0x4  Code  Gb  ff_gen_drv.o [9]
FATFS_LinkDriverEx       0x800'44d9    0x3a  Code  Gb  ff_gen_drv.o [9]
FATFS_UnLinkDriver       0x800'4547     0x4  Code  Gb  ff_gen_drv.o [9]
FATFS_UnLinkDriverEx     0x800'4517    0x30  Code  Gb  ff_gen_drv.o [9]
FLASH_IRQHandler         0x800'5ce5          Code  Wk  startup_stm32f407xx.o [1]
FPU_IRQHandler           0x800'5e11          Code  Wk  startup_stm32f407xx.o [1]
FSMC_IRQHandler          0x800'5d95          Code  Wk  startup_stm32f407xx.o [1]
FatFs                   0x2000'48e4     0x8  Data  Lc  ff.o [9]
Files                   0x2000'48a4    0x20  Data  Lc  ff.o [9]
Fsid                    0x2000'48e0     0x2  Data  Lc  ff.o [9]
HAL_Delay                0x800'22d5    0x28  Code  Wk  stm32f4xx_hal.o [8]
HAL_GPIO_Init            0x800'231d   0x1d6  Code  Gb  stm32f4xx_hal_gpio.o [8]
HAL_GPIO_WritePin        0x800'24f3     0x8  Code  Gb  stm32f4xx_hal_gpio.o [8]
HAL_GetTick              0x800'22fd     0xc  Code  Wk  stm32f4xx_hal.o [8]
HAL_HCD_Connect_Callback
                         0x800'2db3     0x8  Code  Gb  usbh_conf.o [6]
HAL_HCD_Disconnect_Callback
                         0x800'2dbb     0x8  Code  Gb  usbh_conf.o [6]
HAL_HCD_GetCurrentFrame
                         0x800'2d0b     0x6  Code  Gb  stm32f4xx_hal_hcd.o [8]
HAL_HCD_GetCurrentSpeed
                         0x800'2d11     0x6  Code  Gb  stm32f4xx_hal_hcd.o [8]
HAL_HCD_HC_GetURBState   0x800'2cf5     0xc  Code  Gb  stm32f4xx_hal_hcd.o [8]
HAL_HCD_HC_GetXferCount
                         0x800'2d01     0xa  Code  Gb  stm32f4xx_hal_hcd.o [8]
HAL_HCD_HC_Halt          0x800'2665    0x1a  Code  Gb  stm32f4xx_hal_hcd.o [8]
HAL_HCD_HC_Init          0x800'25fd    0x68  Code  Gb  stm32f4xx_hal_hcd.o [8]
HAL_HCD_HC_NotifyURBChange_Callback
                         0x800'2dc3     0x2  Code  Gb  usbh_conf.o [6]
HAL_HCD_HC_SubmitRequest
                         0x800'2681    0x92  Code  Gb  stm32f4xx_hal_hcd.o [8]
HAL_HCD_IRQHandler       0x800'2713   0x57c  Code  Gb  stm32f4xx_hal_hcd.o [8]
HAL_HCD_Init             0x800'2591    0x62  Code  Gb  stm32f4xx_hal_hcd.o [8]
HAL_HCD_MspInit          0x800'2d19    0x92  Code  Gb  usbh_conf.o [6]
HAL_HCD_PortDisabled_Callback
                         0x800'2dcd     0x8  Code  Gb  usbh_conf.o [6]
HAL_HCD_PortEnabled_Callback
                         0x800'2dc5     0x8  Code  Gb  usbh_conf.o [6]
HAL_HCD_ResetPort        0x800'2cef     0x6  Code  Gb  stm32f4xx_hal_hcd.o [8]
HAL_HCD_SOF_Callback     0x800'2dab     0x8  Code  Gb  usbh_conf.o [6]
HAL_HCD_Start            0x800'2ca3    0x20  Code  Gb  stm32f4xx_hal_hcd.o [8]
HAL_HCD_Stop             0x800'2cd5    0x1a  Code  Gb  stm32f4xx_hal_hcd.o [8]
HAL_IncTick              0x800'5c05    0x10  Code  Wk  stm32f4xx_hal.o [8]
HAL_Init                 0x800'43fd    0x30  Code  Gb  stm32f4xx_hal.o [8]
HAL_InitTick             0x800'4abd    0x40  Code  Wk  stm32f4xx_hal.o [8]
HAL_MspInit              0x800'1c99    0x34  Code  Gb  stm32f4xx_hal_msp.o [2]
HAL_NVIC_EnableIRQ       0x800'371f    0x16  Code  Gb  stm32f4xx_hal_cortex.o [8]
HAL_NVIC_SetPriority     0x800'36e5    0x3a  Code  Gb  stm32f4xx_hal_cortex.o [8]
HAL_NVIC_SetPriorityGrouping
                         0x800'36cb    0x1a  Code  Gb  stm32f4xx_hal_cortex.o [8]
HAL_RCC_ClockConfig      0x800'4919   0x100  Code  Gb  stm32f4xx_hal_rcc.o [8]
HAL_RCC_GetSysClockFreq
                         0x800'4bb9    0x60  Code  Wk  stm32f4xx_hal_rcc.o [8]
HAL_RCC_OscConfig        0x800'45f9   0x320  Code  Wk  stm32f4xx_hal_rcc.o [8]
HAL_SD_GetCardCSD        0x800'1a6d   0x1c6  Code  Gb  stm32f4xx_hal_sd.o [8]
HAL_SD_GetCardInfo       0x800'1c43    0x24  Code  Gb  stm32f4xx_hal_sd.o [8]
HAL_SD_GetCardState      0x800'1c6f    0x28  Code  Gb  stm32f4xx_hal_sd.o [8]
HAL_SD_Init              0x800'14d1    0x3a  Code  Gb  stm32f4xx_hal_sd.o [8]
HAL_SD_InitCard          0x800'150b   0x1ce  Code  Gb  stm32f4xx_hal_sd.o [8]
HAL_SD_MspInit           0x800'1ccd    0x96  Code  Gb  stm32f4xx_hal_msp.o [2]
HAL_SD_ReadBlocks        0x800'16e1   0x1b8  Code  Gb  stm32f4xx_hal_sd.o [8]
HAL_SD_WriteBlocks       0x800'18ab   0x18a  Code  Gb  stm32f4xx_hal_sd.o [8]
HAL_SYSTICK_Config       0x800'3735    0x22  Code  Gb  stm32f4xx_hal_cortex.o [8]
HASH_RNG_IRQHandler      0x800'5e0d          Code  Wk  startup_stm32f407xx.o [1]
HEAP$$Base              0x2000'4d00           --   Gb  - Linker created -
HEAP$$Limit             0x2000'4f00           --   Gb  - Linker created -
HardFault_Handler        0x800'5be7     0x2  Code  Gb  stm32f4xx_it.o [2]
I2C1_ER_IRQHandler       0x800'5d55          Code  Wk  startup_stm32f407xx.o [1]
I2C1_EV_IRQHandler       0x800'5d51          Code  Wk  startup_stm32f407xx.o [1]
I2C2_ER_IRQHandler       0x800'5d5d          Code  Wk  startup_stm32f407xx.o [1]
I2C2_EV_IRQHandler       0x800'5d59          Code  Wk  startup_stm32f407xx.o [1]
I2C3_ER_IRQHandler       0x800'5df5          Code  Wk  startup_stm32f407xx.o [1]
I2C3_EV_IRQHandler       0x800'5df1          Code  Wk  startup_stm32f407xx.o [1]
MX_DriverVbusFS          0x800'3e45    0x14  Code  Gb  usbh_platform.o [6]
MX_USB_HOST_Init         0x800'4431    0x36  Code  Gb  usb_host.o [5]
MX_USB_HOST_Process      0x800'4467     0x6  Code  Gb  usb_host.o [5]
MemManage_Handler        0x800'5be9     0x2  Code  Gb  stm32f4xx_it.o [2]
NMI_Handler              0x800'5be5     0x2  Code  Gb  stm32f4xx_it.o [2]
OTG_FS_IRQHandler        0x800'5bf9     0x6  Code  Gb  stm32f4xx_it.o [2]
OTG_FS_WKUP_IRQHandler   0x800'5d7d          Code  Wk  startup_stm32f407xx.o [1]
OTG_HS_EP1_IN_IRQHandler
                         0x800'5dfd          Code  Wk  startup_stm32f407xx.o [1]
OTG_HS_EP1_OUT_IRQHandler
                         0x800'5df9          Code  Wk  startup_stm32f407xx.o [1]
OTG_HS_IRQHandler        0x800'5e05          Code  Wk  startup_stm32f407xx.o [1]
OTG_HS_WKUP_IRQHandler   0x800'5e01          Code  Wk  startup_stm32f407xx.o [1]
PVD_IRQHandler           0x800'5cd9          Code  Wk  startup_stm32f407xx.o [1]
PendSV_Handler           0x800'5bf3     0x2  Code  Gb  stm32f4xx_it.o [2]
RCC_IRQHandler           0x800'5ce9          Code  Wk  startup_stm32f407xx.o [1]
RTC_Alarm_IRQHandler     0x800'5d79          Code  Wk  startup_stm32f407xx.o [1]
RTC_WKUP_IRQHandler      0x800'5ce1          Code  Wk  startup_stm32f407xx.o [1]
Region$$Table$$Base      0x800'5bc0           --   Gb  - Linker created -
Region$$Table$$Limit     0x800'5be4           --   Gb  - Linker created -
Reset_Handler            0x800'5cc1          Code  Wk  startup_stm32f407xx.o [1]
SDFatFS                 0x2000'0034  0x1034  Data  Gb  fatfs.o [3]
SDFile                  0x2000'209c  0x1030  Data  Gb  fatfs.o [3]
SDIO_ConfigData          0x800'1e01    0x26  Code  Gb  stm32f4xx_ll_sdmmc.o [8]
SDIO_GetPowerState       0x800'1dd1     0x8  Code  Gb  stm32f4xx_ll_sdmmc.o [8]
SDIO_GetResponse         0x800'1dfb     0x6  Code  Gb  stm32f4xx_ll_sdmmc.o [8]
SDIO_IRQHandler          0x800'5d99          Code  Wk  startup_stm32f407xx.o [1]
SDIO_Init                0x800'1d91    0x2a  Code  Gb  stm32f4xx_ll_sdmmc.o [8]
SDIO_PowerState_ON       0x800'1dc7     0x4  Code  Gb  stm32f4xx_ll_sdmmc.o [8]
SDIO_ReadFIFO            0x800'1dbb     0x2  Code  Gb  stm32f4xx_ll_sdmmc.o [8]
SDIO_SendCommand         0x800'1dd9    0x22  Code  Gb  stm32f4xx_ll_sdmmc.o [8]
SDIO_WriteFIFO           0x800'1dbd     0xa  Code  Gb  stm32f4xx_ll_sdmmc.o [8]
SDMMC_CmdAppCommand      0x800'1f63    0x16  Code  Gb  stm32f4xx_ll_sdmmc.o [8]
SDMMC_CmdAppOperCommand
                         0x800'1f79    0x20  Code  Gb  stm32f4xx_ll_sdmmc.o [8]
SDMMC_CmdBlockLength     0x800'1e2d    0x16  Code  Gb  stm32f4xx_ll_sdmmc.o [8]
SDMMC_CmdGoIdleState     0x800'1ef7    0x46  Code  Gb  stm32f4xx_ll_sdmmc.o [8]
SDMMC_CmdOperCond        0x800'1f3d    0x26  Code  Gb  stm32f4xx_ll_sdmmc.o [8]
SDMMC_CmdReadMultiBlock
                         0x800'1e59    0x16  Code  Gb  stm32f4xx_ll_sdmmc.o [8]
SDMMC_CmdReadSingleBlock
                         0x800'1e43    0x16  Code  Gb  stm32f4xx_ll_sdmmc.o [8]
SDMMC_CmdSelDesel        0x800'1edf    0x18  Code  Gb  stm32f4xx_ll_sdmmc.o [8]
SDMMC_CmdSendCID         0x800'1fa1    0x18  Code  Gb  stm32f4xx_ll_sdmmc.o [8]
SDMMC_CmdSendCSD         0x800'1fc5    0x10  Code  Gb  stm32f4xx_ll_sdmmc.o [8]
SDMMC_CmdSendStatus      0x800'2017    0x16  Code  Gb  stm32f4xx_ll_sdmmc.o [8]
SDMMC_CmdSetRelAdd       0x800'1fe3    0x22  Code  Gb  stm32f4xx_ll_sdmmc.o [8]
SDMMC_CmdStopTransfer    0x800'1eb5    0x18  Code  Gb  stm32f4xx_ll_sdmmc.o [8]
SDMMC_CmdWriteMultiBlock
                         0x800'1e85    0x16  Code  Gb  stm32f4xx_ll_sdmmc.o [8]
SDMMC_CmdWriteSingleBlock
                         0x800'1e6f    0x16  Code  Gb  stm32f4xx_ll_sdmmc.o [8]
SDMMC_GetCmdResp1        0x800'2057   0x104  Code  Gb  stm32f4xx_ll_sdmmc.o [8]
SDMMC_GetCmdResp2        0x800'215b    0x40  Code  Gb  stm32f4xx_ll_sdmmc.o [8]
SDMMC_GetCmdResp3        0x800'219b    0x3a  Code  Gb  stm32f4xx_ll_sdmmc.o [8]
SDMMC_GetCmdResp6        0x800'21e3    0x72  Code  Gb  stm32f4xx_ll_sdmmc.o [8]
SDMMC_GetCmdResp7        0x800'226d    0x4c  Code  Gb  stm32f4xx_ll_sdmmc.o [8]
SDPath                  0x2000'48d8     0x4  Data  Gb  fatfs.o [3]
SD_CheckStatus           0x800'593d    0x1a  Code  Lc  sd_diskio.o [4]
SD_Driver                0x800'5c98    0x14  Data  Gb  sd_diskio.o [4]
SD_initialize            0x800'5957    0x1c  Code  Gb  sd_diskio.o [4]
SD_ioctl                 0x800'59a9    0x4a  Code  Gb  sd_diskio.o [4]
SD_read                  0x800'5975    0x12  Code  Gb  sd_diskio.o [4]
SD_status                0x800'5973     0x2  Code  Gb  sd_diskio.o [4]
SD_write                 0x800'5987    0x10  Code  Gb  sd_diskio.o [4]
SPI1_IRQHandler          0x800'5d61          Code  Wk  startup_stm32f407xx.o [1]
SPI2_IRQHandler          0x800'5d65          Code  Wk  startup_stm32f407xx.o [1]
SPI3_IRQHandler          0x800'5da1          Code  Wk  startup_stm32f407xx.o [1]
SVC_Handler              0x800'5bef     0x2  Code  Gb  stm32f4xx_it.o [2]
Stat                    0x2000'0030     0x1  Data  Lc  sd_diskio.o [4]
SysTick_Handler          0x800'5bf5     0x4  Code  Gb  stm32f4xx_it.o [2]
SystemClock_Config       0x800'3d4b    0xa0  Code  Gb  main.o [2]
SystemCoreClock         0x2000'000c     0x4  Data  Gb  system_stm32f4xx.o [7]
SystemInit               0x800'5c15     0xc  Code  Gb  system_stm32f4xx.o [7]
TAMP_STAMP_IRQHandler    0x800'5cdd          Code  Wk  startup_stm32f407xx.o [1]
TIM1_BRK_TIM9_IRQHandler
                         0x800'5d35          Code  Wk  startup_stm32f407xx.o [1]
TIM1_CC_IRQHandler       0x800'5d41          Code  Wk  startup_stm32f407xx.o [1]
TIM1_TRG_COM_TIM11_IRQHandler
                         0x800'5d3d          Code  Wk  startup_stm32f407xx.o [1]
TIM1_UP_TIM10_IRQHandler
                         0x800'5d39          Code  Wk  startup_stm32f407xx.o [1]
TIM2_IRQHandler          0x800'5d45          Code  Wk  startup_stm32f407xx.o [1]
TIM3_IRQHandler          0x800'5d49          Code  Wk  startup_stm32f407xx.o [1]
TIM4_IRQHandler          0x800'5d4d          Code  Wk  startup_stm32f407xx.o [1]
TIM5_IRQHandler          0x800'5d9d          Code  Wk  startup_stm32f407xx.o [1]
TIM6_DAC_IRQHandler      0x800'5dad          Code  Wk  startup_stm32f407xx.o [1]
TIM7_IRQHandler          0x800'5db1          Code  Wk  startup_stm32f407xx.o [1]
TIM8_BRK_TIM12_IRQHandler
                         0x800'5d81          Code  Wk  startup_stm32f407xx.o [1]
TIM8_CC_IRQHandler       0x800'5d8d          Code  Wk  startup_stm32f407xx.o [1]
TIM8_TRG_COM_TIM14_IRQHandler
                         0x800'5d89          Code  Wk  startup_stm32f407xx.o [1]
TIM8_UP_TIM13_IRQHandler
                         0x800'5d85          Code  Wk  startup_stm32f407xx.o [1]
UART4_IRQHandler         0x800'5da5          Code  Wk  startup_stm32f407xx.o [1]
UART5_IRQHandler         0x800'5da9          Code  Wk  startup_stm32f407xx.o [1]
USART1_IRQHandler        0x800'5d69          Code  Wk  startup_stm32f407xx.o [1]
USART2_IRQHandler        0x800'5d6d          Code  Wk  startup_stm32f407xx.o [1]
USART3_IRQHandler        0x800'5d71          Code  Wk  startup_stm32f407xx.o [1]
USART6_IRQHandler        0x800'5ded          Code  Wk  startup_stm32f407xx.o [1]
USBHFatFS               0x2000'1068  0x1034  Data  Gb  fatfs.o [3]
USBHFile                0x2000'30cc  0x1030  Data  Gb  fatfs.o [3]
USBHPath                0x2000'48dc     0x4  Data  Gb  fatfs.o [3]
USBH_AllocPipe           0x800'3eb1    0x30  Code  Gb  usbh_pipes.o [10]
USBH_BulkReceiveData     0x800'4a95     0x8  Code  Gb  usbh_ioreq.o [10]
USBH_BulkSendData        0x800'4a65     0xa  Code  Gb  usbh_ioreq.o [10]
USBH_ClosePipe           0x800'3ea7     0xa  Code  Gb  usbh_pipes.o [10]
USBH_ClrFeature          0x800'4229    0x16  Code  Gb  usbh_ctlreq.o [10]
USBH_CtlReceiveData      0x800'4a5b     0xa  Code  Gb  usbh_ioreq.o [10]
USBH_CtlReq              0x800'424d   0x1a6  Code  Gb  usbh_ctlreq.o [10]
USBH_CtlSendData         0x800'4a4f     0xc  Code  Gb  usbh_ioreq.o [10]
USBH_CtlSendSetup        0x800'4a39    0x16  Code  Gb  usbh_ioreq.o [10]
USBH_Delay               0x800'2f29     0x4  Code  Gb  usbh_conf.o [6]
USBH_Driver              0x800'5cac    0x14  Data  Gb  usbh_diskio.o [4]
USBH_FindInterface       0x800'3835    0x40  Code  Gb  usbh_core.o [10]
USBH_FreePipe            0x800'3ee1    0x18  Code  Gb  usbh_pipes.o [10]
USBH_GetDescriptor       0x800'41ad    0x36  Code  Gb  usbh_ctlreq.o [10]
USBH_GetNextDesc         0x800'423f     0xe  Code  Gb  usbh_ctlreq.o [10]
USBH_Get_CfgDesc         0x800'3f7f   0x1e2  Code  Gb  usbh_ctlreq.o [10]
USBH_Get_DevDesc         0x800'3ef9    0x86  Code  Gb  usbh_ctlreq.o [10]
USBH_Get_StringDesc      0x800'4161    0x4c  Code  Gb  usbh_ctlreq.o [10]
USBH_Get_USB_Status      0x800'2f2d    0x12  Code  Gb  usbh_conf.o [6]
USBH_Init                0x800'3775    0x40  Code  Gb  usbh_core.o [10]
USBH_LL_ClosePipe        0x800'2e9f     0xc  Code  Gb  usbh_conf.o [6]
USBH_LL_Connect          0x800'3c0f    0x14  Code  Gb  usbh_core.o [10]
USBH_LL_Disconnect       0x800'3c23    0x12  Code  Gb  usbh_core.o [10]
USBH_LL_DriverVBUS       0x800'2edd    0x1a  Code  Gb  usbh_conf.o [6]
USBH_LL_GetLastXferSize
                         0x800'2e75     0x8  Code  Gb  usbh_conf.o [6]
USBH_LL_GetSpeed         0x800'2e4d    0x1c  Code  Gb  usbh_conf.o [6]
USBH_LL_GetToggle        0x800'2f11    0x18  Code  Gb  usbh_conf.o [6]
USBH_LL_GetURBState      0x800'2ed5     0x8  Code  Gb  usbh_conf.o [6]
USBH_LL_IncTimer         0x800'3be7    0x1c  Code  Gb  usbh_core.o [10]
USBH_LL_Init             0x800'2dd5    0x4c  Code  Gb  usbh_conf.o [6]
USBH_LL_OpenPipe         0x800'2e7d    0x22  Code  Gb  usbh_conf.o [6]
USBH_LL_PortDisabled     0x800'3c07     0x2  Code  Gb  usbh_core.o [10]
USBH_LL_PortEnabled      0x800'3c03     0x4  Code  Gb  usbh_core.o [10]
USBH_LL_ResetPort        0x800'2e69     0xc  Code  Gb  usbh_conf.o [6]
USBH_LL_SetTimer         0x800'3be1     0x6  Code  Gb  usbh_core.o [10]
USBH_LL_SetToggle        0x800'2ef7    0x1a  Code  Gb  usbh_conf.o [6]
USBH_LL_Start            0x800'2e31     0xa  Code  Gb  usbh_conf.o [6]
USBH_LL_Stop             0x800'2e41     0xc  Code  Gb  usbh_conf.o [6]
USBH_LL_SubmitURB        0x800'2eab    0x2a  Code  Gb  usbh_conf.o [6]
USBH_MSC_BOT_Abort       0x800'553f    0x22  Code  Lc  usbh_msc_bot.o [10]
USBH_MSC_BOT_Init        0x800'5379    0x1a  Code  Gb  usbh_msc_bot.o [10]
USBH_MSC_BOT_Process     0x800'5395   0x186  Code  Gb  usbh_msc_bot.o [10]
USBH_MSC_BOT_REQ_GetMaxLUN
                         0x800'5363    0x16  Code  Gb  usbh_msc_bot.o [10]
USBH_MSC_BOT_REQ_Reset   0x800'534d    0x16  Code  Gb  usbh_msc_bot.o [10]
USBH_MSC_ClassRequest    0x800'4e67    0x6e  Code  Lc  usbh_msc.o [10]
USBH_MSC_GetLUNInfo      0x800'5103    0x2a  Code  Gb  usbh_msc.o [10]
USBH_MSC_InterfaceDeInit
                         0x800'4e19    0x4e  Code  Lc  usbh_msc.o [10]
USBH_MSC_InterfaceInit   0x800'4d25    0xe4  Code  Lc  usbh_msc.o [10]
USBH_MSC_Process         0x800'4ed5   0x188  Code  Lc  usbh_msc.o [10]
USBH_MSC_RdWrProcess     0x800'506f    0x72  Code  Lc  usbh_msc.o [10]
USBH_MSC_Read            0x800'512d    0x50  Code  Gb  usbh_msc.o [10]
USBH_MSC_SCSI_Inquiry    0x800'5619    0xbe  Code  Gb  usbh_msc_scsi.o [10]
USBH_MSC_SCSI_Read       0x800'579b    0x2a  Code  Gb  usbh_msc_scsi.o [10]
USBH_MSC_SCSI_ReadCapacity
                         0x800'55ad    0x6c  Code  Gb  usbh_msc_scsi.o [10]
USBH_MSC_SCSI_RequestSense
                         0x800'56e3    0x80  Code  Gb  usbh_msc_scsi.o [10]
USBH_MSC_SCSI_TestUnitReady
                         0x800'5565    0x48  Code  Gb  usbh_msc_scsi.o [10]
USBH_MSC_SCSI_Write      0x800'5763    0x2a  Code  Gb  usbh_msc_scsi.o [10]
USBH_MSC_SOFProcess      0x800'506b     0x4  Code  Lc  usbh_msc.o [10]
USBH_MSC_UnitIsReady     0x800'50e1    0x22  Code  Gb  usbh_msc.o [10]
USBH_MSC_Write           0x800'517d    0x50  Code  Gb  usbh_msc.o [10]
USBH_OpenPipe            0x800'3e8b    0x1c  Code  Gb  usbh_pipes.o [10]
USBH_Process             0x800'3889   0x32c  Code  Gb  usbh_core.o [10]
USBH_RegisterClass       0x800'37fb    0x22  Code  Gb  usbh_core.o [10]
USBH_SelectInterface     0x800'381d    0x18  Code  Gb  usbh_core.o [10]
USBH_SetAddress          0x800'41e3    0x16  Code  Gb  usbh_ctlreq.o [10]
USBH_SetCfg              0x800'41f9    0x14  Code  Gb  usbh_ctlreq.o [10]
USBH_SetFeature          0x800'4213    0x16  Code  Gb  usbh_ctlreq.o [10]
USBH_Start               0x800'3875    0x14  Code  Gb  usbh_core.o [10]
USBH_UserProcess         0x800'446d    0x3a  Code  Lc  usb_host.o [5]
USBH_initialize          0x800'5855     0x4  Code  Gb  usbh_diskio.o [4]
USBH_ioctl               0x800'58e9    0x48  Code  Gb  usbh_diskio.o [4]
USBH_msc                0x2000'0010    0x20  Data  Gb  usbh_msc.o [10]
USBH_read                0x800'586d    0x2a  Code  Gb  usbh_diskio.o [4]
USBH_status              0x800'5859    0x14  Code  Gb  usbh_diskio.o [4]
USBH_write               0x800'5897    0x34  Code  Gb  usbh_diskio.o [4]
USB_CoreInit             0x800'2f41    0x78  Code  Gb  stm32f4xx_ll_usb.o [8]
USB_CoreReset            0x800'3127    0x46  Code  Lc  stm32f4xx_ll_usb.o [8]
USB_DisableGlobalInt     0x800'2fc1     0x6  Code  Gb  stm32f4xx_ll_usb.o [8]
USB_DoPing               0x800'35dd    0x18  Code  Gb  stm32f4xx_ll_usb.o [8]
USB_DriveVbus            0x800'32b9    0x40  Code  Gb  stm32f4xx_ll_usb.o [8]
USB_EnableGlobalInt      0x800'2fb9     0x8  Code  Gb  stm32f4xx_ll_usb.o [8]
USB_FlushRxFifo          0x800'3069    0x42  Code  Gb  stm32f4xx_ll_usb.o [8]
USB_FlushTxFifo          0x800'3025    0x44  Code  Gb  stm32f4xx_ll_usb.o [8]
USB_GetCurrentFrame      0x800'3311     0xa  Code  Gb  stm32f4xx_ll_usb.o [8]
USB_GetHostSpeed         0x800'32f9    0x18  Code  Gb  stm32f4xx_ll_usb.o [8]
USB_GetMode              0x800'311f     0x8  Code  Gb  stm32f4xx_ll_usb.o [8]
USB_HC_Halt              0x800'3559    0x84  Code  Gb  stm32f4xx_ll_usb.o [8]
USB_HC_Init              0x800'331d   0x102  Code  Gb  stm32f4xx_ll_usb.o [8]
USB_HC_ReadInterrupt     0x800'354f     0xa  Code  Gb  stm32f4xx_ll_usb.o [8]
USB_HC_StartXfer         0x800'3421   0x12e  Code  Gb  stm32f4xx_ll_usb.o [8]
USB_HostInit             0x800'316d    0xc0  Code  Gb  stm32f4xx_ll_usb.o [8]
USB_InitFSLSPClkSel      0x800'3253    0x30  Code  Gb  stm32f4xx_ll_usb.o [8]
USB_ReadInterrupts       0x800'3115     0xa  Code  Gb  stm32f4xx_ll_usb.o [8]
USB_ReadPacket           0x800'30cf    0x40  Code  Gb  stm32f4xx_ll_usb.o [8]
USB_ResetPort            0x800'3283    0x36  Code  Gb  stm32f4xx_ll_usb.o [8]
USB_SetCurrentMode       0x800'2fcd    0x58  Code  Gb  stm32f4xx_ll_usb.o [8]
USB_StopHost             0x800'3615    0x88  Code  Gb  stm32f4xx_ll_usb.o [8]
USB_WritePacket          0x800'30ab    0x24  Code  Gb  stm32f4xx_ll_usb.o [8]
UsageFault_Handler       0x800'5bed     0x2  Code  Gb  stm32f4xx_it.o [2]
WWDG_IRQHandler          0x800'5cd5          Code  Wk  startup_stm32f407xx.o [1]
__NVIC_SetPriority       0x800'36b1    0x1a  Code  Lc  stm32f4xx_hal_cortex.o [8]
__aeabi_ldiv0            0x800'4d21          Code  Gb  I64DivZer.o [13]
__aeabi_memclr           0x800'584d          Code  Gb  ABImemclr.o [13]
__aeabi_memclr4          0x800'36a9          Code  Gb  ABImemclr4.o [13]
__aeabi_memset           0x800'2529          Code  Gb  ABImemset.o [13]
__basic_free             0x800'52bd    0x16  Code  Gb  heap0.o [11]
__basic_free_intern      0x800'52d3    0x74  Code  Lc  heap0.o [11]
__basic_malloc           0x800'5211    0x18  Code  Gb  heap0.o [11]
__basic_malloc_intern    0x800'5229    0x94  Code  Lc  heap0.o [11]
__cmain                  0x800'5c35          Code  Gb  cmain.o [13]
__data_GetMemChunk       0x800'5821    0x2c  Code  Gb  xgetmemchunk.o [11]
__data_GetMemChunk::start
                        0x2000'48f4     0x4  Data  Lc  xgetmemchunk.o [11]
__exit                   0x800'5c69    0x14  Code  Gb  exit.o [14]
__iar_Memset             0x800'2529          Code  Gb  ABImemset.o [13]
__iar_Memset4_word       0x800'3e59          Code  Gb  ABImemset48.o [13]
__iar_Memset8_word       0x800'3e59          Code  Gb  ABImemset48.o [13]
__iar_Memset_word        0x800'2531          Code  Gb  ABImemset.o [13]
__iar_copy_init3         0x800'1423    0x2a  Code  Gb  copy_init3.o [13]
__iar_data_init3         0x800'5b75    0x28  Code  Gb  data_init.o [13]
__iar_init_vfp           0x800'5b9d          Code  Gb  fpinit_M.o [12]
__iar_program_start      0x800'5c7d          Code  Gb  cstartup_M.o [13]
__iar_small_Memcpy       0x800'1d7d          Code  Gb  ABImemcpy_small.o [13]
__iar_small_memcpy       0x800'1d79          Code  Gb  ABImemcpy_small.o [13]
__iar_small_memcpy4      0x800'1d79          Code  Gb  ABImemcpy_small.o [13]
__iar_small_memcpy8      0x800'1d79          Code  Gb  ABImemcpy_small.o [13]
__iar_small_strlen       0x800'4ba5          Code  Gb  strlen_small.o [13]
__iar_small_uldivmod     0x800'4c19          Code  Gb  I64DivMod_small.o [13]
__iar_zero_init3         0x800'5b09    0x38  Code  Gb  zero_init3.o [13]
__low_level_init         0x800'5c53     0x4  Code  Gb  low_level_init.o [11]
__vector_table           0x800'0000          Data  Gb  startup_stm32f407xx.o [1]
_call_main               0x800'5c41          Code  Gb  cmain.o [13]
_exit                    0x800'5c5d          Code  Gb  cexit.o [13]
check_fs                 0x800'0b93    0x6c  Code  Lc  ff.o [9]
chk_lock                 0x800'01d7    0x5a  Code  Lc  ff.o [9]
clear_lock               0x800'02db    0x1c  Code  Lc  ff.o [9]
clmt_clust               0x800'0711    0x2e  Code  Lc  ff.o [9]
clust2sect               0x800'03f5    0x1a  Code  Lc  ff.o [9]
create_chain             0x800'0667    0xa4  Code  Lc  ff.o [9]
dec_lock                 0x800'02a5    0x36  Code  Lc  ff.o [9]
dir_next                 0x800'07cd    0xe4  Code  Lc  ff.o [9]
dir_register             0x800'0903    0x72  Code  Lc  ff.o [9]
dir_sdi                  0x800'073f    0x8e  Code  Lc  ff.o [9]
disk                    0x2000'48c4    0x10  Data  Gb  ff_gen_drv.o [9]
disk_initialize          0x800'145f    0x26  Code  Gb  diskio.o [9]
disk_ioctl               0x800'14ad    0x1a  Code  Gb  diskio.o [9]
disk_read                0x800'1485     0xc  Code  Gb  diskio.o [9]
disk_status              0x800'144d    0x12  Code  Gb  diskio.o [9]
disk_write               0x800'1491     0xc  Code  Gb  diskio.o [9]
exit                     0x800'5c57     0x4  Code  Gb  exit.o [11]
f_close                  0x800'1393    0x28  Code  Gb  ff.o [9]
f_mount                  0x800'0ec7    0x58  Code  Gb  ff.o [9]
f_open                   0x800'0f29   0x20e  Code  Gb  ff.o [9]
f_stat                   0x800'13d5    0x3c  Code  Gb  ff.o [9]
f_sync                   0x800'1307    0x7c  Code  Gb  ff.o [9]
f_write                  0x800'115f   0x180  Code  Gb  ff.o [9]
find_volume              0x800'0c05   0x280  Code  Lc  ff.o [9]
follow_path              0x800'09d9   0x166  Code  Lc  ff.o [9]
free                     0x800'5561     0x4  Code  Gb  heaptramp0.o [11]
get_fat                  0x800'040f    0xb0  Code  Lc  ff.o [9]
get_fattime              0x800'14cd     0x4  Code  Gb  fatfs.o [3]
get_fileinfo             0x800'0975    0x64  Code  Lc  ff.o [9]
get_ldnumber             0x800'0b51    0x42  Code  Lc  ff.o [9]
hUsbHostFS              0x2000'40fc   0x3d8  Data  Gb  usb_host.o [5]
hhcd_USB_OTG_FS         0x2000'44d4   0x304  Data  Gb  usbh_conf.o [6]
hsd                     0x2000'47d8    0x84  Data  Gb  main.o [2]
inc_lock                 0x800'0231    0x74  Code  Lc  ff.o [9]
ld_clust                 0x800'08b7    0x26  Code  Lc  ff.o [9]
ld_dword                 0x800'018f    0x10  Code  Lc  ff.o [9]
ld_word                  0x800'0189     0x6  Code  Lc  ff.o [9]
main                     0x800'3c51    0xfa  Code  Gb  main.o [2]
mem_cpy                  0x800'01bd    0x10  Code  Lc  ff.o [9]
mem_set                  0x800'01cd     0xa  Code  Lc  ff.o [9]
memset                   0x800'2309    0x14  Code  Gb  memset.o [13]
mount_sd                 0x800'4551     0xa  Code  Gb  SDFileHandling.o [2]
mount_usb                0x800'4afd     0xa  Code  Gb  USBFileHandling.o [2]
move_window              0x800'033d    0x34  Code  Lc  ff.o [9]
put_fat                  0x800'04cf   0x10c  Code  Lc  ff.o [9]
remove_chain             0x800'05fb    0x6c  Code  Lc  ff.o [9]
retSD                   0x2000'48d4     0x1  Data  Gb  fatfs.o [3]
retUSBH                 0x2000'48d5     0x1  Data  Gb  fatfs.o [3]
sd_br                   0x2000'4878     0x4  Data  Gb  SDFileHandling.o [2]
sd_bw                   0x2000'487c     0x4  Data  Gb  SDFileHandling.o [2]
sd_create_file           0x800'456d    0x28  Code  Gb  SDFileHandling.o [2]
sd_fresult              0x2000'485c     0x1  Data  Gb  SDFileHandling.o [2]
sd_update_file           0x800'459f    0x30  Code  Gb  SDFileHandling.o [2]
sdinfo                  0x2000'4860    0x18  Data  Gb  SDFileHandling.o [2]
st_clust                 0x800'08dd    0x26  Code  Lc  ff.o [9]
st_dword                 0x800'01ad    0x10  Code  Lc  ff.o [9]
st_word                  0x800'01a5     0x8  Code  Lc  ff.o [9]
sync_fs                  0x800'0371    0x84  Code  Lc  ff.o [9]
sync_window              0x800'02f7    0x38  Code  Lc  ff.o [9]
unmount_sd               0x800'455b     0x8  Code  Gb  SDFileHandling.o [2]
unmount_usb              0x800'4b07     0x8  Code  Gb  USBFileHandling.o [2]
usb_br                  0x2000'489c     0x4  Data  Gb  USBFileHandling.o [2]
usb_bw                  0x2000'48a0     0x4  Data  Gb  USBFileHandling.o [2]
usb_create_file          0x800'4b19    0x28  Code  Gb  USBFileHandling.o [2]
usb_fresult             0x2000'4880     0x1  Data  Gb  USBFileHandling.o [2]
usb_update_file          0x800'4b41    0x30  Code  Gb  USBFileHandling.o [2]
usbhinfo                0x2000'4884    0x18  Data  Gb  USBFileHandling.o [2]
uwTick                  0x2000'0004     0x4  Data  Gb  stm32f4xx_hal.o [8]
uwTickFreq              0x2000'0000     0x1  Data  Gb  stm32f4xx_hal.o [8]
uwTickPrio              0x2000'0008     0x4  Data  Gb  stm32f4xx_hal.o [8]
validate                 0x800'0e91    0x36  Code  Lc  ff.o [9]


[1] = D:\MicroController\USB_SD\EWARM\USB_SD\Obj\Application\EWARM
[2] = D:\MicroController\USB_SD\EWARM\USB_SD\Obj\Application\User\Core
[3] = D:\MicroController\USB_SD\EWARM\USB_SD\Obj\Application\User\FATFS\App
[4] = D:\MicroController\USB_SD\EWARM\USB_SD\Obj\Application\User\FATFS\Target
[5] = D:\MicroController\USB_SD\EWARM\USB_SD\Obj\Application\User\USB_HOST\App
[6] = D:\MicroController\USB_SD\EWARM\USB_SD\Obj\Application\User\USB_HOST\Target
[7] = D:\MicroController\USB_SD\EWARM\USB_SD\Obj\Drivers\CMSIS
[8] = D:\MicroController\USB_SD\EWARM\USB_SD\Obj\Drivers\STM32F4xx_HAL_Driver
[9] = D:\MicroController\USB_SD\EWARM\USB_SD\Obj\Middlewares\FatFs
[10] = D:\MicroController\USB_SD\EWARM\USB_SD\Obj\Middlewares\USB_Host_Library
[11] = dl7M_tlf.a
[12] = m7M_tls.a
[13] = rt7M_tl.a
[14] = shb_l.a

  23'822 bytes of readonly  code memory
     262 bytes of readonly  data memory
  20'214 bytes of readwrite data memory

Errors: none
Warnings: none
